chain jobs 4 workers 3 foreign []
E L N=1000 tw=True: P(C,C) 1.0000 pi(D) 0.0000 pi(coop) 1.0000 top if(or(CHK(me,me,D),CHK(me,them,D)),D,C):1.000 (0.144) exit 1.34e-36 [n 0.00e+00 s 0.00e+00] states 3115 cut 3.9e-03 (989s)
E L N=10000 tw=True: P(C,C) 1.0000 pi(D) 0.0000 pi(coop) 1.0000 top if(or(CHK(me,me,D),CHK(me,them,D)),D,C):1.000 (0.144) exit 0.00e+00 [n 0.00e+00 s 0.00e+00] states 3115 cut 0.0e+00 (1757s)
E Leq N=10000 tw=True: P(C,C) 1.0000 pi(D) 0.0000 pi(coop) 1.0000 top if(or(CHK_5(me,me,D),CHK_5(me,them,D)),D,C):1.000 (0.091) exit 0.00e+00 [n 0.00e+00 s 0.00e+00] states 3115 cut 0.0e+00 (1754s)
E Leq N=1000 tw=True: P(C,C) 1.0000 pi(D) 0.0000 pi(coop) 1.0000 top if(or(CHK_5(me,me,D),CHK_5(me,them,D)),D,C):1.000 (0.091) exit 1.32e-36 [n 0.00e+00 s 0.00e+00] states 3115 cut 3.8e-03 (910s)
roken pipe

During handling of the above exception, another exception occurred:

Traceback (most recent call last):
  File "/Users/jstav/anaconda3/lib/python3.11/multiprocessing/process.py", line 314, in _bootstrap
    self.run()
  File "/Users/jstav/anaconda3/lib/python3.11/multiprocessing/process.py", line 108, in run
    self._target(*self._args, **self._kwargs)
  File "/Users/jstav/anaconda3/lib/python3.11/multiprocessing/pool.py", line 136, in worker
    put((job, i, (False, wrapped)))
  File "/Users/jstav/anaconda3/lib/python3.11/multiprocessing/queues.py", line 377, in put
    self._writer.send_bytes(obj)
  File "/Users/jstav/anaconda3/lib/python3.11/multiprocessing/connection.py", line 199, in send_bytes
    self._send_bytes(m[offset:offset + size])
  File "/Users/jstav/anaconda3/lib/python3.11/multiprocessing/connection.py", line 410, in _send_bytes
    self._send(header + buf)
  File "/Users/jstav/anaconda3/lib/python3.11/multiprocessing/connection.py", line 367, in _send
    n = write(self._handle, buf)
        ^^^^^^^^^^^^^^^^^^^^^^^^
BrokenPipeError: [Errno 32] Broken pipe
/Users/jstav/anaconda3/lib/python3.11/multiprocessing/resource_tracker.py:224: UserWarning: resource_tracker: There appear to be 6 leaked semaphore objects to clean up at shutdown
  warnings.warn('resource_tracker: There appear to be %d '
