lottery jobs 80 workers 1
E L rep 0: E1 censored@-1 E2 censored@-1 E3 success@270 estab 30 pcc 0.975 top [('CB', 4964), ('if(CHK(me,them,D),if(CHK(me,me,D),D,D),C)', 791)] (3s)
E L rep 1: E1 censored@-1 E2 censored@-1 E3 success@260 estab 30 pcc 1.000 top [('if(CHK(them,me,C),if(CHK(them,^D,D),C,C),D)', 2665), ('if(or(CHK_5(them,^C,C),CHK(them,me,C)),C,D)', 2157)] (1s)
E L rep 2: E1 censored@-1 E2 censored@-1 E3 success@250 estab 20 pcc 1.000 top [('if(or(CHK(them,them,C),CHK_5(them,me,C)),C,D)', 5249), ('if(CHK_5(them,me,C),if(CHK(them,them,C),D,C),D)', 1151)] (1s)
E L rep 3: E1 censored@-1 E2 censored@-1 E3 success@250 estab 50 pcc 1.000 top [('CB', 5664), ('if(and(CHK_5(them,^D,D),CHK(them,me,C)),C,D)', 736)] (1s)
E L rep 4: E1 censored@-1 E2 censored@-1 E3 success@300 estab 40 pcc 0.983 top [('if(and(CHK(me,^D,D),CHK_5(them,me,C)),C,D)', 5690), ('if(CHK(them,me,C),if(CHK_5(them,^D,C),C,C),D)', 607)] (1s)
E L rep 5: E1 success@280 E2 success@280 E3 success@280 estab 50 pcc 1.000 top [('CB', 6400)] (0s)
E L rep 6: E1 censored@-1 E2 censored@-1 E3 success@240 estab 20 pcc 0.967 top [('CB', 3799), ('if(and(CHK(me,^D,D),CHK_5(them,me,C)),C,D)', 2575)] (1s)
E L rep 7: E1 censored@-1 E2 censored@-1 E3 success@300 estab 40 pcc 1.000 top [('if(CHK(them,me,C),if(CHK_5(them,^D,C),D,C),D)', 5021), ('if(CHK(them,me,C),C,if(CHK(them,me,D),D,D))', 1379)] (1s)
E L rep 8: E1 censored@-1 E2 censored@-1 E3 success@250 estab 20 pcc 0.996 top [('if(and(CHK(them,^C,D),CHK(them,me,C)),C,D)', 4198), ('CB', 1913)] (1s)
E L rep 9: E1 censored@-1 E2 censored@-1 E3 success@240 estab 30 pcc 0.929 top [('if(or(CHK(them,me,C),CHK(me,^D,D)),C,D)', 1865), ('if(CHK(me,them,D),if(CHK_5(them,them,C),C,D),C)', 1075)] (1s)
E L rep 10: E1 censored@-1 E2 censored@-1 E3 success@310 estab 30 pcc 0.981 top [('if(or(CHK(me,me,D),CHK(me,them,D)),D,C)', 5516), ('if(CHK(me,them,D),if(CHK_5(them,them,C),C,D),C)', 884)] (1s)
E L rep 11: E1 censored@-1 E2 censored@-1 E3 success@260 estab 30 pcc 0.963 top [('CB', 3404), ('if(or(CHK(me,^D,D),CHK_5(them,me,C)),C,D)', 2088)] (1s)
E L rep 12: E1 censored@-1 E2 censored@-1 E3 success@340 estab 30 pcc 0.991 top [('if(or(CHK(them,me,C),CHK_5(them,me,C)),C,D)', 4699), ('if(CHK(them,^D,C),D,if(CHK(them,me,C),C,D))', 967)] (1s)
E L rep 13: E1 censored@-1 E2 censored@-1 E3 success@260 estab 30 pcc 0.995 top [('if(and(CHK(me,^D,D),CHK(them,me,C)),C,D)', 4466), ('if(or(CHK(them,me,C),CHK(me,^D,D)),C,D)', 963)] (1s)
E L rep 14: E1 censored@-1 E2 censored@-1 E3 success@240 estab 30 pcc 0.994 top [('if(CHK(them,them,D),D,if(CHK(them,me,C),C,D))', 4119), ('CB', 1275)] (1s)
E L rep 15: E1 censored@-1 E2 censored@-1 E3 success@300 estab 30 pcc 0.970 top [('if(or(CHK(me,them,D),CHK(them,me,C)),C,D)', 3893), ('if(CHK_5(them,me,C),C,D)', 1411)] (1s)
E L rep 16: E1 censored@-1 E2 censored@-1 E3 success@180 estab 30 pcc 0.972 top [('if(CHK(them,me,C),if(CHK(them,^C,C),C,C),D)', 3398), ('if(CHK_5(them,me,C),C,D)', 1440)] (1s)
E L rep 17: E1 censored@-1 E2 censored@-1 E3 success@360 estab 50 pcc 0.940 top [('if(or(CHK(me,me,D),CHK(me,them,D)),D,C)', 2731), ('if(CHK_5(them,me,C),C,D)', 2297)] (1s)
E L rep 18: E1 censored@-1 E2 censored@-1 E3 success@230 estab 30 pcc 0.948 top [('CB', 2051), ('if(CHK(them,me,C),if(CHK(them,^C,C),D,C),D)', 1825)] (1s)
E L rep 19: E1 censored@-1 E2 censored@-1 E3 success@280 estab 40 pcc 0.957 top [('if(CHK_5(them,me,C),C,D)', 3780), ('if(CHK(them,me,C),if(CHK_5(them,me,C),C,C),D)', 999)] (1s)
E L rep 20: E1 censored@-1 E2 censored@-1 E3 success@250 estab 30 pcc 0.990 top [('CB', 5793), ('if(and(CHK_5(them,me,C),CHK(them,^D,D)),C,D)', 319)] (1s)
E L rep 21: E1 censored@-1 E2 censored@-1 E3 success@270 estab 30 pcc 1.000 top [('if(or(CHK_5(them,me,C),CHK(them,them,C)),C,D)', 3903), ('if(CHK(them,me,C),C,if(CHK(them,me,D),D,D))', 2497)] (1s)
E L rep 22: E1 censored@-1 E2 censored@-1 E3 success@310 estab 30 pcc 0.934 top [('if(CHK_5(them,me,C),C,D)', 3804), ('if(and(CHK(them,me,C),CHK(them,^D,D)),C,D)', 1404)] (1s)
E L rep 23: E1 censored@-1 E2 censored@-1 E3 success@300 estab 20 pcc 0.950 top [('CB', 2778), ('if(CHK(them,me,C),if(CHK(them,^C,C),D,C),D)', 1463)] (1s)
E L rep 24: E1 censored@-1 E2 censored@-1 E3 success@240 estab 30 pcc 0.990 top [('if(or(CHK_5(them,me,C),CHK(them,them,C)),C,D)', 5359), ('if(or(CHK(them,me,C),CHK(me,^C,D)),C,D)', 851)] (1s)
E L rep 25: E1 censored@-1 E2 censored@-1 E3 success@280 estab 20 pcc 1.000 top [('if(CHK(them,^C,C),D,if(CHK(them,me,C),C,D))', 6223), ('if(CHK(them,me,C),if(CHK_5(them,me,C),D,C),D)', 177)] (1s)
E L rep 26: E1 censored@-1 E2 censored@-1 E3 success@230 estab 30 pcc 0.966 top [('if(CHK_5(them,me,C),if(CHK(them,them,C),D,C),D)', 2149), ('if(CHK_5(them,me,C),C,D)', 2002)] (1s)
E L rep 27: E1 censored@-1 E2 censored@-1 E3 success@230 estab 20 pcc 0.984 top [('if(CHK(them,me,C),C,if(CHK(me,them,D),D,C))', 2851), ('CB', 2435)] (1s)
E L rep 28: E1 success@670 E2 success@670 E3 success@300 estab 40 pcc 1.000 top [('CB', 6400)] (0s)
E L rep 29: E1 censored@-1 E2 censored@-1 E3 success@270 estab 30 pcc 0.967 top [('if(CHK_5(them,me,C),if(CHK(them,me,C),C,C),D)', 4205), ('if(or(CHK(them,me,C),CHK(me,^C,D)),C,D)', 1341)] (1s)
E L rep 30: E1 censored@-1 E2 censored@-1 E3 success@330 estab 30 pcc 0.942 top [('if(or(CHK(me,them,D),CHK(them,me,C)),C,D)', 1727), ('if(CHK(me,them,D),if(CHK(me,me,D),D,D),C)', 1583)] (1s)
E L rep 31: E1 censored@-1 E2 censored@-1 E3 success@250 estab 20 pcc 0.970 top [('if(or(CHK(me,me,D),not(CHK(me,them,D))),C,D)', 4892), ('if(CHK_5(them,me,C),C,D)', 906)] (1s)
E L rep 32: E1 censored@-1 E2 censored@-1 E3 success@290 estab 50 pcc 1.000 top [('CB', 5405), ('if(CHK(me,them,D),if(CHK(them,them,C),C,D),C)', 995)] (1s)
E L rep 33: E1 censored@-1 E2 censored@-1 E3 success@280 estab 20 pcc 0.962 top [('if(or(CHK(me,them,D),CHK(them,me,C)),C,D)', 2494), ('CB', 1668)] (1s)
E L rep 34: E1 censored@-1 E2 censored@-1 E3 success@340 estab 30 pcc 0.998 top [('if(CHK(them,^D,C),D,if(CHK_5(them,me,C),C,D))', 4385), ('if(CHK_5(them,me,C),C,D)', 1912)] (1s)
E L rep 35: E1 censored@-1 E2 censored@-1 E3 success@260 estab 50 pcc 0.970 top [('if(CHK(them,^C,C),D,if(CHK(them,me,C),C,D))', 2460), ('if(or(CHK_5(them,^C,C),CHK(them,me,C)),C,D)', 1844)] (1s)
E L rep 36: E1 censored@-1 E2 censored@-1 E3 success@290 estab 40 pcc 0.988 top [('CB', 5711), ('if(or(CHK(me,^D,D),CHK_5(them,me,C)),C,D)', 689)] (1s)
E L rep 37: E1 censored@-1 E2 censored@-1 E3 success@270 estab 30 pcc 1.000 top [('CB', 3763), ('if(and(CHK(them,me,C),CHK(them,^D,D)),C,D)', 2637)] (1s)
E L rep 38: E1 censored@-1 E2 censored@-1 E3 success@310 estab 30 pcc 0.989 top [('if(or(CHK_5(them,me,C),CHK(them,^C,C)),C,D)', 3196), ('if(CHK_5(them,me,C),C,D)', 1745)] (1s)
E L rep 39: E1 censored@-1 E2 censored@-1 E3 success@260 estab 30 pcc 0.963 top [('CB', 2970), ('if(CHK_5(them,me,C),if(CHK(them,^D,D),C,C),D)', 2024)] (1s)
E Leq rep 0: E1 censored@-1 E2 censored@-1 E3 success@330 estab 30 pcc 0.965 top [('if(and(CHK_5(them,^D,D),CHK(them,me,C)),C,D)', 3683), ('if(or(CHK_5(them,me,C),CHK_5(them,them,C)),C,D)', 1556)] (1s)
E Leq rep 1: E1 success@1640 E2 success@1640 E3 success@360 estab 40 pcc 1.000 top [('if(or(CHK(them,^D,C),CHK_5(them,me,C)),C,D)', 6400)] (1s)
E Leq rep 2: E1 censored@-1 E2 censored@-1 E3 success@230 estab 30 pcc 0.972 top [('CB', 2198), ('if(CHK_5(them,me,C),C,D)', 1566)] (1s)
E Leq rep 3: E1 censored@-1 E2 censored@-1 E3 success@250 estab 30 pcc 1.000 top [('if(or(CHK(them,me,C),CHK_5(them,them,C)),C,D)', 3643), ('if(and(CHK_5(them,^D,D),CHK_5(them,me,C)),C,D)', 2757)] (1s)
E Leq rep 4: E1 censored@-1 E2 censored@-1 E3 success@260 estab 40 pcc 0.983 top [('if(or(CHK_5(them,me,C),CHK_5(me,^C,D)),C,D)', 3021), ('if(or(CHK_5(them,me,C),CHK_5(me,^D,D)),C,D)', 2059)] (1s)
E Leq rep 5: E1 censored@-1 E2 censored@-1 E3 success@260 estab 30 pcc 0.986 top [('CB', 3841), ('if(and(CHK(them,me,C),CHK_5(them,^D,D)),C,D)', 1931)] (1s)
E Leq rep 6: E1 censored@-1 E2 censored@-1 E3 success@250 estab 30 pcc 0.952 top [('if(CHK(them,me,C),if(CHK(them,^D,C),D,C),D)', 2363), ('if(or(CHK(me,me,D),CHK(me,them,D)),D,C)', 1822)] (1s)
E Leq rep 7: E1 censored@-1 E2 censored@-1 E3 success@300 estab 40 pcc 1.000 top [('if(CHK(them,me,C),C,if(CHK(them,^C,D),D,D))', 4438), ('if(CHK(them,me,C),C,if(CHK_5(them,^C,D),D,D))', 1962)] (1s)
E Leq rep 8: E1 censored@-1 E2 censored@-1 E3 success@250 estab 40 pcc 0.979 top [('if(CHK(them,^D,C),D,if(CHK(them,me,C),C,D))', 4186), ('if(CHK_5(them,me,C),C,if(CHK(them,^C,C),D,D))', 1816)] (1s)
E Leq rep 9: E1 censored@-1 E2 censored@-1 E3 success@300 estab 30 pcc 0.981 top [('if(and(CHK_5(them,me,C),CHK(them,^D,D)),C,D)', 5196), ('CB', 1204)] (1s)
E Leq rep 10: E1 censored@-1 E2 censored@-1 E3 success@260 estab 30 pcc 1.000 top [('if(or(CHK_5(them,me,C),CHK_5(me,them,D)),C,D)', 5906), ('if(CHK_5(them,me,C),C,D)', 494)] (1s)
E Leq rep 11: E1 censored@-1 E2 censored@-1 E3 success@340 estab 40 pcc 0.958 top [('CB', 4202), ('if(CHK_5(them,me,C),C,D)', 2198)] (1s)
E Leq rep 12: E1 censored@-1 E2 censored@-1 E3 success@250 estab 30 pcc 0.946 top [('if(CHK(them,me,C),C,if(CHK(me,me,C),D,C))', 3500), ('if(or(CHK_5(them,^C,C),CHK_5(them,me,C)),C,D)', 1097)] (1s)
E Leq rep 13: E1 censored@-1 E2 censored@-1 E3 success@270 estab 20 pcc 0.976 top [('if(or(CHK(them,them,C),CHK_5(them,me,C)),C,D)', 4718), ('if(or(CHK_5(me,me,D),not(CHK_5(me,them,D))),C,D)', 1309)] (1s)
E Leq rep 14: E1 censored@-1 E2 censored@-1 E3 success@270 estab 30 pcc 0.959 top [('if(CHK_5(them,me,C),if(CHK_5(them,^D,C),D,C),D)', 2994), ('if(CHK_5(them,^C,C),D,if(CHK(them,me,C),C,D))', 2813)] (1s)
E Leq rep 15: E1 censored@-1 E2 censored@-1 E3 success@330 estab 30 pcc 0.959 top [('if(CHK_5(them,them,C),D,if(CHK(them,me,C),C,D))', 2622), ('if(or(CHK(me,me,D),CHK(me,them,D)),D,C)', 1850)] (1s)
E Leq rep 16: E1 success@310 E2 success@310 E3 success@310 estab 60 pcc 1.000 top [('if(CHK_5(them,me,C),C,D)', 6400)] (0s)
E Leq rep 17: E1 censored@-1 E2 censored@-1 E3 success@230 estab 30 pcc 1.000 top [('CB', 4411), ('if(CHK(them,me,C),if(CHK(them,^D,C),D,C),D)', 1989)] (1s)
E Leq rep 18: E1 censored@-1 E2 censored@-1 E3 success@340 estab 30 pcc 0.956 top [('if(and(CHK(me,^D,D),CHK_5(them,me,C)),C,D)', 2654), ('CB', 2459)] (1s)
E Leq rep 19: E1 success@360 E2 success@360 E3 success@360 estab 80 pcc 1.000 top [('if(CHK_5(them,me,C),C,D)', 6400)] (0s)
E Leq rep 20: E1 censored@-1 E2 censored@-1 E3 success@290 estab 30 pcc 0.963 top [('if(CHK_5(them,me,C),if(CHK_5(them,^D,C),D,C),D)', 5299), ('CB', 808)] (1s)
E Leq rep 21: E1 success@330 E2 success@330 E3 success@330 estab 20 pcc 1.000 top [('CB', 6400)] (0s)
E Leq rep 22: E1 censored@-1 E2 censored@-1 E3 success@280 estab 40 pcc 0.944 top [('if(or(CHK(them,me,C),CHK_5(me,^D,D)),C,D)', 3196), ('if(CHK_5(them,me,C),C,D)', 2178)] (1s)
E Leq rep 23: E1 censored@-1 E2 censored@-1 E3 success@240 estab 20 pcc 1.000 top [('if(or(CHK_5(them,me,C),CHK(them,me,C)),C,D)', 4780), ('if(or(CHK_5(them,me,C),CHK(them,^D,C)),C,D)', 1004)] (1s)
E Leq rep 24: E1 censored@-1 E2 censored@-1 E3 success@280 estab 20 pcc 0.982 top [('if(and(CHK_5(them,^C,D),CHK_5(them,me,C)),C,D)', 3775), ('if(and(CHK_5(them,me,C),CHK_5(them,^D,D)),C,D)', 1149)] (1s)
E Leq rep 25: E1 censored@-1 E2 censored@-1 E3 success@250 estab 30 pcc 0.976 top [('if(or(CHK(them,me,C),CHK(them,^C,C)),C,D)', 4107), ('if(and(CHK_5(them,me,C),CHK(them,^C,D)),C,D)', 1481)] (1s)
E Leq rep 26: E1 censored@-1 E2 censored@-1 E3 success@280 estab 30 pcc 0.938 top [('if(CHK_5(them,^C,C),D,if(CHK_5(them,me,C),C,D))', 1814), ('CB', 1486)] (1s)
E Leq rep 27: E1 censored@-1 E2 censored@-1 E3 success@220 estab 30 pcc 0.970 top [('if(CHK_5(them,me,C),C,D)', 2515), ('if(CHK_5(them,me,C),if(CHK(them,me,C),D,C),D)', 1430)] (1s)
E Leq rep 28: E1 censored@-1 E2 censored@-1 E3 success@280 estab 40 pcc 0.978 top [('if(CHK(them,^D,C),D,if(CHK_5(them,me,C),C,D))', 5722), ('CB', 678)] (1s)
E Leq rep 29: E1 censored@-1 E2 censored@-1 E3 success@340 estab 40 pcc 0.972 top [('CB', 4396), ('if(CHK_5(them,me,C),C,if(CHK(me,them,D),D,C))', 1289)] (1s)
E Leq rep 30: E1 censored@-1 E2 censored@-1 E3 success@260 estab 40 pcc 0.964 top [('CB', 4140), ('if(or(CHK_5(them,me,C),CHK_5(them,^C,C)),C,D)', 1326)] (1s)
E Leq rep 31: E1 censored@-1 E2 censored@-1 E3 success@280 estab 30 pcc 0.982 top [('CB', 4992), ('if(CHK(me,them,D),if(CHK(me,me,D),D,D),C)', 1408)] (1s)
E Leq rep 32: E1 censored@-1 E2 censored@-1 E3 success@200 estab 30 pcc 0.970 top [('if(CHK(them,them,C),D,if(CHK_5(them,me,C),C,D))', 3260), ('if(and(CHK_5(them,me,C),CHK(them,^D,D)),C,D)', 1812)] (1s)
E Leq rep 33: E1 censored@-1 E2 censored@-1 E3 success@280 estab 30 pcc 0.957 top [('if(CHK(them,them,D),D,if(CHK_5(them,me,C),C,D))', 2530), ('if(not(or(CHK_5(them,them,D),CHK_5(me,them,D))),C,D)', 1823)] (1s)
E Leq rep 34: E1 censored@-1 E2 censored@-1 E3 success@290 estab 40 pcc 1.000 top [('if(CHK_5(me,them,D),if(CHK(them,them,C),C,D),C)', 5186), ('if(or(CHK(them,me,C),CHK_5(them,me,C)),C,D)', 1214)] (1s)
E Leq rep 35: E1 success@330 E2 success@330 E3 success@330 estab 40 pcc 1.000 top [('if(or(CHK(them,^C,C),CHK(them,me,C)),C,D)', 6400)] (0s)
E Leq rep 36: E1 censored@-1 E2 censored@-1 E3 success@320 estab 40 pcc 0.991 top [('if(and(CHK_5(them,me,C),CHK_5(them,^C,D)),C,D)', 4262), ('if(or(CHK(me,^C,D),CHK_5(them,me,C)),C,D)', 1838)] (1s)
E Leq rep 37: E1 censored@-1 E2 censored@-1 E3 success@220 estab 30 pcc 0.964 top [('CB', 2552), ('if(CHK_5(them,me,C),C,D)', 1716)] (1s)
E Leq rep 38: E1 censored@-1 E2 censored@-1 E3 success@230 estab 30 pcc 0.971 top [('if(or(CHK_5(them,^D,C),CHK_5(them,me,C)),C,D)', 4713), ('if(or(CHK(them,me,C),CHK_5(me,^C,D)),C,D)', 716)] (1s)
E Leq rep 39: E1 censored@-1 E2 censored@-1 E3 success@250 estab 30 pcc 0.972 top [('if(and(CHK_5(them,^C,D),CHK(them,me,C)),C,D)', 2437), ('if(or(CHK_5(me,them,D),CHK_5(them,me,C)),C,D)', 2380)] (1s)
