lottery jobs 160 workers 1
P L rep 0: E1 censored@-1 E2 censored@-1 E3 success@280 estab 30 pcc 1.000 top [('if(CHK(them,^C,C),D,if(CHK(them,me,C),C,D))', 4832), ('if(or(CHK(them,me,C),CHK(me,them,D)),C,D)', 1568)] (2s)
P L rep 1: E1 success@1670 E2 success@1670 E3 success@240 estab 30 pcc 1.000 top [('CB', 6400)] (1s)
P L rep 2: E1 censored@-1 E2 censored@-1 E3 success@210 estab 30 pcc 1.000 top [('if(and(CHK(me,^D,D),CHK(them,me,C)),C,D)', 4493), ('CB', 1907)] (1s)
P L rep 3: E1 censored@-1 E2 censored@-1 E3 success@290 estab 40 pcc 0.993 top [('CB', 4488), ('if(or(CHK(them,me,C),CHK(me,^C,D)),C,D)', 1601)] (1s)
P L rep 4: E1 censored@-1 E2 censored@-1 E3 success@230 estab 30 pcc 1.000 top [('CB', 4096), ('if(CHK(them,me,C),C,if(CHK(them,them,D),D,D))', 1432)] (1s)
P L rep 5: E1 censored@-1 E2 censored@-1 E3 success@260 estab 30 pcc 0.987 top [('CB', 4364), ('if(or(CHK(them,me,C),CHK(me,them,D)),C,D)', 1628)] (1s)
P L rep 6: E1 censored@-1 E2 censored@-1 E3 success@310 estab 30 pcc 0.992 top [('if(and(CHK(me,^D,D),CHK(them,me,C)),C,D)', 4383), ('if(and(CHK(them,^D,D),CHK(them,me,C)),C,D)', 994)] (1s)
P L rep 7: E1 success@280 E2 success@280 E3 success@280 estab 30 pcc 1.000 top [('if(or(CHK(them,me,C),CHK(me,them,D)),C,D)', 6400)] (0s)
P L rep 8: E1 success@1940 E2 success@1940 E3 success@230 estab 30 pcc 1.000 top [('if(CHK(them,^C,C),D,if(CHK(them,me,C),C,D))', 6400)] (1s)
P L rep 9: E1 censored@-1 E2 censored@-1 E3 success@230 estab 30 pcc 1.000 top [('CB', 3912), ('if(and(CHK(me,^D,D),CHK(them,me,C)),C,D)', 2488)] (1s)
P L rep 10: E1 censored@-1 E2 censored@-1 E3 success@230 estab 30 pcc 1.000 top [('CB', 6000), ('if(and(CHK(me,^D,D),CHK(them,me,C)),C,D)', 216)] (1s)
P L rep 11: E1 censored@-1 E2 censored@-1 E3 success@250 estab 20 pcc 0.951 top [('if(CHK(them,me,C),if(CHK(them,^D,D),C,C),D)', 3184), ('if(or(CHK(them,me,C),CHK(me,them,D)),C,D)', 1867)] (1s)
P L rep 12: E1 censored@-1 E2 censored@-1 E3 success@290 estab 20 pcc 0.973 top [('CB', 3971), ('if(not(or(CHK(me,me,D),CHK(me,them,D))),C,D)', 1704)] (1s)
P L rep 13: E1 censored@-1 E2 censored@-1 E3 success@250 estab 40 pcc 0.996 top [('CB', 4102), ('if(and(CHK(me,^D,D),CHK(them,me,C)),C,D)', 2282)] (1s)
P L rep 14: E1 censored@-1 E2 censored@-1 E3 success@230 estab 40 pcc 0.973 top [('if(and(CHK(them,me,C),CHK(them,^D,D)),C,D)', 4193), ('if(or(not(CHK(me,them,D)),CHK(me,me,D)),C,D)', 2207)] (1s)
P L rep 15: E1 censored@-1 E2 censored@-1 E3 success@250 estab 30 pcc 0.993 top [('CB', 3347), ('if(CHK(me,them,D),if(CHK(them,them,C),C,D),C)', 2987)] (1s)
P L rep 16: E1 censored@-1 E2 censored@-1 E3 success@230 estab 40 pcc 1.000 top [('if(or(CHK(them,me,C),CHK(me,^C,D)),C,D)', 3075), ('CB', 1682)] (1s)
P L rep 17: E1 censored@-1 E2 censored@-1 E3 success@180 estab 30 pcc 0.999 top [('CB', 3352), ('if(CHK(them,me,C),if(CHK(them,^D,D),C,C),D)', 2947)] (1s)
P L rep 18: E1 success@250 E2 success@250 E3 success@250 estab 30 pcc 1.000 top [('CB', 6400)] (0s)
P L rep 19: E1 censored@-1 E2 censored@-1 E3 success@250 estab 40 pcc 1.000 top [('CB', 3643), ('if(or(CHK(them,me,C),CHK(me,them,D)),C,D)', 2757)] (1s)
P L rep 20: E1 censored@-1 E2 censored@-1 E3 success@250 estab 30 pcc 1.000 top [('CB', 5233), ('if(CHK(them,me,C),C,if(CHK(them,^C,D),D,D))', 1167)] (1s)
P L rep 21: E1 success@1230 E2 success@1230 E3 success@290 estab 30 pcc 1.000 top [('if(and(CHK(them,^C,D),CHK(them,me,C)),C,D)', 6400)] (1s)
P L rep 22: E1 censored@-1 E2 censored@-1 E3 success@200 estab 30 pcc 1.000 top [('CB', 4435), ('if(and(CHK(them,me,C),CHK(them,^C,D)),C,D)', 1965)] (1s)
P L rep 23: E1 success@260 E2 success@260 E3 success@260 estab 30 pcc 1.000 top [('CB', 6400)] (0s)
P L rep 24: E1 censored@-1 E2 censored@-1 E3 success@240 estab 30 pcc 1.000 top [('CB', 5196), ('if(and(CHK(them,me,C),CHK(them,^D,D)),C,D)', 1204)] (1s)
P L rep 25: E1 censored@-1 E2 censored@-1 E3 success@300 estab 30 pcc 1.000 top [('if(and(CHK(them,me,C),CHK(them,^D,D)),C,D)', 4642), ('if(and(CHK(me,^D,D),CHK(them,me,C)),C,D)', 1758)] (1s)
P L rep 26: E1 success@300 E2 success@300 E3 success@300 estab 20 pcc 1.000 top [('CB', 6400)] (0s)
P L rep 27: E1 censored@-1 E2 censored@-1 E3 success@270 estab 40 pcc 1.000 top [('CB', 5650), ('if(or(CHK(them,me,C),CHK(me,^C,D)),C,D)', 750)] (1s)
P L rep 28: E1 censored@-1 E2 censored@-1 E3 success@260 estab 30 pcc 1.000 top [('if(or(CHK(them,me,C),CHK(me,them,D)),C,D)', 4690), ('CB', 1710)] (1s)
P L rep 29: E1 censored@-1 E2 censored@-1 E3 success@200 estab 20 pcc 0.997 top [('CB', 6140), ('if(not(or(CHK(them,them,D),CHK(me,them,D))),C,D)', 203)] (1s)
P L rep 30: E1 censored@-1 E2 censored@-1 E3 success@230 estab 20 pcc 0.995 top [('CB', 6205), ('if(or(CHK(them,them,D),CHK(me,them,D)),D,C)', 195)] (1s)
P L rep 31: E1 censored@-1 E2 censored@-1 E3 success@310 estab 30 pcc 0.999 top [('CB', 5769), ('if(and(CHK(them,^D,D),CHK(them,me,C)),C,D)', 530)] (1s)
P L rep 32: E1 censored@-1 E2 censored@-1 E3 success@280 estab 30 pcc 0.996 top [('if(CHK(me,them,D),if(CHK(them,them,C),C,D),C)', 3473), ('CB', 2478)] (1s)
P L rep 33: E1 success@290 E2 success@290 E3 success@290 estab 30 pcc 1.000 top [('CB', 6400)] (0s)
P L rep 34: E1 censored@-1 E2 censored@-1 E3 success@380 estab 30 pcc 0.994 top [('CB', 4226), ('if(CHK(them,me,C),C,if(CHK(me,them,D),D,C))', 1779)] (1s)
P L rep 35: E1 censored@-1 E2 censored@-1 E3 success@250 estab 30 pcc 1.000 top [('if(or(CHK(them,me,C),CHK(me,them,D)),C,D)', 3533), ('CB', 2867)] (1s)
P L rep 36: E1 censored@-1 E2 censored@-1 E3 success@250 estab 20 pcc 0.979 top [('CB', 5617), ('if(and(CHK(me,them,D),not(CHK(me,me,D))),D,C)', 471)] (1s)
P L rep 37: E1 censored@-1 E2 censored@-1 E3 success@240 estab 20 pcc 1.000 top [('CB', 3273), ('if(or(CHK(them,me,C),CHK(me,them,D)),C,D)', 3127)] (1s)
P L rep 38: E1 censored@-1 E2 censored@-1 E3 success@300 estab 20 pcc 0.958 top [('if(or(CHK(them,me,C),CHK(me,them,D)),C,D)', 3831), ('if(and(CHK(them,^C,D),CHK(them,me,C)),C,D)', 2569)] (1s)
P L rep 39: E1 censored@-1 E2 censored@-1 E3 success@300 estab 30 pcc 1.000 top [('CB', 5083), ('if(or(CHK(them,me,C),CHK(me,^C,D)),C,D)', 1317)] (1s)
P U rep 0: E1 censored@-1 E2 censored@-1 E3 success@220 estab 20 pcc 0.957 top [('if(CHK(them,^D,C),D,if(CHK(them,me,C),C,D))', 2685), ('CB', 1335)] (1s)
P U rep 1: E1 censored@-1 E2 censored@-1 E3 success@150 estab 30 pcc 0.976 top [('if(and(CHK(them,^D,D),CHK(them,me,C)),C,D)', 2885), ('if(CHK(them,^D,C),D,if(CHK(them,me,C),C,D))', 2432)] (1s)
P U rep 2: E1 censored@-1 E2 censored@-1 E3 success@180 estab 30 pcc 0.980 top [('if(CHK(them,^D,C),D,if(CHK(them,me,C),C,D))', 3165), ('if(and(CHK(them,^C,D),CHK(them,me,C)),C,D)', 1037)] (1s)
P U rep 3: E1 censored@-1 E2 censored@-1 E3 success@210 estab 20 pcc 0.962 top [('if(and(CHK(them,^C,D),CHK(them,me,C)),C,D)', 1534), ('if(CHK(them,me,C),if(CHK(them,^D,D),C,C),D)', 1253)] (1s)
P U rep 4: E1 censored@-1 E2 censored@-1 E3 success@170 estab 20 pcc 0.940 top [('if(CHK(me,me,D),D,if(CHK(me,them,D),D,C))', 1985), ('if(CHK(them,me,C),C,if(CHK(them,^C,D),D,D))', 1494)] (1s)
P U rep 5: E1 censored@-1 E2 censored@-1 E3 success@180 estab 20 pcc 0.966 top [('if(and(CHK(them,me,C),CHK(them,^C,D)),C,D)', 3615), ('if(CHK(them,^D,C),D,if(CHK(them,me,C),C,D))', 1082)] (1s)
P U rep 6: E1 censored@-1 E2 censored@-1 E3 success@200 estab 20 pcc 0.941 top [('if(CHK(them,^C,C),D,if(CHK(them,me,C),C,D))', 3258), ('if(CHK(me,them,D),if(CHK(me,me,D),C,D),C)', 1015)] (1s)
P U rep 7: E1 censored@-1 E2 censored@-1 E3 success@200 estab 30 pcc 0.980 top [('if(and(CHK(them,me,C),CHK(them,^D,D)),C,D)', 2618), ('if(CHK(them,^D,C),D,if(CHK(them,me,C),C,D))', 1715)] (1s)
P U rep 8: E1 censored@-1 E2 censored@-1 E3 success@190 estab 20 pcc 0.956 top [('if(and(CHK(them,me,C),CHK(them,^D,D)),C,D)', 3786), ('if(CHK(them,me,C),C,if(CHK(them,them,D),D,D))', 505)] (1s)
P U rep 9: E1 censored@-1 E2 censored@-1 E3 success@230 estab 20 pcc 0.961 top [('if(CHK(them,them,D),D,if(CHK(them,me,C),C,D))', 1126), ('if(or(not(CHK(me,them,D)),CHK(me,me,D)),C,D)', 1093)] (1s)
P U rep 10: E1 censored@-1 E2 censored@-1 E3 success@170 estab 20 pcc 0.967 top [('if(CHK(them,^C,C),D,if(CHK(them,me,C),C,D))', 1963), ('if(and(CHK(them,^D,D),CHK(them,me,C)),C,D)', 1181)] (1s)
P U rep 11: E1 censored@-1 E2 censored@-1 E3 success@240 estab 20 pcc 0.987 top [('if(CHK(them,me,C),C,if(CHK(them,them,D),D,D))', 3319), ('if(CHK(them,^C,C),D,if(CHK(them,me,C),C,D))', 2366)] (1s)
P U rep 12: E1 censored@-1 E2 censored@-1 E3 success@140 estab 20 pcc 0.958 top [('if(and(CHK(them,^D,D),CHK(them,me,C)),C,D)', 4408), ('if(and(CHK(me,them,D),not(CHK(me,me,D))),D,C)', 791)] (1s)
P U rep 13: E1 censored@-1 E2 censored@-1 E3 success@210 estab 10 pcc 0.983 top [('if(CHK(them,me,C),C,if(CHK(them,them,D),D,D))', 2889), ('if(and(CHK(them,me,C),CHK(them,^D,D)),C,D)', 1479)] (1s)
P U rep 14: E1 censored@-1 E2 censored@-1 E3 success@270 estab 20 pcc 0.979 top [('CB', 2710), ('if(CHK(them,them,D),D,if(CHK(them,me,C),C,D))', 1378)] (1s)
P U rep 15: E1 censored@-1 E2 censored@-1 E3 success@190 estab 20 pcc 0.944 top [('if(CHK(them,me,C),C,if(CHK(them,them,D),D,D))', 2469), ('if(or(not(CHK(me,them,D)),CHK(me,me,D)),C,D)', 1402)] (1s)
P U rep 16: E1 censored@-1 E2 censored@-1 E3 success@170 estab 20 pcc 0.924 top [('if(and(CHK(them,me,C),CHK(them,^C,D)),C,D)', 2445), ('if(CHK(me,me,D),D,if(CHK(me,them,D),D,C))', 1027)] (1s)
P U rep 17: E1 censored@-1 E2 censored@-1 E3 success@150 estab 20 pcc 0.959 top [('if(and(CHK(them,me,C),CHK(them,^D,D)),C,D)', 4057), ('if(CHK(me,them,D),if(CHK(me,me,D),D,D),C)', 485)] (1s)
P U rep 18: E1 censored@-1 E2 censored@-1 E3 success@240 estab 20 pcc 0.974 top [('if(CHK(them,them,D),D,if(CHK(them,me,C),C,D))', 3028), ('if(CHK(them,me,C),C,if(CHK(them,them,D),D,D))', 1298)] (1s)
P U rep 19: E1 censored@-1 E2 censored@-1 E3 success@190 estab 10 pcc 0.953 top [('if(and(CHK(them,^D,D),CHK(them,me,C)),C,D)', 2527), ('if(and(CHK(them,me,C),CHK(them,^D,D)),C,D)', 1816)] (1s)
P U rep 20: E1 censored@-1 E2 censored@-1 E3 success@280 estab 30 pcc 0.960 top [('if(CHK(them,me,C),C,if(CHK(them,them,D),D,D))', 2358), ('if(and(CHK(them,^D,D),CHK(them,me,C)),C,D)', 1147)] (1s)
P U rep 21: E1 censored@-1 E2 censored@-1 E3 success@290 estab 20 pcc 0.907 top [('if(CHK(them,me,C),if(CHK(them,^C,D),C,C),D)', 1665), ('if(CHK(me,me,D),D,if(CHK(me,them,D),D,C))', 1525)] (1s)
P U rep 22: E1 censored@-1 E2 censored@-1 E3 success@210 estab 20 pcc 0.921 top [('if(CHK(me,them,D),if(CHK(me,me,D),C,D),C)', 1194), ('if(not(or(CHK(me,me,D),CHK(me,them,D))),C,D)', 1087)] (1s)
P U rep 23: E1 censored@-1 E2 censored@-1 E3 success@170 estab 20 pcc 0.968 top [('if(CHK(them,^C,C),D,if(CHK(them,me,C),C,D))', 1958), ('if(CHK(them,^D,C),D,if(CHK(them,me,C),C,D))', 1946)] (1s)
P U rep 24: E1 censored@-1 E2 censored@-1 E3 success@180 estab 20 pcc 0.978 top [('CB', 3603), ('if(or(CHK(me,me,D),not(CHK(me,them,D))),C,D)', 820)] (1s)
P U rep 25: E1 censored@-1 E2 censored@-1 E3 success@220 estab 10 pcc 0.925 top [('if(and(CHK(them,^D,D),CHK(them,me,C)),C,D)', 2074), ('if(CHK(me,them,D),if(CHK(me,me,D),C,D),C)', 1930)] (1s)
P U rep 26: E1 censored@-1 E2 censored@-1 E3 success@180 estab 10 pcc 0.974 top [('if(and(CHK(them,^C,D),CHK(them,me,C)),C,D)', 3273), ('if(and(CHK(them,me,C),CHK(them,^D,D)),C,D)', 1021)] (1s)
P U rep 27: E1 censored@-1 E2 censored@-1 E3 success@220 estab 20 pcc 0.970 top [('if(CHK(them,them,D),D,if(CHK(them,me,C),C,D))', 2779), ('if(CHK(them,me,C),C,if(CHK(them,them,D),D,D))', 2043)] (1s)
P U rep 28: E1 censored@-1 E2 censored@-1 E3 success@180 estab 20 pcc 0.965 top [('if(CHK(them,me,C),C,if(CHK(them,^C,D),D,D))', 2456), ('if(CHK(them,^C,C),D,if(CHK(them,me,C),C,D))', 1465)] (1s)
P U rep 29: E1 censored@-1 E2 censored@-1 E3 success@170 estab 20 pcc 0.972 top [('if(CHK(them,them,D),D,if(CHK(them,me,C),C,D))', 2754), ('if(and(CHK(them,^C,D),CHK(them,me,C)),C,D)', 2230)] (1s)
P U rep 30: E1 censored@-1 E2 censored@-1 E3 success@170 estab 20 pcc 0.977 top [('if(and(CHK(them,^C,D),CHK(them,me,C)),C,D)', 4235), ('if(CHK(them,^D,C),D,if(CHK(them,me,C),C,D))', 647)] (1s)
P U rep 31: E1 censored@-1 E2 censored@-1 E3 success@210 estab 20 pcc 0.960 top [('CB', 2119), ('if(and(CHK(me,them,D),not(CHK(me,me,D))),D,C)', 1498)] (1s)
P U rep 32: E1 censored@-1 E2 censored@-1 E3 success@170 estab 20 pcc 0.959 top [('CB', 2751), ('if(CHK(me,me,D),C,if(CHK(me,them,D),D,C))', 788)] (1s)
P U rep 33: E1 censored@-1 E2 censored@-1 E3 success@180 estab 20 pcc 0.970 top [('if(CHK(them,me,C),if(CHK(them,^D,D),C,C),D)', 2805), ('if(and(CHK(them,me,C),CHK(them,^D,D)),C,D)', 1999)] (1s)
P U rep 34: E1 censored@-1 E2 censored@-1 E3 success@200 estab 20 pcc 0.957 top [('if(CHK(them,them,D),D,if(CHK(them,me,C),C,D))', 2549), ('if(and(CHK(them,^C,D),CHK(them,me,C)),C,D)', 892)] (1s)
P U rep 35: E1 censored@-1 E2 censored@-1 E3 success@230 estab 20 pcc 0.946 top [('if(or(CHK(them,me,C),CHK(me,^C,D)),C,D)', 1978), ('if(CHK(them,me,C),C,if(CHK(them,them,D),D,D))', 1962)] (1s)
P U rep 36: E1 censored@-1 E2 censored@-1 E3 success@250 estab 20 pcc 0.953 top [('if(CHK(them,me,C),C,if(CHK(them,^C,D),D,D))', 2678), ('if(CHK(them,me,C),C,if(CHK(them,them,D),D,D))', 908)] (1s)
P U rep 37: E1 censored@-1 E2 censored@-1 E3 success@180 estab 20 pcc 0.939 top [('if(and(CHK(them,^D,D),CHK(them,me,C)),C,D)', 2234), ('if(and(CHK(them,me,C),CHK(them,^D,D)),C,D)', 1068)] (1s)
P U rep 38: E1 censored@-1 E2 censored@-1 E3 success@200 estab 20 pcc 0.959 top [('if(CHK(them,them,D),D,if(CHK(them,me,C),C,D))', 1725), ('if(or(CHK(me,me,D),not(CHK(me,them,D))),C,D)', 1489)] (1s)
P U rep 39: E1 censored@-1 E2 censored@-1 E3 success@160 estab 20 pcc 0.978 top [('if(CHK(them,them,D),D,if(CHK(them,me,C),C,D))', 3276), ('if(and(CHK(them,me,C),CHK(them,^D,D)),C,D)', 1763)] (1s)
O L rep 0: E1 success@250 E2 success@250 E3 success@250 estab 20 pcc 1.000 top [('if(or(CHK(me,me,D),CHK(me,them,D)),D,C)', 6400)] (0s)
O L rep 1: E1 success@300 E2 success@300 E3 success@300 estab 30 pcc 1.000 top [('CB', 6400)] (0s)
O L rep 2: E1 success@320 E2 success@320 E3 success@320 estab 20 pcc 1.000 top [('CB', 6400)] (0s)
O L rep 3: E1 censored@-1 E2 censored@-1 E3 success@290 estab 40 pcc 1.000 top [('CB', 3353), ('if(and(CHK(them,^D,D),CHK(them,me,C)),C,D)', 1526)] (1s)
O L rep 4: E1 censored@-1 E2 censored@-1 E3 success@300 estab 30 pcc 1.000 top [('CB', 3320), ('if(or(CHK(them,me,C),CHK(me,them,D)),C,D)', 3080)] (1s)
O L rep 5: E1 success@260 E2 success@260 E3 success@260 estab 40 pcc 1.000 top [('CB', 6400)] (0s)
O L rep 6: E1 censored@-1 E2 censored@-1 E3 success@230 estab 40 pcc 1.000 top [('CB', 6192), ('if(CHK(them,me,C),C,if(CHK(me,them,D),D,C))', 208)] (1s)
O L rep 7: E1 censored@-1 E2 censored@-1 E3 success@250 estab 30 pcc 0.987 top [('CB', 5787), ('if(or(CHK(me,me,D),CHK(me,them,D)),D,C)', 613)] (1s)
O L rep 8: E1 success@310 E2 success@310 E3 success@310 estab 40 pcc 1.000 top [('CB', 6400)] (0s)
O L rep 9: E1 censored@-1 E2 censored@-1 E3 success@240 estab 40 pcc 0.998 top [('if(or(CHK(them,me,C),CHK(me,them,D)),C,D)', 3318), ('CB', 2883)] (1s)
O L rep 10: E1 censored@-1 E2 censored@-1 E3 fail@50 estab 20 pcc 0.000 top [('if(CHK(me,me,D),C,D)', 3278), ('D[none]', 1570)] (1s)
O L rep 11: E1 censored@-1 E2 censored@-1 E3 success@250 estab 30 pcc 1.000 top [('if(and(CHK(me,^D,D),CHK(them,me,C)),C,D)', 4752), ('if(and(CHK(them,me,C),CHK(them,^D,D)),C,D)', 1648)] (1s)
O L rep 12: E1 censored@-1 E2 censored@-1 E3 success@280 estab 30 pcc 0.967 top [('CB', 5357), ('if(CHK(me,them,D),if(CHK(me,me,D),C,D),C)', 1043)] (1s)
O L rep 13: E1 censored@-1 E2 censored@-1 E3 success@290 estab 40 pcc 1.000 top [('CB', 4693), ('if(or(CHK(them,me,C),CHK(me,them,D)),C,D)', 1707)] (1s)
O L rep 14: E1 success@330 E2 success@330 E3 success@330 estab 20 pcc 1.000 top [('if(CHK(them,me,C),C,if(CHK(me,them,D),D,C))', 6400)] (0s)
O L rep 15: E1 censored@-1 E2 censored@-1 E3 success@230 estab 30 pcc 0.987 top [('CB', 6093), ('if(and(not(CHK(me,me,D)),CHK(me,them,D)),D,C)', 307)] (1s)
O L rep 16: E1 censored@-1 E2 censored@-1 E3 success@200 estab 30 pcc 1.000 top [('CB', 6225), ('if(and(CHK(me,^D,D),CHK(them,me,C)),C,D)', 175)] (1s)
O L rep 17: E1 censored@-1 E2 censored@-1 E3 fail@70 estab 40 pcc 0.000 top [('Dc', 4181), ('D[none]', 1240)] (1s)
O L rep 18: E1 censored@-1 E2 censored@-1 E3 success@310 estab 40 pcc 1.000 top [('CB', 2886), ('if(CHK(them,^C,C),D,if(CHK(them,me,C),C,D))', 2497)] (1s)
O L rep 19: E1 censored@-1 E2 censored@-1 E3 success@230 estab 30 pcc 1.000 top [('if(or(CHK(them,me,C),CHK(me,^C,D)),C,D)', 3094), ('CB', 1971)] (1s)
O L rep 20: E1 censored@-1 E2 censored@-1 E3 success@220 estab 50 pcc 1.000 top [('CB', 6202), ('if(and(CHK(them,me,C),CHK(them,^D,D)),C,D)', 106)] (1s)
O L rep 21: E1 censored@-1 E2 censored@-1 E3 success@270 estab 30 pcc 1.000 top [('if(CHK(them,^C,D),C,D)', 3712), ('CB', 1560)] (1s)
O L rep 22: E1 censored@-1 E2 censored@-1 E3 success@290 estab 30 pcc 1.000 top [('CB', 3974), ('if(CHK(them,^D,C),D,if(CHK(them,me,C),C,D))', 1448)] (1s)
O L rep 23: E1 censored@-1 E2 censored@-1 E3 success@250 estab 40 pcc 0.987 top [('CB', 6026), ('if(CHK(me,them,D),if(CHK(me,me,D),D,D),C)', 374)] (1s)
O L rep 24: E1 success@290 E2 success@290 E3 success@290 estab 20 pcc 1.000 top [('CB', 6400)] (0s)
O L rep 25: E1 censored@-1 E2 censored@-1 E3 success@320 estab 20 pcc 1.000 top [('if(and(CHK(me,^D,D),CHK(them,me,C)),C,D)', 5334), ('CB', 1066)] (1s)
O L rep 26: E1 censored@-1 E2 censored@-1 E3 success@270 estab 30 pcc 1.000 top [('CB', 5871), ('if(CHK(them,^C,C),D,if(CHK(them,me,C),C,D))', 529)] (1s)
O L rep 27: E1 success@370 E2 success@370 E3 success@370 estab 60 pcc 1.000 top [('if(or(CHK(them,me,C),CHK(me,them,D)),C,D)', 6400)] (0s)
O L rep 28: E1 success@290 E2 success@290 E3 success@290 estab 20 pcc 1.000 top [('CB', 6400)] (0s)
O L rep 29: E1 success@270 E2 success@270 E3 success@270 estab 40 pcc 1.000 top [('CB', 6400)] (0s)
O L rep 30: E1 success@300 E2 success@300 E3 success@300 estab 60 pcc 1.000 top [('CB', 6400)] (0s)
O L rep 31: E1 censored@-1 E2 censored@-1 E3 success@220 estab 30 pcc 0.980 top [('CB', 5672), ('if(not(or(CHK(them,them,D),CHK(me,them,D))),C,D)', 728)] (1s)
O L rep 32: E1 success@290 E2 success@290 E3 success@290 estab 40 pcc 1.000 top [('CB', 6400)] (0s)
O L rep 33: E1 censored@-1 E2 censored@-1 E3 success@310 estab 10 pcc 0.968 top [('if(or(CHK(them,me,C),CHK(me,them,D)),C,D)', 4709), ('if(CHK(me,them,D),if(CHK(me,me,D),D,D),C)', 1492)] (1s)
O L rep 34: E1 success@330 E2 success@330 E3 success@330 estab 40 pcc 1.000 top [('if(or(CHK(them,me,C),CHK(me,them,D)),C,D)', 6400)] (0s)
O L rep 35: E1 censored@-1 E2 censored@-1 E3 success@260 estab 50 pcc 1.000 top [('CB', 5297), ('if(CHK(them,^D,C),D,if(CHK(them,me,C),C,D))', 1103)] (1s)
O L rep 36: E1 success@240 E2 success@240 E3 success@240 estab 30 pcc 1.000 top [('CB', 6400)] (0s)
O L rep 37: E1 censored@-1 E2 censored@-1 E3 success@260 estab 30 pcc 1.000 top [('if(CHK(them,me,C),C,if(CHK(me,them,D),D,C))', 4025), ('if(and(CHK(them,^C,D),CHK(them,me,C)),C,D)', 1354)] (1s)
O L rep 38: E1 censored@-1 E2 censored@-1 E3 success@250 estab 30 pcc 1.000 top [('CB', 4570), ('if(CHK(them,^C,C),D,if(CHK(them,me,C),C,D))', 1830)] (1s)
O L rep 39: E1 success@230 E2 success@230 E3 success@230 estab 30 pcc 1.000 top [('CB', 6400)] (0s)
P Lstd rep 0: E1 fail@710 E2 fail@710 E3 fail@60 estab -1 pcc 0.000 top [('Dc', 6400)] (0s)
P Lstd rep 1: E1 censored@-1 E2 censored@-1 E3 success@330 estab 30 pcc 0.951 top [('CB', 3377), ('if(CHK(them,^C,D),D,C)', 3023)] (1s)
P Lstd rep 2: E1 success@330 E2 success@330 E3 success@330 estab 40 pcc 1.000 top [('CB', 6400)] (0s)
P Lstd rep 3: E1 success@300 E2 success@300 E3 success@300 estab 50 pcc 1.000 top [('CB', 6400)] (0s)
P Lstd rep 4: E1 success@370 E2 success@370 E3 success@370 estab 30 pcc 1.000 top [('if(CHK(them,^C,D),D,C)', 6400)] (0s)
P Lstd rep 5: E1 success@310 E2 success@310 E3 success@310 estab 50 pcc 1.000 top [('CB', 6400)] (0s)
P Lstd rep 6: E1 fail@1530 E2 fail@1530 E3 fail@40 estab -1 pcc 0.000 top [('Dc', 6400)] (0s)
P Lstd rep 7: E1 censored@-1 E2 censored@-1 E3 fail@40 estab -1 pcc 0.000 top [('Dc', 3417), ('if(CHK(me,me,D),C,D)', 1916)] (1s)
P Lstd rep 8: E1 success@680 E2 success@680 E3 success@340 estab 20 pcc 1.000 top [('CB', 6400)] (0s)
P Lstd rep 9: E1 censored@-1 E2 censored@-1 E3 fail@280 estab 20 pcc 0.000 top [('Dc', 4900), ('if(CHK(me,them,D),C,D)', 1427)] (1s)
P Lstd rep 10: E1 censored@-1 E2 censored@-1 E3 fail@260 estab 50 pcc 0.000 top [('Dc', 3342), ('if(and(CHK(them,me,D),CHK(me,me,D)),C,D)', 3058)] (1s)
P Lstd rep 11: E1 censored@-1 E2 censored@-1 E3 fail@260 estab 40 pcc 0.000 top [('Dc', 6259), ('if(CHK(me,^D,D),D,C)', 141)] (1s)
P Lstd rep 12: E1 censored@-1 E2 censored@-1 E3 fail@390 estab 70 pcc 0.000 top [('Dc', 3614), ('if(CHK(me,^D,D),D,C)', 1942)] (1s)
P Lstd rep 13: E1 censored@-1 E2 censored@-1 E3 fail@200 estab 30 pcc 0.000 top [('if(CHK(me,^D,D),D,C)', 3266), ('Dc', 2162)] (1s)
P Lstd rep 14: E1 fail@1340 E2 fail@1340 E3 fail@40 estab -1 pcc 0.000 top [('Dc', 6400)] (0s)
P Lstd rep 15: E1 censored@-1 E2 censored@-1 E3 success@350 estab 30 pcc 1.000 top [('if(or(CHK(them,^C,D),CHK(them,^D,D)),D,C)', 3649), ('if(or(CHK(them,^D,C),CHK(them,^D,D)),D,C)', 2751)] (1s)
P Lstd rep 16: E1 censored@-1 E2 censored@-1 E3 fail@240 estab 40 pcc 0.000 top [('Dc', 5895), ('if(CHK(me,them,D),C,D)', 505)] (1s)
P Lstd rep 17: E1 success@410 E2 success@410 E3 success@410 estab 50 pcc 1.000 top [('CB', 6400)] (0s)
P Lstd rep 18: E1 success@300 E2 success@300 E3 success@300 estab 60 pcc 1.000 top [('CB', 6400)] (0s)
P Lstd rep 19: E1 success@320 E2 success@320 E3 success@320 estab 60 pcc 1.000 top [('if(or(CHK(them,^C,D),CHK(them,^D,C)),D,C)', 6400)] (0s)
P Lstd rep 20: E1 success@470 E2 success@470 E3 success@470 estab 30 pcc 1.000 top [('if(CHK(me,them,D),if(CHK(them,them,C),C,D),C)', 6400)] (0s)
P Lstd rep 21: E1 censored@-1 E2 censored@-1 E3 success@330 estab 30 pcc 1.000 top [('CB', 3216), ('if(and(CHK(me,^D,D),CHK(them,me,C)),C,D)', 2278)] (1s)
P Lstd rep 22: E1 success@250 E2 success@250 E3 success@250 estab 60 pcc 1.000 top [('if(CHK(them,^D,D),D,C)', 6400)] (0s)
P Lstd rep 23: E1 censored@-1 E2 censored@-1 E3 fail@340 estab 80 pcc 0.000 top [('if(CHK(me,them,D),C,D)', 2938), ('Dc', 2564)] (1s)
P Lstd rep 24: E1 success@380 E2 success@380 E3 success@380 estab 30 pcc 1.000 top [('CB', 6400)] (0s)
P Lstd rep 25: E1 success@330 E2 success@330 E3 success@330 estab 90 pcc 1.000 top [('CB', 6400)] (0s)
P Lstd rep 26: E1 fail@510 E2 fail@510 E3 fail@40 estab -1 pcc 0.000 top [('Dc', 6400)] (0s)
P Lstd rep 27: E1 censored@-1 E2 censored@-1 E3 fail@350 estab 50 pcc 0.000 top [('Dc', 3314), ('if(CHK(me,them,D),C,D)', 3086)] (1s)
P Lstd rep 28: E1 success@300 E2 success@300 E3 success@300 estab 40 pcc 1.000 top [('CB', 6400)] (0s)
P Lstd rep 29: E1 success@350 E2 success@350 E3 success@350 estab 30 pcc 1.000 top [('if(and(CHK(them,me,C),CHK(them,^C,D)),C,D)', 6400)] (0s)
P Lstd rep 30: E1 fail@1020 E2 fail@1020 E3 fail@30 estab -1 pcc 0.000 top [('Dc', 6400)] (0s)
P Lstd rep 31: E1 success@330 E2 success@330 E3 success@330 estab 30 pcc 1.000 top [('CB', 6400)] (0s)
P Lstd rep 32: E1 fail@210 E2 fail@210 E3 fail@60 estab -1 pcc 0.000 top [('Dc', 6400)] (0s)
P Lstd rep 33: E1 censored@-1 E2 censored@-1 E3 success@280 estab 40 pcc 1.000 top [('CB', 3829), ('if(and(CHK(them,me,C),CHK(them,^D,D)),C,D)', 2571)] (1s)
P Lstd rep 34: E1 success@650 E2 success@650 E3 success@410 estab 40 pcc 1.000 top [('if(CHK(them,^D,D),D,C)', 6400)] (0s)
P Lstd rep 35: E1 censored@-1 E2 censored@-1 E3 success@310 estab 40 pcc 0.995 top [('CB', 6205), ('if(CHK(them,^D,D),D,C)', 195)] (1s)
P Lstd rep 36: E1 censored@-1 E2 censored@-1 E3 success@310 estab 40 pcc 0.969 top [('if(and(CHK(them,me,C),CHK(them,^C,D)),C,D)', 3907), ('if(or(CHK(them,them,D),CHK(them,^D,D)),D,C)', 2493)] (1s)
P Lstd rep 37: E1 censored@-1 E2 censored@-1 E3 fail@200 estab 60 pcc 0.000 top [('Dc', 6027), ('if(CHK(me,them,D),C,D)', 373)] (1s)
P Lstd rep 38: E1 success@410 E2 success@410 E3 success@410 estab 60 pcc 1.000 top [('CB', 6400)] (0s)
P Lstd rep 39: E1 censored@-1 E2 censored@-1 E3 fail@300 estab 60 pcc 0.000 top [('Dc', 4002), ('if(CHK(me,them,D),C,D)', 2398)] (1s)
