workers 2 foreign alive [74221, 74545]
catalogue P n<=7: 12546 sexprs, 12546 spellings, 4162 tau-types
  [ideal] unit values: 4162 units x 6 keys (5s)
  [ideal] pair checks needed: 3828352 in 4520 jobs
    200804 / 3828352 pair checks (14s)
    400432 / 3828352 pair checks (23s)
    600574 / 3828352 pair checks (32s)
    803716 / 3828352 pair checks (43s)
    1002858 / 3828352 pair checks (53s)
    1200352 / 3828352 pair checks (63s)
    1400352 / 3828352 pair checks (72s)
    1600352 / 3828352 pair checks (82s)
    1800352 / 3828352 pair checks (92s)
    2001726 / 3828352 pair checks (102s)
    2200354 / 3828352 pair checks (110s)
    2400496 / 3828352 pair checks (120s)
    2600476 / 3828352 pair checks (129s)
    2800456 / 3828352 pair checks (138s)
    3000098 / 3828352 pair checks (147s)
    3200352 / 3828352 pair checks (156s)
    3400352 / 3828352 pair checks (166s)
    3600352 / 3828352 pair checks (177s)
    3800352 / 3828352 pair checks (187s)
  [ideal] pair checks done: 3828352 (188s)
lumped: 588 classes (18 split types, 54 split classes) from 4162 types
  [exec] unit values: 588 units x 6 keys (5s)
  [exec] pair checks needed: 122744 in 711 jobs
  [exec] pair checks done: 122744 (242s)
{
 "arm": "P",
 "n": 7,
 "K": 1000000,
 "V": 250000,
 "n_sexprs": 12546,
 "n_spellings": 12546,
 "n_tau": 4162,
 "n_classes": 588,
 "n_split_types": 18,
 "n_split_classes": 54,
 "build_s": 3.9473180770874023,
 "ideal_pair_checks": 3828352,
 "ideal_s": 194.47717595100403,
 "exec_pair_checks": 122744,
 "exec_s": 246.83568215370178,
 "exec_vs_ideal_diff": 0,
 "exec_TO": 14064,
 "ideal_TO": 172148,
 "exec_check_steps": {
  "n": 122744,
  "max": 250000,
  "p50": 21962.0,
  "p99": 250000.0
 },
 "exec_unit_steps_max": 250000,
 "total_s": 446.6500401496887
}
