workers 1 foreign alive []
catalogue O n<=7: 12546 sexprs, 23790 spellings, 7743 tau-types
  [ideal] unit values: 7743 units x 6 keys (6s)
  [ideal] pair checks needed: 7110047 in 4520 jobs
    200664 / 7110047 pair checks (20s)
    400130 / 7110047 pair checks (38s)
    603473 / 7110047 pair checks (57s)
    800565 / 7110047 pair checks (74s)
    1003048 / 7110047 pair checks (93s)
    1200623 / 7110047 pair checks (111s)
    1401941 / 7110047 pair checks (132s)
    1600097 / 7110047 pair checks (150s)
    1802253 / 7110047 pair checks (169s)
    2000238 / 7110047 pair checks (188s)
    2200009 / 7110047 pair checks (208s)
    2402931 / 7110047 pair checks (224s)
    2600510 / 7110047 pair checks (242s)
    2800281 / 7110047 pair checks (264s)
    3000052 / 7110047 pair checks (281s)
    3202081 / 7110047 pair checks (302s)
    3400847 / 7110047 pair checks (323s)
    3603730 / 7110047 pair checks (344s)
    3800120 / 7110047 pair checks (362s)
    4000885 / 7110047 pair checks (380s)
    4200781 / 7110047 pair checks (398s)
    4403798 / 7110047 pair checks (418s)
    4600958 / 7110047 pair checks (435s)
    4802276 / 7110047 pair checks (452s)
    5003288 / 7110047 pair checks (467s)
    5200221 / 7110047 pair checks (484s)
    5403149 / 7110047 pair checks (503s)
    5600171 / 7110047 pair checks (524s)
    5801430 / 7110047 pair checks (546s)
    6002748 / 7110047 pair checks (558s)
    6200797 / 7110047 pair checks (575s)
    6400861 / 7110047 pair checks (594s)
    6600747 / 7110047 pair checks (610s)
    6801512 / 7110047 pair checks (633s)
    7002445 / 7110047 pair checks (650s)
  [ideal] pair checks done: 7110047 (658s)
lumped: 701 classes (18 split types, 54 split classes) from 7743 types
  [exec] unit values: 701 units x 6 keys (7s)
  [exec] pair checks needed: 146537 in 711 jobs
  [exec] pair checks done: 146537 (515s)
{
 "arm": "O",
 "n": 7,
 "K": 1000000,
 "V": 250000,
 "n_sexprs": 12546,
 "n_spellings": 23790,
 "n_tau": 7743,
 "n_classes": 701,
 "n_split_types": 18,
 "n_split_classes": 54,
 "build_s": 3.8785409927368164,
 "ideal_pair_checks": 7110047,
 "ideal_s": 664.5673608779907,
 "exec_pair_checks": 146537,
 "exec_s": 522.147803068161,
 "exec_vs_ideal_diff": 0,
 "exec_TO": 14689,
 "ideal_TO": 243320,
 "exec_check_steps": {
  "n": 146537,
  "max": 250000,
  "p50": 20715.0,
  "p99": 250000.0
 },
 "exec_unit_steps_max": 250000,
 "total_s": 1191.866052865982
}
