workers 3 foreign alive []
catalogue E n<=7: 49666 sexprs, 49666 spellings, 16514 tau-types
lumped: 3115 classes (36 split types, 108 split classes) from 16514 types
  [exec] unit values: 291 units x 12 keys (14s)
  [exec] pair checks needed: 24702 in 670 jobs
  [exec] pair checks done: 24702 (39s)
{
 "arm": "E",
 "n": 7,
 "K": 1000000,
 "V": 250000,
 "n_sexprs": 49666,
 "n_spellings": 49666,
 "n_tau": 16514,
 "n_classes": 3115,
 "n_split_types": 36,
 "n_split_classes": 108,
 "build_s": 35.52078890800476,
 "ideal_pair_checks": 79937512,
 "ideal_s": 3394.9931321144104,
 "exec_pair_checks": 24702,
 "exec_s": 53.841691970825195,
 "exec_vs_ideal_diff": 0,
 "exec_sample_classes": 291,
 "class_table": "ideal (executable checked on a sample of classes)",
 "exec_TO": 2120,
 "ideal_TO": 4402024,
 "exec_check_steps": {
  "n": 24702,
  "max": 250000,
  "p50": 20409.0,
  "p99": 250000.0
 },
 "exec_unit_steps_max": 250000,
 "total_s": 119.16162896156311
}
