cal: 720 jobs
cal above None mN=0 I=16 rep 0: local-frozen gen 50 pcc 0.062 sep_end 0 first_sep -1 tag None (0.0s; 1s total)
cal cheap None mN=0 I=16 rep 0: local-frozen gen 55 pcc 0.062 sep_end 0 first_sep -1 tag None (0.0s; 1s total)
cal h16 None mN=0 I=16 rep 0: local-frozen gen 70 pcc 0.125 sep_end 0 first_sep -1 tag None (0.0s; 1s total)
cal h8 None mN=0 I=16 rep 0: local-frozen gen 60 pcc 0.125 sep_end 0 first_sep -1 tag None (0.0s; 1s total)
cal uniform None mN=0 I=16 rep 0: local-frozen gen 75 pcc 0.000 sep_end 0 first_sep -1 tag None (0.0s; 1s total)
cal h4 None mN=0 I=16 rep 0: local-frozen gen 45 pcc 0.062 sep_end 0 first_sep -1 tag None (0.0s; 1s total)
cal above None mN=0 I=16 rep 1: local-frozen gen 70 pcc 0.188 sep_end 0 first_sep -1 tag None (0.0s; 1s total)
cal cheap None mN=0 I=16 rep 1: local-frozen gen 70 pcc 0.062 sep_end 0 first_sep -1 tag None (0.0s; 1s total)
cal h16 None mN=0 I=16 rep 1: local-frozen gen 80 pcc 0.250 sep_end 0 first_sep -1 tag None (0.0s; 1s total)
cal h8 None mN=0 I=16 rep 1: local-frozen gen 55 pcc 0.188 sep_end 0 first_sep -1 tag None (0.0s; 1s total)
cal h4 None mN=0 I=16 rep 1: local-frozen gen 50 pcc 0.188 sep_end 1 first_sep 50 tag None (0.0s; 1s total)
cal uniform None mN=0 I=16 rep 1: local-frozen gen 65 pcc 0.188 sep_end 0 first_sep -1 tag None (0.0s; 1s total)
cal cheap None mN=0 I=16 rep 2: local-frozen gen 75 pcc 0.188 sep_end 0 first_sep -1 tag None (0.0s; 1s total)
cal above None mN=0 I=16 rep 2: local-frozen gen 65 pcc 0.188 sep_end 0 first_sep -1 tag None (0.0s; 1s total)
cal h16 None mN=0 I=16 rep 2: local-frozen gen 60 pcc 0.062 sep_end 0 first_sep -1 tag None (0.0s; 1s total)
cal h4 None mN=0 I=16 rep 2: local-frozen gen 45 pcc 0.062 sep_end 0 first_sep -1 tag None (0.0s; 1s total)
cal h8 None mN=0 I=16 rep 2: local-frozen gen 55 pcc 0.125 sep_end 0 first_sep -1 tag None (0.0s; 1s total)
cal uniform None mN=0 I=16 rep 2: local-frozen gen 65 pcc 0.125 sep_end 0 first_sep -1 tag None (0.0s; 1s total)
cal cheap None mN=0 I=16 rep 3: local-frozen gen 55 pcc 0.062 sep_end 0 first_sep -1 tag None (0.0s; 1s total)
cal above None mN=0 I=16 rep 3: local-frozen gen 85 pcc 0.188 sep_end 0 first_sep -1 tag None (0.0s; 1s total)
cal h16 None mN=0 I=16 rep 3: local-frozen gen 70 pcc 0.188 sep_end 0 first_sep -1 tag None (0.0s; 1s total)
cal h4 None mN=0 I=16 rep 3: local-frozen gen 40 pcc 0.062 sep_end 0 first_sep -1 tag None (0.0s; 1s total)
cal h8 None mN=0 I=16 rep 3: local-frozen gen 80 pcc 0.250 sep_end 0 first_sep -1 tag None (0.0s; 1s total)
cal uniform None mN=0 I=16 rep 3: local-frozen gen 60 pcc 0.125 sep_end 0 first_sep -1 tag None (0.0s; 1s total)
cal above None mN=0 I=16 rep 4: local-frozen gen 60 pcc 0.188 sep_end 0 first_sep -1 tag None (0.0s; 1s total)
cal cheap None mN=0 I=16 rep 4: local-frozen gen 60 pcc 0.125 sep_end 0 first_sep -1 tag None (0.0s; 1s total)
cal h16 None mN=0 I=16 rep 4: local-frozen gen 130 pcc 0.188 sep_end 0 first_sep -1 tag None (0.0s; 1s total)
cal h4 None mN=0 I=16 rep 4: local-frozen gen 50 pcc 0.062 sep_end 0 first_sep -1 tag None (0.0s; 1s total)
cal h8 None mN=0 I=16 rep 4: local-frozen gen 45 pcc 0.062 sep_end 0 first_sep -1 tag None (0.0s; 1s total)
cal above None mN=0 I=16 rep 5: local-frozen gen 50 pcc 0.062 sep_end 0 first_sep -1 tag None (0.0s; 1s total)
cal uniform None mN=0 I=16 rep 4: local-frozen gen 120 pcc 0.188 sep_end 1 first_sep 120 tag None (0.0s; 1s total)
cal h16 None mN=0 I=16 rep 5: local-frozen gen 65 pcc 0.062 sep_end 0 first_sep -1 tag None (0.0s; 1s total)
cal h4 None mN=0 I=16 rep 5: local-frozen gen 70 pcc 0.125 sep_end 0 first_sep -1 tag None (0.0s; 1s total)
cal cheap None mN=0 I=16 rep 5: local-frozen gen 80 pcc 0.125 sep_end 1 first_sep 80 tag None (0.0s; 1s total)
cal h8 None mN=0 I=16 rep 5: local-frozen gen 65 pcc 0.125 sep_end 0 first_sep -1 tag None (0.0s; 1s total)
cal above None mN=0 I=16 rep 6: local-frozen gen 40 pcc 0.062 sep_end 0 first_sep -1 tag None (0.0s; 1s total)
cal uniform None mN=0 I=16 rep 5: local-frozen gen 100 pcc 0.125 sep_end 0 first_sep -1 tag None (0.0s; 1s total)
cal cheap None mN=0 I=16 rep 6: local-frozen gen 80 pcc 0.188 sep_end 0 first_sep -1 tag None (0.0s; 1s total)
cal h16 None mN=0 I=16 rep 6: local-frozen gen 25 pcc 0.000 sep_end 0 first_sep -1 tag None (0.0s; 1s total)
cal h4 None mN=0 I=16 rep 6: local-frozen gen 45 pcc 0.062 sep_end 0 first_sep -1 tag None (0.0s; 1s total)
cal h8 None mN=0 I=16 rep 6: local-frozen gen 55 pcc 0.188 sep_end 0 first_sep -1 tag None (0.0s; 1s total)
cal above None mN=0 I=16 rep 7: local-frozen gen 60 pcc 0.000 sep_end 0 first_sep -1 tag None (0.0s; 1s total)
cal uniform None mN=0 I=16 rep 6: local-frozen gen 90 pcc 0.125 sep_end 0 first_sep -1 tag None (0.0s; 1s total)
cal h16 None mN=0 I=16 rep 7: local-frozen gen 55 pcc 0.062 sep_end 0 first_sep -1 tag None (0.0s; 1s total)
cal cheap None mN=0 I=16 rep 7: local-frozen gen 105 pcc 0.125 sep_end 1 first_sep 105 tag None (0.0s; 1s total)
cal h4 None mN=0 I=16 rep 7: local-frozen gen 70 pcc 0.125 sep_end 0 first_sep -1 tag None (0.0s; 1s total)
cal h8 None mN=0 I=16 rep 7: local-frozen gen 65 pcc 0.062 sep_end 0 first_sep -1 tag None (0.0s; 1s total)
cal uniform None mN=0 I=16 rep 7: local-frozen gen 45 pcc 0.125 sep_end 0 first_sep -1 tag None (0.0s; 1s total)
cal above None mN=0 I=16 rep 8: local-frozen gen 40 pcc 0.000 sep_end 0 first_sep -1 tag None (0.0s; 1s total)
cal h16 None mN=0 I=16 rep 8: local-frozen gen 110 pcc 0.188 sep_end 0 first_sep -1 tag None (0.0s; 1s total)
cal cheap None mN=0 I=16 rep 8: local-frozen gen 65 pcc 0.188 sep_end 0 first_sep -1 tag None (0.0s; 1s total)
cal h4 None mN=0 I=16 rep 8: local-frozen gen 125 pcc 0.125 sep_end 0 first_sep -1 tag None (0.0s; 1s total)
cal uniform None mN=0 I=16 rep 8: local-frozen gen 80 pcc 0.125 sep_end 0 first_sep -1 tag None (0.0s; 1s total)
cal above None mN=0 I=16 rep 9: local-frozen gen 65 pcc 0.188 sep_end 0 first_sep -1 tag None (0.0s; 1s total)
cal h8 None mN=0 I=16 rep 8: local-frozen gen 80 pcc 0.125 sep_end 0 first_sep -1 tag None (0.0s; 1s total)
cal cheap None mN=0 I=16 rep 9: local-frozen gen 45 pcc 0.062 sep_end 0 first_sep -1 tag None (0.0s; 1s total)
cal h16 None mN=0 I=16 rep 9: local-frozen gen 60 pcc 0.125 sep_end 0 first_sep -1 tag None (0.0s; 1s total)
cal h4 None mN=0 I=16 rep 9: local-frozen gen 55 pcc 0.125 sep_end 0 first_sep -1 tag None (0.0s; 1s total)
cal uniform None mN=0 I=16 rep 9: local-frozen gen 115 pcc 0.125 sep_end 0 first_sep -1 tag None (0.0s; 1s total)
cal h8 None mN=0 I=16 rep 9: local-frozen gen 85 pcc 0.125 sep_end 0 first_sep -1 tag None (0.0s; 1s total)
cal above None mN=0 I=16 rep 10: local-frozen gen 40 pcc 0.125 sep_end 0 first_sep -1 tag None (0.0s; 1s total)
cal h16 None mN=0 I=16 rep 10: local-frozen gen 65 pcc 0.062 sep_end 0 first_sep -1 tag None (0.0s; 1s total)
cal cheap None mN=0 I=16 rep 10: local-frozen gen 85 pcc 0.188 sep_end 1 first_sep 50 tag None (0.0s; 1s total)
cal h8 None mN=0 I=16 rep 10: local-frozen gen 70 pcc 0.125 sep_end 0 first_sep -1 tag None (0.0s; 1s total)
cal uniform None mN=0 I=16 rep 10: local-frozen gen 60 pcc 0.062 sep_end 0 first_sep -1 tag None (0.0s; 1s total)
cal h4 None mN=0 I=16 rep 10: local-frozen gen 140 pcc 0.188 sep_end 1 first_sep 140 tag None (0.0s; 1s total)
cal above None mN=0 I=16 rep 11: local-frozen gen 55 pcc 0.125 sep_end 0 first_sep -1 tag None (0.0s; 1s total)
cal cheap None mN=0 I=16 rep 11: local-frozen gen 75 pcc 0.188 sep_end 0 first_sep -1 tag None (0.0s; 1s total)
cal h16 None mN=0 I=16 rep 11: local-frozen gen 105 pcc 0.125 sep_end 0 first_sep -1 tag None (0.0s; 1s total)
cal h4 None mN=0 I=16 rep 11: local-frozen gen 35 pcc 0.125 sep_end 0 first_sep -1 tag None (0.0s; 1s total)
cal h8 None mN=0 I=16 rep 11: local-frozen gen 35 pcc 0.000 sep_end 0 first_sep -1 tag None (0.0s; 1s total)
cal above None mN=0 I=16 rep 12: local-frozen gen 75 pcc 0.188 sep_end 0 first_sep -1 tag None (0.0s; 1s total)
cal uniform None mN=0 I=16 rep 11: local-frozen gen 70 pcc 0.188 sep_end 1 first_sep -1 tag None (0.0s; 1s total)
cal cheap None mN=0 I=16 rep 12: local-frozen gen 70 pcc 0.062 sep_end 0 first_sep -1 tag None (0.0s; 1s total)
cal h16 None mN=0 I=16 rep 12: local-frozen gen 25 pcc 0.000 sep_end 0 first_sep -1 tag None (0.0s; 1s total)
cal h4 None mN=0 I=16 rep 12: local-frozen gen 45 pcc 0.125 sep_end 0 first_sep -1 tag None (0.0s; 1s total)
cal uniform None mN=0 I=16 rep 12: local-frozen gen 35 pcc 0.000 sep_end 0 first_sep -1 tag None (0.0s; 1s total)
cal h8 None mN=0 I=16 rep 12: local-frozen gen 80 pcc 0.188 sep_end 0 first_sep -1 tag None (0.0s; 1s total)
cal above None mN=0 I=16 rep 13: local-frozen gen 60 pcc 0.188 sep_end 0 first_sep -1 tag None (0.0s; 1s total)
cal h16 None mN=0 I=16 rep 13: local-frozen gen 40 pcc 0.062 sep_end 0 first_sep -1 tag None (0.0s; 1s total)
cal h4 None mN=0 I=16 rep 13: local-frozen gen 65 pcc 0.125 sep_end 0 first_sep -1 tag None (0.0s; 1s total)
cal cheap None mN=0 I=16 rep 13: local-frozen gen 80 pcc 0.188 sep_end 0 first_sep -1 tag None (0.0s; 1s total)
cal uniform None mN=0 I=16 rep 13: local-frozen gen 45 pcc 0.062 sep_end 0 first_sep -1 tag None (0.0s; 1s total)
cal h8 None mN=0 I=16 rep 13: local-frozen gen 55 pcc 0.000 sep_end 0 first_sep -1 tag None (0.0s; 1s total)
cal above None mN=0 I=16 rep 14: local-frozen gen 85 pcc 0.125 sep_end 0 first_sep -1 tag None (0.0s; 1s total)
cal cheap None mN=0 I=16 rep 14: local-frozen gen 60 pcc 0.125 sep_end 0 first_sep -1 tag None (0.0s; 1s total)
cal h16 None mN=0 I=16 rep 14: local-frozen gen 90 pcc 0.188 sep_end 0 first_sep -1 tag None (0.0s; 1s total)
cal h4 None mN=0 I=16 rep 14: local-frozen gen 75 pcc 0.125 sep_end 0 first_sep -1 tag None (0.0s; 1s total)
cal h8 None mN=0 I=16 rep 14: local-frozen gen 60 pcc 0.062 sep_end 0 first_sep -1 tag None (0.0s; 1s total)
cal uniform None mN=0 I=16 rep 14: local-frozen gen 60 pcc 0.062 sep_end 0 first_sep -1 tag None (0.0s; 1s total)
cal above None mN=0 I=16 rep 15: local-frozen gen 90 pcc 0.188 sep_end 0 first_sep -1 tag None (0.0s; 1s total)
cal h16 None mN=0 I=16 rep 15: local-frozen gen 75 pcc 0.125 sep_end 0 first_sep -1 tag None (0.0s; 1s total)
cal cheap None mN=0 I=16 rep 15: local-frozen gen 90 pcc 0.188 sep_end 0 first_sep -1 tag None (0.0s; 1s total)
cal h4 None mN=0 I=16 rep 15: local-frozen gen 55 pcc 0.188 sep_end 0 first_sep -1 tag None (0.0s; 1s total)
cal h8 None mN=0 I=16 rep 15: local-frozen gen 65 pcc 0.125 sep_end 0 first_sep -1 tag None (0.0s; 1s total)
cal uniform None mN=0 I=16 rep 15: local-frozen gen 60 pcc 0.188 sep_end 0 first_sep -1 tag None (0.0s; 1s total)
cal above None mN=0 I=16 rep 16: local-frozen gen 75 pcc 0.125 sep_end 0 first_sep -1 tag None (0.0s; 1s total)
cal cheap None mN=0 I=16 rep 16: local-frozen gen 60 pcc 0.062 sep_end 0 first_sep -1 tag None (0.0s; 1s total)
cal h16 None mN=0 I=16 rep 16: local-frozen gen 40 pcc 0.062 sep_end 0 first_sep -1 tag None (0.0s; 1s total)
cal h4 None mN=0 I=16 rep 16: local-frozen gen 30 pcc 0.000 sep_end 0 first_sep -1 tag None (0.0s; 1s total)
cal h8 None mN=0 I=16 rep 16: local-frozen gen 65 pcc 0.125 sep_end 0 first_sep -1 tag None (0.0s; 1s total)
cal above None mN=0 I=16 rep 17: local-frozen gen 80 pcc 0.188 sep_end 0 first_sep -1 tag None (0.0s; 1s total)
cal uniform None mN=0 I=16 rep 16: local-frozen gen 100 pcc 0.125 sep_end 0 first_sep -1 tag None (0.0s; 1s total)
cal cheap None mN=0 I=16 rep 17: local-frozen gen 65 pcc 0.188 sep_end 0 first_sep -1 tag None (0.0s; 1s total)
cal h4 None mN=0 I=16 rep 17: local-frozen gen 55 pcc 0.000 sep_end 0 first_sep -1 tag None (0.0s; 1s total)
cal h8 None mN=0 I=16 rep 17: local-frozen gen 65 pcc 0.062 sep_end 0 first_sep -1 tag None (0.0s; 1s total)
cal h16 None mN=0 I=16 rep 17: local-frozen gen 55 pcc 0.125 sep_end 0 first_sep -1 tag None (0.0s; 1s total)
cal uniform None mN=0 I=16 rep 17: local-frozen gen 70 pcc 0.250 sep_end 0 first_sep -1 tag None (0.0s; 1s total)
cal above None mN=0 I=16 rep 18: local-frozen gen 25 pcc 0.000 sep_end 0 first_sep -1 tag None (0.0s; 1s total)
cal cheap None mN=0 I=16 rep 18: local-frozen gen 65 pcc 0.250 sep_end 0 first_sep -1 tag None (0.0s; 1s total)
cal h8 None mN=0 I=16 rep 18: local-frozen gen 75 pcc 0.125 sep_end 0 first_sep -1 tag None (0.0s; 1s total)
cal h16 None mN=0 I=16 rep 18: local-frozen gen 60 pcc 0.062 sep_end 0 first_sep -1 tag None (0.0s; 1s total)
cal h4 None mN=0 I=16 rep 18: local-frozen gen 60 pcc 0.188 sep_end 1 first_sep 55 tag None (0.0s; 1s total)
cal uniform None mN=0 I=16 rep 18: local-frozen gen 50 pcc 0.062 sep_end 0 first_sep -1 tag None (0.0s; 1s total)
cal cheap None mN=0 I=16 rep 19: local-frozen gen 60 pcc 0.000 sep_end 0 first_sep -1 tag None (0.0s; 1s total)
cal above None mN=0 I=16 rep 19: local-frozen gen 45 pcc 0.000 sep_end 0 first_sep -1 tag None (0.0s; 1s total)
cal h16 None mN=0 I=16 rep 19: local-frozen gen 80 pcc 0.125 sep_end 0 first_sep -1 tag None (0.0s; 1s total)
cal h4 None mN=0 I=16 rep 19: local-frozen gen 75 pcc 0.188 sep_end 1 first_sep 55 tag None (0.0s; 1s total)
cal h8 None mN=0 I=16 rep 19: local-frozen gen 65 pcc 0.062 sep_end 0 first_sep -1 tag None (0.0s; 1s total)
cal uniform None mN=0 I=16 rep 19: local-frozen gen 120 pcc 0.188 sep_end 1 first_sep 120 tag None (0.0s; 1s total)
cal above None mN=0 I=16 rep 20: local-frozen gen 80 pcc 0.125 sep_end 0 first_sep -1 tag None (0.0s; 1s total)
cal cheap None mN=0 I=16 rep 20: local-frozen gen 55 pcc 0.188 sep_end 2 first_sep 55 tag None (0.0s; 1s total)
cal h4 None mN=0 I=16 rep 20: local-frozen gen 70 pcc 0.312 sep_end 1 first_sep 55 tag None (0.0s; 1s total)
cal h16 None mN=0 I=16 rep 20: local-frozen gen 70 pcc 0.188 sep_end 0 first_sep -1 tag None (0.0s; 1s total)
cal h8 None mN=0 I=16 rep 20: local-frozen gen 45 pcc 0.000 sep_end 0 first_sep -1 tag None (0.0s; 1s total)
cal above None mN=0 I=16 rep 21: local-frozen gen 55 pcc 0.125 sep_end 0 first_sep -1 tag None (0.0s; 1s total)
cal uniform None mN=0 I=16 rep 20: local-frozen gen 75 pcc 0.250 sep_end 1 first_sep 45 tag None (0.0s; 1s total)
cal cheap None mN=0 I=16 rep 21: local-frozen gen 65 pcc 0.062 sep_end 0 first_sep -1 tag None (0.0s; 1s total)
cal h16 None mN=0 I=16 rep 21: local-frozen gen 70 pcc 0.250 sep_end 0 first_sep -1 tag None (0.0s; 1s total)
cal h8 None mN=0 I=16 rep 21: local-frozen gen 100 pcc 0.250 sep_end 0 first_sep -1 tag None (0.0s; 1s total)
cal h4 None mN=0 I=16 rep 21: local-frozen gen 90 pcc 0.312 sep_end 0 first_sep -1 tag None (0.0s; 1s total)
cal uniform None mN=0 I=16 rep 21: local-frozen gen 70 pcc 0.125 sep_end 0 first_sep -1 tag None (0.0s; 1s total)
cal above None mN=0 I=16 rep 22: local-frozen gen 30 pcc 0.000 sep_end 0 first_sep -1 tag None (0.0s; 1s total)
cal cheap None mN=0 I=16 rep 22: local-frozen gen 50 pcc 0.062 sep_end 0 first_sep -1 tag None (0.0s; 1s total)
cal h16 None mN=0 I=16 rep 22: local-frozen gen 80 pcc 0.125 sep_end 0 first_sep -1 tag None (0.0s; 1s total)
cal h4 None mN=0 I=16 rep 22: local-frozen gen 40 pcc 0.062 sep_end 0 first_sep -1 tag None (0.0s; 1s total)
cal uniform None mN=0 I=16 rep 22: local-frozen gen 60 pcc 0.188 sep_end 0 first_sep -1 tag None (0.0s; 1s total)
cal h8 None mN=0 I=16 rep 22: local-frozen gen 50 pcc 0.375 sep_end 0 first_sep -1 tag None (0.0s; 1s total)
cal cheap None mN=0 I=16 rep 23: local-frozen gen 40 pcc 0.000 sep_end 0 first_sep -1 tag None (0.0s; 1s total)
cal above None mN=0 I=16 rep 23: local-frozen gen 125 pcc 0.188 sep_end 1 first_sep 125 tag None (0.0s; 1s total)
cal h4 None mN=0 I=16 rep 23: local-frozen gen 60 pcc 0.062 sep_end 0 first_sep -1 tag None (0.0s; 1s total)
cal h16 None mN=0 I=16 rep 23: local-frozen gen 55 pcc 0.188 sep_end 0 first_sep -1 tag None (0.0s; 1s total)
cal h8 None mN=0 I=16 rep 23: local-frozen gen 50 pcc 0.250 sep_end 0 first_sep -1 tag None (0.0s; 1s total)
cal cheap None mN=0 I=16 rep 24: local-frozen gen 25 pcc 0.000 sep_end 0 first_sep -1 tag None (0.0s; 1s total)
cal above None mN=0 I=16 rep 24: local-frozen gen 115 pcc 0.188 sep_end 0 first_sep -1 tag None (0.0s; 1s total)
cal uniform None mN=0 I=16 rep 23: local-frozen gen 60 pcc 0.188 sep_end 1 first_sep 60 tag None (0.0s; 1s total)
cal h16 None mN=0 I=16 rep 24: local-frozen gen 105 pcc 0.188 sep_end 0 first_sep -1 tag None (0.0s; 1s total)
cal h8 None mN=0 I=16 rep 24: local-frozen gen 65 pcc 0.188 sep_end 0 first_sep -1 tag None (0.0s; 1s total)
cal above None mN=0 I=16 rep 25: local-frozen gen 45 pcc 0.062 sep_end 0 first_sep -1 tag None (0.0s; 1s total)
cal h4 None mN=0 I=16 rep 24: local-frozen gen 115 pcc 0.188 sep_end 0 first_sep -1 tag None (0.0s; 1s total)
cal uniform None mN=0 I=16 rep 24: local-frozen gen 80 pcc 0.375 sep_end 1 first_sep 60 tag None (0.0s; 1s total)
cal h16 None mN=0 I=16 rep 25: local-frozen gen 75 pcc 0.062 sep_end 0 first_sep -1 tag None (0.0s; 1s total)
cal cheap None mN=0 I=16 rep 25: local-frozen gen 65 pcc 0.125 sep_end 0 first_sep -1 tag None (0.0s; 1s total)
cal h4 None mN=0 I=16 rep 25: local-frozen gen 60 pcc 0.062 sep_end 0 first_sep -1 tag None (0.0s; 1s total)
cal above None mN=0 I=16 rep 26: local-frozen gen 45 pcc 0.062 sep_end 0 first_sep -1 tag None (0.0s; 1s total)
cal h8 None mN=0 I=16 rep 25: local-frozen gen 65 pcc 0.062 sep_end 0 first_sep -1 tag None (0.0s; 1s total)
cal uniform None mN=0 I=16 rep 25: local-frozen gen 45 pcc 0.188 sep_end 1 first_sep 45 tag None (0.0s; 1s total)
cal cheap None mN=0 I=16 rep 26: local-frozen gen 80 pcc 0.188 sep_end 1 first_sep -1 tag None (0.0s; 1s total)
cal h16 None mN=0 I=16 rep 26: local-frozen gen 65 pcc 0.250 sep_end 0 first_sep -1 tag None (0.0s; 1s total)
cal h4 None mN=0 I=16 rep 26: local-frozen gen 70 pcc 0.188 sep_end 1 first_sep 65 tag None (0.0s; 1s total)
cal h8 None mN=0 I=16 rep 26: local-frozen gen 45 pcc 0.000 sep_end 0 first_sep -1 tag None (0.0s; 1s total)
cal uniform None mN=0 I=16 rep 26: local-frozen gen 55 pcc 0.188 sep_end 1 first_sep 45 tag None (0.0s; 1s total)
cal cheap None mN=0 I=16 rep 27: local-frozen gen 60 pcc 0.125 sep_end 0 first_sep -1 tag None (0.0s; 1s total)
cal above None mN=0 I=16 rep 27: local-frozen gen 130 pcc 0.062 sep_end 0 first_sep -1 tag None (0.0s; 1s total)
cal h16 None mN=0 I=16 rep 27: local-frozen gen 85 pcc 0.188 sep_end 0 first_sep -1 tag None (0.0s; 1s total)
cal h4 None mN=0 I=16 rep 27: local-frozen gen 95 pcc 0.125 sep_end 0 first_sep -1 tag None (0.0s; 2s total)
cal h8 None mN=0 I=16 rep 27: local-frozen gen 80 pcc 0.250 sep_end 0 first_sep -1 tag None (0.0s; 2s total)
cal uniform None mN=0 I=16 rep 27: local-frozen gen 65 pcc 0.062 sep_end 0 first_sep -1 tag None (0.0s; 2s total)
cal cheap None mN=0 I=16 rep 28: local-frozen gen 70 pcc 0.062 sep_end 0 first_sep -1 tag None (0.0s; 2s total)
cal h16 None mN=0 I=16 rep 28: local-frozen gen 55 pcc 0.188 sep_end 0 first_sep -1 tag None (0.0s; 2s total)
cal above None mN=0 I=16 rep 28: local-frozen gen 70 pcc 0.062 sep_end 0 first_sep -1 tag None (0.0s; 2s total)
cal h4 None mN=0 I=16 rep 28: local-frozen gen 110 pcc 0.188 sep_end 1 first_sep 110 tag None (0.0s; 2s total)
cal h8 None mN=0 I=16 rep 28: local-frozen gen 60 pcc 0.062 sep_end 0 first_sep -1 tag None (0.0s; 2s total)
cal uniform None mN=0 I=16 rep 28: local-frozen gen 70 pcc 0.125 sep_end 0 first_sep -1 tag None (0.0s; 2s total)
cal above None mN=0 I=16 rep 29: local-frozen gen 55 pcc 0.062 sep_end 0 first_sep -1 tag None (0.0s; 2s total)
cal h4 None mN=0 I=16 rep 29: local-frozen gen 30 pcc 0.000 sep_end 0 first_sep -1 tag None (0.0s; 2s total)
cal cheap None mN=0 I=16 rep 29: local-frozen gen 80 pcc 0.188 sep_end 1 first_sep 60 tag None (0.0s; 2s total)
cal h16 None mN=0 I=16 rep 29: local-frozen gen 55 pcc 0.125 sep_end 0 first_sep -1 tag None (0.0s; 2s total)
cal h8 None mN=0 I=16 rep 29: local-frozen gen 45 pcc 0.062 sep_end 0 first_sep -1 tag None (0.0s; 2s total)
cal above None mN=0 I=16 rep 30: local-frozen gen 70 pcc 0.125 sep_end 0 first_sep -1 tag None (0.0s; 2s total)
cal uniform None mN=0 I=16 rep 29: local-frozen gen 55 pcc 0.062 sep_end 0 first_sep -1 tag None (0.0s; 2s total)
cal cheap None mN=0 I=16 rep 30: local-frozen gen 70 pcc 0.125 sep_end 0 first_sep -1 tag None (0.0s; 2s total)
cal h16 None mN=0 I=16 rep 30: local-frozen gen 75 pcc 0.125 sep_end 0 first_sep -1 tag None (0.0s; 2s total)
cal h8 None mN=0 I=16 rep 30: local-frozen gen 85 pcc 0.062 sep_end 0 first_sep -1 tag None (0.0s; 2s total)
cal h4 None mN=0 I=16 rep 30: local-frozen gen 75 pcc 0.125 sep_end 1 first_sep 75 tag None (0.0s; 2s total)
cal uniform None mN=0 I=16 rep 30: local-frozen gen 55 pcc 0.125 sep_end 0 first_sep -1 tag None (0.0s; 2s total)
cal cheap None mN=0 I=16 rep 31: local-frozen gen 50 pcc 0.062 sep_end 0 first_sep -1 tag None (0.0s; 2s total)
cal h16 None mN=0 I=16 rep 31: local-frozen gen 75 pcc 0.062 sep_end 0 first_sep -1 tag None (0.0s; 2s total)
cal above None mN=0 I=16 rep 31: local-frozen gen 90 pcc 0.375 sep_end 0 first_sep -1 tag None (0.0s; 2s total)
cal h8 None mN=0 I=16 rep 31: local-frozen gen 80 pcc 0.188 sep_end 0 first_sep -1 tag None (0.0s; 2s total)
cal h4 None mN=0 I=16 rep 31: local-frozen gen 65 pcc 0.188 sep_end 0 first_sep -1 tag None (0.0s; 2s total)
cal uniform None mN=0 I=16 rep 31: local-frozen gen 75 pcc 0.188 sep_end 1 first_sep 70 tag None (0.0s; 2s total)
cal above None mN=0 I=16 rep 32: local-frozen gen 60 pcc 0.312 sep_end 0 first_sep -1 tag None (0.0s; 2s total)
cal cheap None mN=0 I=16 rep 32: local-frozen gen 70 pcc 0.188 sep_end 0 first_sep -1 tag None (0.0s; 2s total)
cal h4 None mN=0 I=16 rep 32: local-frozen gen 45 pcc 0.125 sep_end 1 first_sep 45 tag None (0.0s; 2s total)
cal h16 None mN=0 I=16 rep 32: local-frozen gen 75 pcc 0.062 sep_end 0 first_sep -1 tag None (0.0s; 2s total)
cal uniform None mN=0 I=16 rep 32: local-frozen gen 70 pcc 0.125 sep_end 0 first_sep -1 tag None (0.0s; 2s total)
cal h8 None mN=0 I=16 rep 32: local-frozen gen 70 pcc 0.250 sep_end 0 first_sep -1 tag None (0.0s; 2s total)
cal above None mN=0 I=16 rep 33: local-frozen gen 25 pcc 0.000 sep_end 0 first_sep -1 tag None (0.0s; 2s total)
cal h16 None mN=0 I=16 rep 33: local-frozen gen 75 pcc 0.188 sep_end 0 first_sep -1 tag None (0.0s; 2s total)
cal cheap None mN=0 I=16 rep 33: local-frozen gen 80 pcc 0.125 sep_end 1 first_sep 80 tag None (0.0s; 2s total)
cal h8 None mN=0 I=16 rep 33: local-frozen gen 65 pcc 0.125 sep_end 0 first_sep -1 tag None (0.0s; 2s total)
cal h4 None mN=0 I=16 rep 33: local-frozen gen 70 pcc 0.188 sep_end 0 first_sep -1 tag None (0.0s; 2s total)
cal above None mN=0 I=16 rep 34: local-frozen gen 50 pcc 0.250 sep_end 0 first_sep -1 tag None (0.0s; 2s total)
cal cheap None mN=0 I=16 rep 34: local-frozen gen 65 pcc 0.062 sep_end 0 first_sep -1 tag None (0.0s; 2s total)
cal h4 None mN=0 I=16 rep 34: local-frozen gen 65 pcc 0.125 sep_end 0 first_sep -1 tag None (0.0s; 2s total)
cal uniform None mN=0 I=16 rep 33: local-frozen gen 60 pcc 0.125 sep_end 0 first_sep -1 tag None (0.0s; 2s total)
cal h16 None mN=0 I=16 rep 34: local-frozen gen 100 pcc 0.062 sep_end 0 first_sep -1 tag None (0.0s; 2s total)
cal h8 None mN=0 I=16 rep 34: local-frozen gen 80 pcc 0.062 sep_end 0 first_sep -1 tag None (0.0s; 2s total)
cal above None mN=0 I=16 rep 35: local-frozen gen 50 pcc 0.125 sep_end 0 first_sep -1 tag None (0.0s; 2s total)
cal uniform None mN=0 I=16 rep 34: local-frozen gen 105 pcc 0.125 sep_end 0 first_sep -1 tag None (0.0s; 2s total)
cal h16 None mN=0 I=16 rep 35: local-frozen gen 60 pcc 0.125 sep_end 0 first_sep -1 tag None (0.0s; 2s total)
cal cheap None mN=0 I=16 rep 35: local-frozen gen 35 pcc 0.062 sep_end 0 first_sep -1 tag None (0.0s; 2s total)
cal h4 None mN=0 I=16 rep 35: local-frozen gen 35 pcc 0.062 sep_end 0 first_sep -1 tag None (0.0s; 2s total)
cal h8 None mN=0 I=16 rep 35: local-frozen gen 30 pcc 0.000 sep_end 0 first_sep -1 tag None (0.0s; 2s total)
cal uniform None mN=0 I=16 rep 35: local-frozen gen 80 pcc 0.125 sep_end 0 first_sep -1 tag None (0.0s; 2s total)
cal above None mN=0 I=16 rep 36: local-frozen gen 65 pcc 0.188 sep_end 0 first_sep -1 tag None (0.0s; 2s total)
cal h16 None mN=0 I=16 rep 36: local-frozen gen 60 pcc 0.125 sep_end 0 first_sep -1 tag None (0.0s; 2s total)
cal cheap None mN=0 I=16 rep 36: local-frozen gen 100 pcc 0.188 sep_end 1 first_sep 85 tag None (0.0s; 2s total)
cal h4 None mN=0 I=16 rep 36: local-frozen gen 55 pcc 0.125 sep_end 0 first_sep -1 tag None (0.0s; 2s total)
cal h8 None mN=0 I=16 rep 36: local-frozen gen 50 pcc 0.125 sep_end 0 first_sep -1 tag None (0.0s; 2s total)
cal above None mN=0 I=16 rep 37: local-frozen gen 60 pcc 0.188 sep_end 0 first_sep -1 tag None (0.0s; 2s total)
cal uniform None mN=0 I=16 rep 36: local-frozen gen 90 pcc 0.125 sep_end 0 first_sep -1 tag None (0.0s; 2s total)
cal h16 None mN=0 I=16 rep 37: local-frozen gen 75 pcc 0.125 sep_end 0 first_sep -1 tag None (0.0s; 2s total)
cal h4 None mN=0 I=16 rep 37: local-frozen gen 60 pcc 0.062 sep_end 0 first_sep -1 tag None (0.0s; 2s total)
cal cheap None mN=0 I=16 rep 37: local-frozen gen 80 pcc 0.312 sep_end 2 first_sep 70 tag None (0.0s; 2s total)
cal above None mN=0 I=16 rep 38: local-frozen gen 35 pcc 0.000 sep_end 0 first_sep -1 tag None (0.0s; 2s total)
cal uniform None mN=0 I=16 rep 37: local-frozen gen 60 pcc 0.062 sep_end 0 first_sep -1 tag None (0.0s; 2s total)
cal h8 None mN=0 I=16 rep 37: local-frozen gen 75 pcc 0.250 sep_end 0 first_sep -1 tag None (0.0s; 2s total)
cal cheap None mN=0 I=16 rep 38: local-frozen gen 60 pcc 0.312 sep_end 1 first_sep 60 tag None (0.0s; 2s total)
cal h16 None mN=0 I=16 rep 38: local-frozen gen 50 pcc 0.000 sep_end 0 first_sep -1 tag None (0.0s; 2s total)
cal h8 None mN=0 I=16 rep 38: local-frozen gen 65 pcc 0.250 sep_end 0 first_sep -1 tag None (0.0s; 2s total)
cal h4 None mN=0 I=16 rep 38: local-frozen gen 105 pcc 0.188 sep_end 0 first_sep -1 tag None (0.0s; 2s total)
cal uniform None mN=0 I=16 rep 38: local-frozen gen 65 pcc 0.312 sep_end 0 first_sep -1 tag None (0.0s; 2s total)
cal above None mN=0 I=16 rep 39: local-frozen gen 55 pcc 0.125 sep_end 0 first_sep -1 tag None (0.0s; 2s total)
cal h16 None mN=0 I=16 rep 39: local-frozen gen 80 pcc 0.062 sep_end 0 first_sep -1 tag None (0.0s; 2s total)
cal cheap None mN=0 I=16 rep 39: local-frozen gen 30 pcc 0.000 sep_end 0 first_sep -1 tag None (0.0s; 2s total)
cal h8 None mN=0 I=16 rep 39: local-frozen gen 55 pcc 0.125 sep_end 0 first_sep -1 tag None (0.0s; 2s total)
cal h4 None mN=0 I=16 rep 39: local-frozen gen 85 pcc 0.125 sep_end 0 first_sep -1 tag None (0.0s; 2s total)
cal uniform None mN=0 I=16 rep 39: local-frozen gen 60 pcc 0.062 sep_end 0 first_sep -1 tag None (0.0s; 2s total)
cal above None mN=0 I=16 rep 40: local-frozen gen 65 pcc 0.125 sep_end 0 first_sep -1 tag None (0.0s; 2s total)
cal h16 None mN=0 I=16 rep 40: local-frozen gen 85 pcc 0.188 sep_end 0 first_sep -1 tag None (0.0s; 2s total)
cal cheap None mN=0 I=16 rep 40: local-frozen gen 45 pcc 0.125 sep_end 0 first_sep -1 tag None (0.0s; 2s total)
cal h8 None mN=0 I=16 rep 40: local-frozen gen 45 pcc 0.000 sep_end 0 first_sep -1 tag None (0.0s; 2s total)
cal h4 None mN=0 I=16 rep 40: local-frozen gen 70 pcc 0.125 sep_end 0 first_sep -1 tag None (0.0s; 2s total)
cal uniform None mN=0 I=16 rep 40: local-frozen gen 55 pcc 0.125 sep_end 1 first_sep 55 tag None (0.0s; 2s total)
cal cheap None mN=0 I=16 rep 41: local-frozen gen 75 pcc 0.125 sep_end 0 first_sep -1 tag None (0.0s; 2s total)
cal above None mN=0 I=16 rep 41: local-frozen gen 85 pcc 0.312 sep_end 0 first_sep -1 tag None (0.0s; 2s total)
cal h16 None mN=0 I=16 rep 41: local-frozen gen 75 pcc 0.125 sep_end 0 first_sep -1 tag None (0.0s; 2s total)
cal h4 None mN=0 I=16 rep 41: local-frozen gen 90 pcc 0.125 sep_end 0 first_sep -1 tag None (0.0s; 2s total)
cal h8 None mN=0 I=16 rep 41: local-frozen gen 95 pcc 0.312 sep_end 0 first_sep -1 tag None (0.0s; 2s total)
cal uniform None mN=0 I=16 rep 41: local-frozen gen 70 pcc 0.125 sep_end 1 first_sep 70 tag None (0.0s; 2s total)
cal above None mN=0 I=16 rep 42: local-frozen gen 60 pcc 0.125 sep_end 0 first_sep -1 tag None (0.0s; 2s total)
cal cheap None mN=0 I=16 rep 42: local-frozen gen 50 pcc 0.000 sep_end 0 first_sep -1 tag None (0.0s; 2s total)
cal h16 None mN=0 I=16 rep 42: local-frozen gen 45 pcc 0.000 sep_end 0 first_sep -1 tag None (0.0s; 2s total)
cal h4 None mN=0 I=16 rep 42: local-frozen gen 85 pcc 0.250 sep_end 1 first_sep 55 tag None (0.0s; 2s total)
cal uniform None mN=0 I=16 rep 42: local-frozen gen 65 pcc 0.062 sep_end 0 first_sep -1 tag None (0.0s; 2s total)
cal h8 None mN=0 I=16 rep 42: local-frozen gen 70 pcc 0.125 sep_end 0 first_sep -1 tag None (0.0s; 2s total)
cal h16 None mN=0 I=16 rep 43: local-frozen gen 55 pcc 0.062 sep_end 0 first_sep -1 tag None (0.0s; 2s total)
cal cheap None mN=0 I=16 rep 43: local-frozen gen 60 pcc 0.125 sep_end 1 first_sep 60 tag None (0.0s; 2s total)
cal above None mN=0 I=16 rep 43: local-frozen gen 65 pcc 0.125 sep_end 0 first_sep -1 tag None (0.0s; 2s total)
cal h8 None mN=0 I=16 rep 43: local-frozen gen 60 pcc 0.062 sep_end 0 first_sep -1 tag None (0.0s; 2s total)
cal h4 None mN=0 I=16 rep 43: local-frozen gen 110 pcc 0.250 sep_end 1 first_sep 100 tag None (0.0s; 2s total)
cal uniform None mN=0 I=16 rep 43: local-frozen gen 45 pcc 0.062 sep_end 0 first_sep -1 tag None (0.0s; 2s total)
cal h16 None mN=0 I=16 rep 44: local-frozen gen 35 pcc 0.062 sep_end 0 first_sep -1 tag None (0.0s; 2s total)
cal cheap None mN=0 I=16 rep 44: local-frozen gen 55 pcc 0.062 sep_end 0 first_sep -1 tag None (0.0s; 2s total)
cal h4 None mN=0 I=16 rep 44: local-frozen gen 65 pcc 0.125 sep_end 0 first_sep -1 tag None (0.0s; 2s total)
cal above None mN=0 I=16 rep 44: local-frozen gen 60 pcc 0.125 sep_end 0 first_sep -1 tag None (0.0s; 2s total)
cal uniform None mN=0 I=16 rep 44: local-frozen gen 45 pcc 0.062 sep_end 0 first_sep -1 tag None (0.0s; 2s total)
cal h8 None mN=0 I=16 rep 44: local-frozen gen 125 pcc 0.125 sep_end 0 first_sep -1 tag None (0.0s; 2s total)
cal above None mN=0 I=16 rep 45: local-frozen gen 35 pcc 0.000 sep_end 0 first_sep -1 tag None (0.0s; 2s total)
cal cheap None mN=0 I=16 rep 45: local-frozen gen 55 pcc 0.062 sep_end 0 first_sep -1 tag None (0.0s; 2s total)
cal h16 None mN=0 I=16 rep 45: local-frozen gen 40 pcc 0.062 sep_end 0 first_sep -1 tag None (0.0s; 2s total)
cal h8 None mN=0 I=16 rep 45: local-frozen gen 100 pcc 0.250 sep_end 0 first_sep -1 tag None (0.0s; 2s total)
cal h4 None mN=0 I=16 rep 45: local-frozen gen 70 pcc 0.188 sep_end 0 first_sep -1 tag None (0.0s; 2s total)
cal uniform None mN=0 I=16 rep 45: local-frozen gen 60 pcc 0.062 sep_end 0 first_sep -1 tag None (0.0s; 2s total)
cal above None mN=0 I=16 rep 46: local-frozen gen 50 pcc 0.062 sep_end 0 first_sep -1 tag None (0.0s; 2s total)
cal cheap None mN=0 I=16 rep 46: local-frozen gen 105 pcc 0.250 sep_end 1 first_sep 70 tag None (0.0s; 2s total)
cal h16 None mN=0 I=16 rep 46: local-frozen gen 95 pcc 0.062 sep_end 0 first_sep -1 tag None (0.0s; 2s total)
cal h8 None mN=0 I=16 rep 46: local-frozen gen 35 pcc 0.000 sep_end 0 first_sep -1 tag None (0.0s; 2s total)
cal h4 None mN=0 I=16 rep 46: local-frozen gen 100 pcc 0.125 sep_end 0 first_sep -1 tag None (0.0s; 2s total)
cal uniform None mN=0 I=16 rep 46: local-frozen gen 65 pcc 0.250 sep_end 1 first_sep 55 tag None (0.0s; 2s total)
cal above None mN=0 I=16 rep 47: local-frozen gen 55 pcc 0.125 sep_end 0 first_sep -1 tag None (0.0s; 2s total)
cal h16 None mN=0 I=16 rep 47: local-frozen gen 40 pcc 0.062 sep_end 0 first_sep -1 tag None (0.0s; 2s total)
cal cheap None mN=0 I=16 rep 47: local-frozen gen 50 pcc 0.125 sep_end 1 first_sep -1 tag None (0.0s; 2s total)
cal h4 None mN=0 I=16 rep 47: local-frozen gen 70 pcc 0.062 sep_end 0 first_sep -1 tag None (0.0s; 2s total)
cal uniform None mN=0 I=16 rep 47: local-frozen gen 75 pcc 0.125 sep_end 1 first_sep 55 tag None (0.0s; 2s total)
cal h8 None mN=0 I=16 rep 47: local-frozen gen 70 pcc 0.250 sep_end 0 first_sep -1 tag None (0.0s; 2s total)
cal above None mN=0 I=16 rep 48: local-frozen gen 60 pcc 0.125 sep_end 0 first_sep -1 tag None (0.0s; 2s total)
cal h16 None mN=0 I=16 rep 48: local-frozen gen 75 pcc 0.062 sep_end 0 first_sep -1 tag None (0.0s; 2s total)
cal cheap None mN=0 I=16 rep 48: local-frozen gen 35 pcc 0.000 sep_end 0 first_sep -1 tag None (0.0s; 2s total)
cal h4 None mN=0 I=16 rep 48: local-frozen gen 75 pcc 0.188 sep_end 0 first_sep -1 tag None (0.0s; 2s total)
cal h8 None mN=0 I=16 rep 48: local-frozen gen 60 pcc 0.062 sep_end 0 first_sep -1 tag None (0.0s; 2s total)
cal above None mN=0 I=16 rep 49: local-frozen gen 65 pcc 0.062 sep_end 0 first_sep -1 tag None (0.0s; 2s total)
cal uniform None mN=0 I=16 rep 48: local-frozen gen 65 pcc 0.125 sep_end 0 first_sep -1 tag None (0.0s; 2s total)
cal cheap None mN=0 I=16 rep 49: local-frozen gen 80 pcc 0.188 sep_end 3 first_sep 55 tag None (0.0s; 2s total)
cal h16 None mN=0 I=16 rep 49: local-frozen gen 80 pcc 0.188 sep_end 0 first_sep -1 tag None (0.0s; 2s total)
cal h4 None mN=0 I=16 rep 49: local-frozen gen 70 pcc 0.188 sep_end 2 first_sep 70 tag None (0.0s; 2s total)
cal uniform None mN=0 I=16 rep 49: local-frozen gen 60 pcc 0.062 sep_end 0 first_sep -1 tag None (0.0s; 2s total)
cal h8 None mN=0 I=16 rep 49: local-frozen gen 65 pcc 0.250 sep_end 0 first_sep -1 tag None (0.0s; 2s total)
cal above None mN=0 I=16 rep 50: local-frozen gen 40 pcc 0.000 sep_end 0 first_sep -1 tag None (0.0s; 2s total)
cal cheap None mN=0 I=16 rep 50: local-frozen gen 75 pcc 0.062 sep_end 0 first_sep -1 tag None (0.0s; 2s total)
cal h16 None mN=0 I=16 rep 50: local-frozen gen 95 pcc 0.062 sep_end 0 first_sep -1 tag None (0.0s; 2s total)
cal h8 None mN=0 I=16 rep 50: local-frozen gen 85 pcc 0.125 sep_end 0 first_sep -1 tag None (0.0s; 2s total)
cal h4 None mN=0 I=16 rep 50: local-frozen gen 60 pcc 0.062 sep_end 0 first_sep -1 tag None (0.0s; 2s total)
cal uniform None mN=0 I=16 rep 50: local-frozen gen 30 pcc 0.000 sep_end 0 first_sep -1 tag None (0.0s; 2s total)
cal above None mN=0 I=16 rep 51: local-frozen gen 60 pcc 0.062 sep_end 0 first_sep -1 tag None (0.0s; 2s total)
cal cheap None mN=0 I=16 rep 51: local-frozen gen 90 pcc 0.188 sep_end 1 first_sep 85 tag None (0.0s; 2s total)
cal h4 None mN=0 I=16 rep 51: local-frozen gen 65 pcc 0.125 sep_end 0 first_sep -1 tag None (0.0s; 2s total)
cal h8 None mN=0 I=16 rep 51: local-frozen gen 65 pcc 0.062 sep_end 0 first_sep -1 tag None (0.0s; 2s total)
cal h16 None mN=0 I=16 rep 51: local-frozen gen 55 pcc 0.000 sep_end 0 first_sep -1 tag None (0.0s; 2s total)
cal uniform None mN=0 I=16 rep 51: local-frozen gen 45 pcc 0.062 sep_end 0 first_sep -1 tag None (0.0s; 2s total)
cal above None mN=0 I=16 rep 52: local-frozen gen 45 pcc 0.062 sep_end 0 first_sep -1 tag None (0.0s; 2s total)
cal h16 None mN=0 I=16 rep 52: local-frozen gen 45 pcc 0.125 sep_end 0 first_sep -1 tag None (0.0s; 2s total)
cal h4 None mN=0 I=16 rep 52: local-frozen gen 35 pcc 0.000 sep_end 0 first_sep -1 tag None (0.0s; 2s total)
cal h8 None mN=0 I=16 rep 52: local-frozen gen 55 pcc 0.062 sep_end 0 first_sep -1 tag None (0.0s; 2s total)
cal cheap None mN=0 I=16 rep 52: local-frozen gen 80 pcc 0.125 sep_end 0 first_sep -1 tag None (0.0s; 2s total)
cal uniform None mN=0 I=16 rep 52: local-frozen gen 30 pcc 0.000 sep_end 0 first_sep -1 tag None (0.0s; 2s total)
cal above None mN=0 I=16 rep 53: local-frozen gen 40 pcc 0.062 sep_end 0 first_sep -1 tag None (0.0s; 2s total)
cal cheap None mN=0 I=16 rep 53: local-frozen gen 100 pcc 0.188 sep_end 3 first_sep 70 tag None (0.0s; 2s total)
cal h16 None mN=0 I=16 rep 53: local-frozen gen 55 pcc 0.062 sep_end 0 first_sep -1 tag None (0.0s; 2s total)
cal h4 None mN=0 I=16 rep 53: local-frozen gen 65 pcc 0.250 sep_end 1 first_sep 50 tag None (0.0s; 2s total)
cal uniform None mN=0 I=16 rep 53: local-frozen gen 65 pcc 0.062 sep_end 0 first_sep -1 tag None (0.0s; 2s total)
cal above None mN=0 I=16 rep 54: local-frozen gen 55 pcc 0.062 sep_end 0 first_sep -1 tag None (0.0s; 2s total)
cal h8 None mN=0 I=16 rep 53: local-frozen gen 100 pcc 0.188 sep_end 0 first_sep -1 tag None (0.0s; 2s total)
cal cheap None mN=0 I=16 rep 54: local-frozen gen 65 pcc 0.125 sep_end 0 first_sep -1 tag None (0.0s; 2s total)
cal h4 None mN=0 I=16 rep 54: local-frozen gen 85 pcc 0.188 sep_end 2 first_sep -1 tag None (0.0s; 2s total)
cal h8 None mN=0 I=16 rep 54: local-frozen gen 95 pcc 0.125 sep_end 0 first_sep -1 tag None (0.0s; 2s total)
cal h16 None mN=0 I=16 rep 54: local-frozen gen 45 pcc 0.062 sep_end 0 first_sep -1 tag None (0.0s; 2s total)
cal above None mN=0 I=16 rep 55: local-frozen gen 40 pcc 0.062 sep_end 0 first_sep -1 tag None (0.0s; 2s total)
cal uniform None mN=0 I=16 rep 54: local-frozen gen 75 pcc 0.125 sep_end 0 first_sep -1 tag None (0.0s; 2s total)
cal cheap None mN=0 I=16 rep 55: local-frozen gen 75 pcc 0.125 sep_end 0 first_sep -1 tag None (0.0s; 2s total)
cal h16 None mN=0 I=16 rep 55: local-frozen gen 55 pcc 0.062 sep_end 0 first_sep -1 tag None (0.0s; 2s total)
cal h8 None mN=0 I=16 rep 55: local-frozen gen 50 pcc 0.000 sep_end 0 first_sep -1 tag None (0.0s; 2s total)
cal h4 None mN=0 I=16 rep 55: local-frozen gen 90 pcc 0.375 sep_end 3 first_sep 75 tag None (0.0s; 2s total)
cal uniform None mN=0 I=16 rep 55: local-frozen gen 70 pcc 0.188 sep_end 1 first_sep 70 tag None (0.0s; 2s total)
cal above None mN=0 I=16 rep 56: local-frozen gen 65 pcc 0.125 sep_end 0 first_sep -1 tag None (0.0s; 2s total)
cal cheap None mN=0 I=16 rep 56: local-frozen gen 55 pcc 0.000 sep_end 0 first_sep -1 tag None (0.0s; 2s total)
cal h16 None mN=0 I=16 rep 56: local-frozen gen 95 pcc 0.125 sep_end 0 first_sep -1 tag None (0.0s; 2s total)
cal h4 None mN=0 I=16 rep 56: local-frozen gen 50 pcc 0.062 sep_end 0 first_sep -1 tag None (0.0s; 2s total)
cal h8 None mN=0 I=16 rep 56: local-frozen gen 55 pcc 0.062 sep_end 0 first_sep -1 tag None (0.0s; 2s total)
cal above None mN=0 I=16 rep 57: local-frozen gen 70 pcc 0.125 sep_end 0 first_sep -1 tag None (0.0s; 2s total)
cal cheap None mN=0 I=16 rep 57: local-frozen gen 35 pcc 0.000 sep_end 0 first_sep -1 tag None (0.0s; 2s total)
cal uniform None mN=0 I=16 rep 56: local-frozen gen 85 pcc 0.188 sep_end 0 first_sep -1 tag None (0.0s; 2s total)
cal h16 None mN=0 I=16 rep 57: local-frozen gen 35 pcc 0.000 sep_end 0 first_sep -1 tag None (0.0s; 2s total)
cal h4 None mN=0 I=16 rep 57: local-frozen gen 95 pcc 0.250 sep_end 1 first_sep 55 tag None (0.0s; 2s total)
cal h8 None mN=0 I=16 rep 57: local-frozen gen 60 pcc 0.062 sep_end 0 first_sep -1 tag None (0.0s; 2s total)
cal uniform None mN=0 I=16 rep 57: local-frozen gen 80 pcc 0.062 sep_end 0 first_sep -1 tag None (0.0s; 2s total)
cal above None mN=0 I=16 rep 58: local-frozen gen 105 pcc 0.312 sep_end 0 first_sep -1 tag None (0.0s; 2s total)
cal cheap None mN=0 I=16 rep 58: local-frozen gen 85 pcc 0.125 sep_end 0 first_sep -1 tag None (0.0s; 2s total)
cal h16 None mN=0 I=16 rep 58: local-frozen gen 100 pcc 0.250 sep_end 0 first_sep -1 tag None (0.0s; 2s total)
cal h4 None mN=0 I=16 rep 58: local-frozen gen 85 pcc 0.188 sep_end 1 first_sep 50 tag None (0.0s; 2s total)
cal uniform None mN=0 I=16 rep 58: local-frozen gen 40 pcc 0.062 sep_end 0 first_sep -1 tag None (0.0s; 2s total)
cal h8 None mN=0 I=16 rep 58: local-frozen gen 75 pcc 0.125 sep_end 0 first_sep -1 tag None (0.0s; 2s total)
cal above None mN=0 I=16 rep 59: local-frozen gen 55 pcc 0.062 sep_end 0 first_sep -1 tag None (0.0s; 2s total)
cal h16 None mN=0 I=16 rep 59: local-frozen gen 60 pcc 0.062 sep_end 0 first_sep -1 tag None (0.0s; 2s total)
cal h4 None mN=0 I=16 rep 59: local-frozen gen 80 pcc 0.188 sep_end 0 first_sep -1 tag None (0.0s; 2s total)
cal cheap None mN=0 I=16 rep 59: local-frozen gen 80 pcc 0.188 sep_end 0 first_sep -1 tag None (0.0s; 2s total)
cal h8 None mN=0 I=16 rep 59: local-frozen gen 45 pcc 0.125 sep_end 0 first_sep -1 tag None (0.0s; 2s total)
cal above None mN=0 I=16 rep 60: local-frozen gen 35 pcc 0.000 sep_end 0 first_sep -1 tag None (0.0s; 2s total)
cal uniform None mN=0 I=16 rep 59: local-frozen gen 85 pcc 0.250 sep_end 0 first_sep -1 tag None (0.0s; 2s total)
cal cheap None mN=0 I=16 rep 60: local-frozen gen 60 pcc 0.000 sep_end 0 first_sep -1 tag None (0.0s; 2s total)
cal h16 None mN=0 I=16 rep 60: local-frozen gen 80 pcc 0.250 sep_end 0 first_sep -1 tag None (0.0s; 2s total)
cal uniform None mN=0 I=16 rep 60: local-frozen gen 75 pcc 0.188 sep_end 0 first_sep -1 tag None (0.0s; 2s total)
cal h8 None mN=0 I=16 rep 60: local-frozen gen 50 pcc 0.188 sep_end 0 first_sep -1 tag None (0.0s; 2s total)
cal h4 None mN=0 I=16 rep 60: local-frozen gen 90 pcc 0.375 sep_end 2 first_sep 60 tag None (0.0s; 2s total)
cal above None mN=0 I=16 rep 61: local-frozen gen 65 pcc 0.125 sep_end 0 first_sep -1 tag None (0.0s; 2s total)
cal cheap None mN=0 I=16 rep 61: local-frozen gen 80 pcc 0.188 sep_end 2 first_sep 80 tag None (0.0s; 2s total)
cal h4 None mN=0 I=16 rep 61: local-frozen gen 50 pcc 0.125 sep_end 0 first_sep -1 tag None (0.0s; 2s total)
cal h16 None mN=0 I=16 rep 61: local-frozen gen 85 pcc 0.250 sep_end 0 first_sep -1 tag None (0.0s; 2s total)
cal h8 None mN=0 I=16 rep 61: local-frozen gen 50 pcc 0.062 sep_end 0 first_sep -1 tag None (0.0s; 2s total)
cal cheap None mN=0 I=16 rep 62: local-frozen gen 35 pcc 0.000 sep_end 0 first_sep -1 tag None (0.0s; 2s total)
cal above None mN=0 I=16 rep 62: local-frozen gen 65 pcc 0.125 sep_end 0 first_sep -1 tag None (0.0s; 2s total)
cal uniform None mN=0 I=16 rep 61: local-frozen gen 80 pcc 0.250 sep_end 1 first_sep 50 tag None (0.0s; 2s total)
cal h16 None mN=0 I=16 rep 62: local-frozen gen 25 pcc 0.000 sep_end 0 first_sep -1 tag None (0.0s; 2s total)
cal h4 None mN=0 I=16 rep 62: local-frozen gen 65 pcc 0.125 sep_end 1 first_sep 65 tag None (0.0s; 3s total)
cal h8 None mN=0 I=16 rep 62: local-frozen gen 40 pcc 0.000 sep_end 0 first_sep -1 tag None (0.0s; 3s total)
cal uniform None mN=0 I=16 rep 62: local-frozen gen 60 pcc 0.062 sep_end 0 first_sep -1 tag None (0.0s; 3s total)
cal cheap None mN=0 I=16 rep 63: local-frozen gen 75 pcc 0.188 sep_end 0 first_sep -1 tag None (0.0s; 3s total)
cal above None mN=0 I=16 rep 63: local-frozen gen 60 pcc 0.125 sep_end 0 first_sep -1 tag None (0.0s; 3s total)
cal h16 None mN=0 I=16 rep 63: local-frozen gen 65 pcc 0.188 sep_end 0 first_sep -1 tag None (0.0s; 3s total)
cal h8 None mN=0 I=16 rep 63: local-frozen gen 35 pcc 0.000 sep_end 0 first_sep -1 tag None (0.0s; 3s total)
cal h4 None mN=0 I=16 rep 63: local-frozen gen 105 pcc 0.125 sep_end 0 first_sep -1 tag None (0.0s; 3s total)
cal uniform None mN=0 I=16 rep 63: local-frozen gen 85 pcc 0.125 sep_end 0 first_sep -1 tag None (0.0s; 3s total)
cal cheap None mN=0 I=16 rep 64: local-frozen gen 35 pcc 0.000 sep_end 0 first_sep -1 tag None (0.0s; 3s total)
cal h4 None mN=0 I=16 rep 64: local-frozen gen 50 pcc 0.062 sep_end 0 first_sep -1 tag None (0.0s; 3s total)
cal above None mN=0 I=16 rep 64: local-frozen gen 65 pcc 0.250 sep_end 0 first_sep -1 tag None (0.0s; 3s total)
cal h16 None mN=0 I=16 rep 64: local-frozen gen 60 pcc 0.312 sep_end 0 first_sep -1 tag None (0.0s; 3s total)
cal h8 None mN=0 I=16 rep 64: local-frozen gen 35 pcc 0.000 sep_end 0 first_sep -1 tag None (0.0s; 3s total)
cal above None mN=0 I=16 rep 65: local-frozen gen 45 pcc 0.062 sep_end 0 first_sep -1 tag None (0.0s; 3s total)
cal uniform None mN=0 I=16 rep 64: local-frozen gen 30 pcc 0.000 sep_end 0 first_sep -1 tag None (0.0s; 3s total)
cal cheap None mN=0 I=16 rep 65: local-frozen gen 65 pcc 0.062 sep_end 0 first_sep -1 tag None (0.0s; 3s total)
cal h16 None mN=0 I=16 rep 65: local-frozen gen 60 pcc 0.062 sep_end 0 first_sep -1 tag None (0.0s; 3s total)
cal h4 None mN=0 I=16 rep 65: local-frozen gen 55 pcc 0.125 sep_end 1 first_sep 55 tag None (0.0s; 3s total)
cal h8 None mN=0 I=16 rep 65: local-frozen gen 90 pcc 0.125 sep_end 0 first_sep -1 tag None (0.0s; 3s total)
cal uniform None mN=0 I=16 rep 65: local-frozen gen 85 pcc 0.188 sep_end 0 first_sep -1 tag None (0.0s; 3s total)
cal above None mN=0 I=16 rep 66: local-frozen gen 60 pcc 0.062 sep_end 0 first_sep -1 tag None (0.0s; 3s total)
cal h4 None mN=0 I=16 rep 66: local-frozen gen 30 pcc 0.000 sep_end 0 first_sep -1 tag None (0.0s; 3s total)
cal h16 None mN=0 I=16 rep 66: local-frozen gen 50 pcc 0.062 sep_end 0 first_sep -1 tag None (0.0s; 3s total)
cal cheap None mN=0 I=16 rep 66: local-frozen gen 70 pcc 0.250 sep_end 0 first_sep -1 tag None (0.0s; 3s total)
cal h8 None mN=0 I=16 rep 66: local-frozen gen 55 pcc 0.125 sep_end 0 first_sep -1 tag None (0.0s; 3s total)
cal uniform None mN=0 I=16 rep 66: local-frozen gen 55 pcc 0.062 sep_end 0 first_sep -1 tag None (0.0s; 3s total)
cal above None mN=0 I=16 rep 67: local-frozen gen 65 pcc 0.062 sep_end 0 first_sep -1 tag None (0.0s; 3s total)
cal cheap None mN=0 I=16 rep 67: local-frozen gen 55 pcc 0.188 sep_end 0 first_sep -1 tag None (0.0s; 3s total)
cal h8 None mN=0 I=16 rep 67: local-frozen gen 35 pcc 0.000 sep_end 0 first_sep -1 tag None (0.0s; 3s total)
cal h4 None mN=0 I=16 rep 67: local-frozen gen 90 pcc 0.188 sep_end 0 first_sep -1 tag None (0.0s; 3s total)
cal h16 None mN=0 I=16 rep 67: local-frozen gen 95 pcc 0.125 sep_end 0 first_sep -1 tag None (0.0s; 3s total)
cal uniform None mN=0 I=16 rep 67: local-frozen gen 55 pcc 0.125 sep_end 0 first_sep -1 tag None (0.0s; 3s total)
cal above None mN=0 I=16 rep 68: local-frozen gen 45 pcc 0.062 sep_end 0 first_sep -1 tag None (0.0s; 3s total)
cal cheap None mN=0 I=16 rep 68: local-frozen gen 70 pcc 0.125 sep_end 0 first_sep -1 tag None (0.0s; 3s total)
cal h16 None mN=0 I=16 rep 68: local-frozen gen 65 pcc 0.250 sep_end 0 first_sep -1 tag None (0.0s; 3s total)
cal h8 None mN=0 I=16 rep 68: local-frozen gen 60 pcc 0.125 sep_end 0 first_sep -1 tag None (0.0s; 3s total)
cal uniform None mN=0 I=16 rep 68: local-frozen gen 65 pcc 0.250 sep_end 0 first_sep -1 tag None (0.0s; 3s total)
cal h4 None mN=0 I=16 rep 68: local-frozen gen 70 pcc 0.250 sep_end 2 first_sep 70 tag None (0.0s; 3s total)
cal above None mN=0 I=16 rep 69: local-frozen gen 90 pcc 0.250 sep_end 0 first_sep -1 tag None (0.0s; 3s total)
cal cheap None mN=0 I=16 rep 69: local-frozen gen 80 pcc 0.250 sep_end 0 first_sep -1 tag None (0.0s; 3s total)
cal h16 None mN=0 I=16 rep 69: local-frozen gen 120 pcc 0.062 sep_end 0 first_sep -1 tag None (0.0s; 3s total)
cal h4 None mN=0 I=16 rep 69: local-frozen gen 35 pcc 0.062 sep_end 0 first_sep -1 tag None (0.0s; 3s total)
cal h8 None mN=0 I=16 rep 69: local-frozen gen 60 pcc 0.125 sep_end 0 first_sep -1 tag None (0.0s; 3s total)
cal uniform None mN=0 I=16 rep 69: local-frozen gen 50 pcc 0.062 sep_end 0 first_sep -1 tag None (0.0s; 3s total)
cal above None mN=0 I=16 rep 70: local-frozen gen 60 pcc 0.312 sep_end 0 first_sep -1 tag None (0.0s; 3s total)
cal cheap None mN=0 I=16 rep 70: local-frozen gen 60 pcc 0.125 sep_end 0 first_sep -1 tag None (0.0s; 3s total)
cal h16 None mN=0 I=16 rep 70: local-frozen gen 45 pcc 0.062 sep_end 0 first_sep -1 tag None (0.0s; 3s total)
cal h4 None mN=0 I=16 rep 70: local-frozen gen 65 pcc 0.000 sep_end 0 first_sep -1 tag None (0.0s; 3s total)
cal h8 None mN=0 I=16 rep 70: local-frozen gen 75 pcc 0.125 sep_end 0 first_sep -1 tag None (0.0s; 3s total)
cal uniform None mN=0 I=16 rep 70: local-frozen gen 50 pcc 0.125 sep_end 0 first_sep -1 tag None (0.0s; 3s total)
cal above None mN=0 I=16 rep 71: local-frozen gen 75 pcc 0.250 sep_end 0 first_sep -1 tag None (0.0s; 3s total)
cal h4 None mN=0 I=16 rep 71: local-frozen gen 130 pcc 0.062 sep_end 0 first_sep -1 tag None (0.0s; 3s total)
cal h16 None mN=0 I=16 rep 71: local-frozen gen 80 pcc 0.312 sep_end 0 first_sep -1 tag None (0.0s; 3s total)
cal cheap None mN=0 I=16 rep 71: local-frozen gen 105 pcc 0.062 sep_end 0 first_sep -1 tag None (0.0s; 3s total)
cal h8 None mN=0 I=16 rep 71: local-frozen gen 60 pcc 0.312 sep_end 0 first_sep -1 tag None (0.0s; 3s total)
cal above None mN=0 I=16 rep 72: local-frozen gen 55 pcc 0.125 sep_end 0 first_sep -1 tag None (0.0s; 3s total)
cal cheap None mN=0 I=16 rep 72: local-frozen gen 35 pcc 0.062 sep_end 0 first_sep -1 tag None (0.0s; 3s total)
cal h16 None mN=0 I=16 rep 72: local-frozen gen 50 pcc 0.000 sep_end 0 first_sep -1 tag None (0.0s; 3s total)
cal uniform None mN=0 I=16 rep 71: local-frozen gen 95 pcc 0.188 sep_end 0 first_sep -1 tag None (0.0s; 3s total)
cal h4 None mN=0 I=16 rep 72: local-frozen gen 40 pcc 0.000 sep_end 0 first_sep -1 tag None (0.0s; 3s total)
cal uniform None mN=0 I=16 rep 72: local-frozen gen 25 pcc 0.000 sep_end 0 first_sep -1 tag None (0.0s; 3s total)
cal h8 None mN=0 I=16 rep 72: local-frozen gen 90 pcc 0.125 sep_end 0 first_sep -1 tag None (0.0s; 3s total)
cal above None mN=0 I=16 rep 73: local-frozen gen 40 pcc 0.000 sep_end 0 first_sep -1 tag None (0.0s; 3s total)
cal cheap None mN=0 I=16 rep 73: local-frozen gen 65 pcc 0.188 sep_end 0 first_sep -1 tag None (0.0s; 3s total)
cal h16 None mN=0 I=16 rep 73: local-frozen gen 55 pcc 0.188 sep_end 0 first_sep -1 tag None (0.0s; 3s total)
cal h8 None mN=0 I=16 rep 73: local-frozen gen 55 pcc 0.125 sep_end 0 first_sep -1 tag None (0.0s; 3s total)
cal h4 None mN=0 I=16 rep 73: local-frozen gen 85 pcc 0.250 sep_end 1 first_sep 55 tag None (0.0s; 3s total)
cal uniform None mN=0 I=16 rep 73: local-frozen gen 65 pcc 0.188 sep_end 1 first_sep 50 tag None (0.0s; 3s total)
cal above None mN=0 I=16 rep 74: local-frozen gen 45 pcc 0.062 sep_end 0 first_sep -1 tag None (0.0s; 3s total)
cal h16 None mN=0 I=16 rep 74: local-frozen gen 50 pcc 0.125 sep_end 0 first_sep -1 tag None (0.0s; 3s total)
cal cheap None mN=0 I=16 rep 74: local-frozen gen 150 pcc 0.250 sep_end 0 first_sep -1 tag None (0.0s; 3s total)
cal h4 None mN=0 I=16 rep 74: local-frozen gen 70 pcc 0.062 sep_end 0 first_sep -1 tag None (0.0s; 3s total)
cal uniform None mN=0 I=16 rep 74: local-frozen gen 25 pcc 0.000 sep_end 0 first_sep -1 tag None (0.0s; 3s total)
cal h8 None mN=0 I=16 rep 74: local-frozen gen 60 pcc 0.125 sep_end 0 first_sep -1 tag None (0.0s; 3s total)
cal above None mN=0 I=16 rep 75: local-frozen gen 70 pcc 0.062 sep_end 0 first_sep -1 tag None (0.0s; 3s total)
cal cheap None mN=0 I=16 rep 75: local-frozen gen 85 pcc 0.188 sep_end 1 first_sep 85 tag None (0.0s; 3s total)
cal h16 None mN=0 I=16 rep 75: local-frozen gen 105 pcc 0.125 sep_end 0 first_sep -1 tag None (0.0s; 3s total)
cal h4 None mN=0 I=16 rep 75: local-frozen gen 40 pcc 0.000 sep_end 0 first_sep -1 tag None (0.0s; 3s total)
cal uniform None mN=0 I=16 rep 75: local-frozen gen 35 pcc 0.000 sep_end 0 first_sep -1 tag None (0.0s; 3s total)
cal h8 None mN=0 I=16 rep 75: local-frozen gen 60 pcc 0.188 sep_end 0 first_sep -1 tag None (0.0s; 3s total)
cal h16 None mN=0 I=16 rep 76: local-frozen gen 55 pcc 0.125 sep_end 0 first_sep -1 tag None (0.0s; 3s total)
cal above None mN=0 I=16 rep 76: local-frozen gen 75 pcc 0.062 sep_end 0 first_sep -1 tag None (0.0s; 3s total)
cal cheap None mN=0 I=16 rep 76: local-frozen gen 65 pcc 0.125 sep_end 0 first_sep -1 tag None (0.0s; 3s total)
cal h8 None mN=0 I=16 rep 76: local-frozen gen 65 pcc 0.188 sep_end 0 first_sep -1 tag None (0.0s; 3s total)
cal h4 None mN=0 I=16 rep 76: local-frozen gen 110 pcc 0.375 sep_end 2 first_sep 65 tag None (0.0s; 3s total)
cal above None mN=0 I=16 rep 77: local-frozen gen 35 pcc 0.000 sep_end 0 first_sep -1 tag None (0.0s; 3s total)
cal uniform None mN=0 I=16 rep 76: local-frozen gen 95 pcc 0.125 sep_end 0 first_sep -1 tag None (0.0s; 3s total)
cal cheap None mN=0 I=16 rep 77: local-frozen gen 55 pcc 0.125 sep_end 1 first_sep 55 tag None (0.0s; 3s total)
cal h16 None mN=0 I=16 rep 77: local-frozen gen 65 pcc 0.125 sep_end 0 first_sep -1 tag None (0.0s; 3s total)
cal h4 None mN=0 I=16 rep 77: local-frozen gen 60 pcc 0.188 sep_end 1 first_sep 55 tag None (0.0s; 3s total)
cal uniform None mN=0 I=16 rep 77: local-frozen gen 30 pcc 0.000 sep_end 0 first_sep -1 tag None (0.0s; 3s total)
cal above None mN=0 I=16 rep 78: local-frozen gen 50 pcc 0.125 sep_end 0 first_sep -1 tag None (0.0s; 3s total)
cal h8 None mN=0 I=16 rep 77: local-frozen gen 55 pcc 0.000 sep_end 0 first_sep -1 tag None (0.0s; 3s total)
cal cheap None mN=0 I=16 rep 78: local-frozen gen 90 pcc 0.125 sep_end 0 first_sep -1 tag None (0.0s; 3s total)
cal h4 None mN=0 I=16 rep 78: local-frozen gen 25 pcc 0.000 sep_end 0 first_sep -1 tag None (0.0s; 3s total)
cal h16 None mN=0 I=16 rep 78: local-frozen gen 105 pcc 0.188 sep_end 0 first_sep -1 tag None (0.0s; 3s total)
cal h8 None mN=0 I=16 rep 78: local-frozen gen 30 pcc 0.000 sep_end 0 first_sep -1 tag None (0.0s; 3s total)
cal uniform None mN=0 I=16 rep 78: local-frozen gen 35 pcc 0.000 sep_end 0 first_sep -1 tag None (0.0s; 3s total)
cal above None mN=0 I=16 rep 79: local-frozen gen 90 pcc 0.250 sep_end 0 first_sep -1 tag None (0.0s; 3s total)
cal cheap None mN=0 I=16 rep 79: local-frozen gen 55 pcc 0.125 sep_end 0 first_sep -1 tag None (0.0s; 3s total)
cal h16 None mN=0 I=16 rep 79: local-frozen gen 50 pcc 0.188 sep_end 0 first_sep -1 tag None (0.0s; 3s total)
cal h4 None mN=0 I=16 rep 79: local-frozen gen 70 pcc 0.062 sep_end 0 first_sep -1 tag None (0.0s; 3s total)
cal h8 None mN=0 I=16 rep 79: local-frozen gen 115 pcc 0.125 sep_end 0 first_sep -1 tag None (0.0s; 3s total)
cal above None mN=0 I=16 rep 80: local-frozen gen 40 pcc 0.062 sep_end 0 first_sep -1 tag None (0.0s; 3s total)
cal uniform None mN=0 I=16 rep 79: local-frozen gen 95 pcc 0.062 sep_end 0 first_sep -1 tag None (0.0s; 3s total)
cal cheap None mN=0 I=16 rep 80: local-frozen gen 80 pcc 0.125 sep_end 0 first_sep -1 tag None (0.0s; 3s total)
cal h16 None mN=0 I=16 rep 80: local-frozen gen 55 pcc 0.062 sep_end 0 first_sep -1 tag None (0.0s; 3s total)
cal h4 None mN=0 I=16 rep 80: local-frozen gen 70 pcc 0.125 sep_end 0 first_sep -1 tag None (0.0s; 3s total)
cal uniform None mN=0 I=16 rep 80: local-frozen gen 85 pcc 0.062 sep_end 0 first_sep -1 tag None (0.0s; 3s total)
cal h8 None mN=0 I=16 rep 80: local-frozen gen 40 pcc 0.062 sep_end 0 first_sep -1 tag None (0.0s; 3s total)
cal above None mN=0 I=16 rep 81: local-frozen gen 60 pcc 0.188 sep_end 0 first_sep -1 tag None (0.0s; 3s total)
cal h16 None mN=0 I=16 rep 81: local-frozen gen 50 pcc 0.062 sep_end 0 first_sep -1 tag None (0.0s; 3s total)
cal h4 None mN=0 I=16 rep 81: local-frozen gen 50 pcc 0.188 sep_end 1 first_sep 50 tag None (0.0s; 3s total)
cal cheap None mN=0 I=16 rep 81: local-frozen gen 90 pcc 0.188 sep_end 1 first_sep 50 tag None (0.0s; 3s total)
cal above None mN=0 I=16 rep 82: local-frozen gen 25 pcc 0.000 sep_end 0 first_sep -1 tag None (0.0s; 3s total)
cal uniform None mN=0 I=16 rep 81: local-frozen gen 55 pcc 0.062 sep_end 0 first_sep -1 tag None (0.0s; 3s total)
cal h8 None mN=0 I=16 rep 81: local-frozen gen 110 pcc 0.188 sep_end 0 first_sep -1 tag None (0.0s; 3s total)
cal h16 None mN=0 I=16 rep 82: local-frozen gen 55 pcc 0.250 sep_end 0 first_sep -1 tag None (0.0s; 3s total)
cal cheap None mN=0 I=16 rep 82: local-frozen gen 65 pcc 0.125 sep_end 0 first_sep -1 tag None (0.0s; 3s total)
cal h4 None mN=0 I=16 rep 82: local-frozen gen 115 pcc 0.250 sep_end 0 first_sep -1 tag None (0.0s; 3s total)
cal h8 None mN=0 I=16 rep 82: local-frozen gen 80 pcc 0.250 sep_end 0 first_sep -1 tag None (0.0s; 3s total)
cal uniform None mN=0 I=16 rep 82: local-frozen gen 90 pcc 0.250 sep_end 3 first_sep 55 tag None (0.0s; 3s total)
cal above None mN=0 I=16 rep 83: local-frozen gen 90 pcc 0.312 sep_end 0 first_sep -1 tag None (0.0s; 3s total)
cal h16 None mN=0 I=16 rep 83: local-frozen gen 50 pcc 0.062 sep_end 0 first_sep -1 tag None (0.0s; 3s total)
cal cheap None mN=0 I=16 rep 83: local-frozen gen 45 pcc 0.062 sep_end 0 first_sep -1 tag None (0.0s; 3s total)
cal h8 None mN=0 I=16 rep 83: local-frozen gen 45 pcc 0.062 sep_end 0 first_sep -1 tag None (0.0s; 3s total)
cal uniform None mN=0 I=16 rep 83: local-frozen gen 60 pcc 0.188 sep_end 1 first_sep 45 tag None (0.0s; 3s total)
cal h4 None mN=0 I=16 rep 83: local-frozen gen 55 pcc 0.125 sep_end 0 first_sep -1 tag None (0.0s; 3s total)
cal h16 None mN=0 I=16 rep 84: local-frozen gen 30 pcc 0.000 sep_end 0 first_sep -1 tag None (0.0s; 3s total)
cal above None mN=0 I=16 rep 84: local-frozen gen 80 pcc 0.125 sep_end 0 first_sep -1 tag None (0.0s; 3s total)
cal cheap None mN=0 I=16 rep 84: local-frozen gen 45 pcc 0.062 sep_end 0 first_sep -1 tag None (0.0s; 3s total)
cal h4 None mN=0 I=16 rep 84: local-frozen gen 55 pcc 0.125 sep_end 0 first_sep -1 tag None (0.0s; 3s total)
cal h8 None mN=0 I=16 rep 84: local-frozen gen 65 pcc 0.125 sep_end 0 first_sep -1 tag None (0.0s; 3s total)
cal uniform None mN=0 I=16 rep 84: local-frozen gen 60 pcc 0.062 sep_end 0 first_sep -1 tag None (0.0s; 3s total)
cal cheap None mN=0 I=16 rep 85: local-frozen gen 85 pcc 0.062 sep_end 0 first_sep -1 tag None (0.0s; 3s total)
cal above None mN=0 I=16 rep 85: local-frozen gen 70 pcc 0.000 sep_end 0 first_sep -1 tag None (0.0s; 3s total)
cal h16 None mN=0 I=16 rep 85: local-frozen gen 65 pcc 0.125 sep_end 0 first_sep -1 tag None (0.0s; 3s total)
cal h8 None mN=0 I=16 rep 85: local-frozen gen 60 pcc 0.125 sep_end 0 first_sep -1 tag None (0.0s; 3s total)
cal h4 None mN=0 I=16 rep 85: local-frozen gen 65 pcc 0.375 sep_end 1 first_sep 50 tag None (0.0s; 3s total)
cal uniform None mN=0 I=16 rep 85: local-frozen gen 75 pcc 0.250 sep_end 1 first_sep 60 tag None (0.0s; 3s total)
cal above None mN=0 I=16 rep 86: local-frozen gen 75 pcc 0.188 sep_end 0 first_sep -1 tag None (0.0s; 3s total)
cal cheap None mN=0 I=16 rep 86: local-frozen gen 70 pcc 0.188 sep_end 0 first_sep -1 tag None (0.0s; 3s total)
cal h4 None mN=0 I=16 rep 86: local-frozen gen 65 pcc 0.125 sep_end 0 first_sep -1 tag None (0.0s; 3s total)
cal h8 None mN=0 I=16 rep 86: local-frozen gen 65 pcc 0.188 sep_end 0 first_sep -1 tag None (0.0s; 3s total)
cal h16 None mN=0 I=16 rep 86: local-frozen gen 75 pcc 0.438 sep_end 0 first_sep -1 tag None (0.0s; 3s total)
cal uniform None mN=0 I=16 rep 86: local-frozen gen 70 pcc 0.188 sep_end 0 first_sep -1 tag None (0.0s; 3s total)
cal cheap None mN=0 I=16 rep 87: local-frozen gen 75 pcc 0.125 sep_end 0 first_sep -1 tag None (0.0s; 3s total)
cal above None mN=0 I=16 rep 87: local-frozen gen 75 pcc 0.250 sep_end 0 first_sep -1 tag None (0.0s; 3s total)
cal h8 None mN=0 I=16 rep 87: local-frozen gen 115 pcc 0.375 sep_end 0 first_sep -1 tag None (0.0s; 3s total)
cal h16 None mN=0 I=16 rep 87: local-frozen gen 70 pcc 0.188 sep_end 0 first_sep -1 tag None (0.0s; 3s total)
cal h4 None mN=0 I=16 rep 87: local-frozen gen 65 pcc 0.125 sep_end 1 first_sep -1 tag None (0.0s; 3s total)
cal above None mN=0 I=16 rep 88: local-frozen gen 75 pcc 0.125 sep_end 0 first_sep -1 tag None (0.0s; 3s total)
cal cheap None mN=0 I=16 rep 88: local-frozen gen 95 pcc 0.062 sep_end 0 first_sep -1 tag None (0.0s; 3s total)
cal h16 None mN=0 I=16 rep 88: local-frozen gen 55 pcc 0.125 sep_end 0 first_sep -1 tag None (0.0s; 3s total)
cal uniform None mN=0 I=16 rep 87: local-frozen gen 60 pcc 0.062 sep_end 0 first_sep -1 tag None (0.0s; 3s total)
cal h4 None mN=0 I=16 rep 88: local-frozen gen 80 pcc 0.188 sep_end 0 first_sep -1 tag None (0.0s; 3s total)
cal above None mN=0 I=16 rep 89: local-frozen gen 45 pcc 0.125 sep_end 0 first_sep -1 tag None (0.0s; 3s total)
cal uniform None mN=0 I=16 rep 88: local-frozen gen 35 pcc 0.000 sep_end 0 first_sep -1 tag None (0.0s; 3s total)
cal h8 None mN=0 I=16 rep 88: local-frozen gen 70 pcc 0.062 sep_end 0 first_sep -1 tag None (0.0s; 3s total)
cal cheap None mN=0 I=16 rep 89: local-frozen gen 70 pcc 0.312 sep_end 0 first_sep -1 tag None (0.0s; 3s total)
cal h16 None mN=0 I=16 rep 89: local-frozen gen 70 pcc 0.125 sep_end 0 first_sep -1 tag None (0.0s; 3s total)
cal h4 None mN=0 I=16 rep 89: local-frozen gen 70 pcc 0.125 sep_end 0 first_sep -1 tag None (0.0s; 3s total)
cal h8 None mN=0 I=16 rep 89: local-frozen gen 55 pcc 0.188 sep_end 0 first_sep -1 tag None (0.0s; 3s total)
cal uniform None mN=0 I=16 rep 89: local-frozen gen 60 pcc 0.125 sep_end 0 first_sep -1 tag None (0.0s; 3s total)
cal cheap None mN=0 I=16 rep 90: local-frozen gen 50 pcc 0.250 sep_end 2 first_sep 45 tag None (0.0s; 3s total)
cal above None mN=0 I=16 rep 90: local-frozen gen 40 pcc 0.062 sep_end 0 first_sep -1 tag None (0.0s; 3s total)
cal h16 None mN=0 I=16 rep 90: local-frozen gen 55 pcc 0.062 sep_end 0 first_sep -1 tag None (0.0s; 3s total)
cal h4 None mN=0 I=16 rep 90: local-frozen gen 85 pcc 0.062 sep_end 0 first_sep -1 tag None (0.0s; 3s total)
cal h8 None mN=0 I=16 rep 90: local-frozen gen 60 pcc 0.188 sep_end 0 first_sep -1 tag None (0.0s; 3s total)
cal uniform None mN=0 I=16 rep 90: local-frozen gen 55 pcc 0.125 sep_end 0 first_sep -1 tag None (0.0s; 3s total)
cal above None mN=0 I=16 rep 91: local-frozen gen 90 pcc 0.250 sep_end 0 first_sep -1 tag None (0.0s; 3s total)
cal cheap None mN=0 I=16 rep 91: local-frozen gen 100 pcc 0.188 sep_end 1 first_sep 100 tag None (0.0s; 3s total)
cal h16 None mN=0 I=16 rep 91: local-frozen gen 45 pcc 0.000 sep_end 0 first_sep -1 tag None (0.0s; 3s total)
cal h4 None mN=0 I=16 rep 91: local-frozen gen 55 pcc 0.125 sep_end 0 first_sep -1 tag None (0.0s; 3s total)
cal h8 None mN=0 I=16 rep 91: local-frozen gen 50 pcc 0.125 sep_end 0 first_sep -1 tag None (0.0s; 3s total)
cal above None mN=0 I=16 rep 92: local-frozen gen 55 pcc 0.188 sep_end 0 first_sep -1 tag None (0.0s; 3s total)
cal uniform None mN=0 I=16 rep 91: local-frozen gen 30 pcc 0.000 sep_end 0 first_sep -1 tag None (0.0s; 3s total)
cal h4 None mN=0 I=16 rep 92: local-frozen gen 45 pcc 0.062 sep_end 0 first_sep -1 tag None (0.0s; 3s total)
cal h16 None mN=0 I=16 rep 92: local-frozen gen 60 pcc 0.062 sep_end 0 first_sep -1 tag None (0.0s; 3s total)
cal h8 None mN=0 I=16 rep 92: local-frozen gen 40 pcc 0.062 sep_end 0 first_sep -1 tag None (0.0s; 3s total)
cal cheap None mN=0 I=16 rep 92: local-frozen gen 70 pcc 0.312 sep_end 1 first_sep 55 tag None (0.0s; 3s total)
cal above None mN=0 I=16 rep 93: local-frozen gen 55 pcc 0.062 sep_end 0 first_sep -1 tag None (0.0s; 3s total)
cal cheap None mN=0 I=16 rep 93: local-frozen gen 60 pcc 0.188 sep_end 0 first_sep -1 tag None (0.0s; 3s total)
cal uniform None mN=0 I=16 rep 92: local-frozen gen 80 pcc 0.062 sep_end 0 first_sep -1 tag None (0.0s; 3s total)
cal h4 None mN=0 I=16 rep 93: local-frozen gen 90 pcc 0.125 sep_end 0 first_sep -1 tag None (0.0s; 3s total)
cal h8 None mN=0 I=16 rep 93: local-frozen gen 50 pcc 0.062 sep_end 0 first_sep -1 tag None (0.0s; 3s total)
cal h16 None mN=0 I=16 rep 93: local-frozen gen 45 pcc 0.062 sep_end 0 first_sep -1 tag None (0.0s; 3s total)
cal uniform None mN=0 I=16 rep 93: local-frozen gen 55 pcc 0.125 sep_end 0 first_sep -1 tag None (0.0s; 3s total)
cal above None mN=0 I=16 rep 94: local-frozen gen 30 pcc 0.000 sep_end 0 first_sep -1 tag None (0.0s; 3s total)
cal cheap None mN=0 I=16 rep 94: local-frozen gen 55 pcc 0.062 sep_end 0 first_sep -1 tag None (0.0s; 3s total)
cal h16 None mN=0 I=16 rep 94: local-frozen gen 55 pcc 0.125 sep_end 0 first_sep -1 tag None (0.0s; 3s total)
cal h4 None mN=0 I=16 rep 94: local-frozen gen 60 pcc 0.062 sep_end 0 first_sep -1 tag None (0.0s; 3s total)
cal uniform None mN=0 I=16 rep 94: local-frozen gen 45 pcc 0.250 sep_end 0 first_sep -1 tag None (0.0s; 3s total)
cal above None mN=0 I=16 rep 95: local-frozen gen 85 pcc 0.250 sep_end 0 first_sep -1 tag None (0.0s; 3s total)
cal h8 None mN=0 I=16 rep 94: local-frozen gen 70 pcc 0.125 sep_end 0 first_sep -1 tag None (0.0s; 3s total)
cal cheap None mN=0 I=16 rep 95: local-frozen gen 85 pcc 0.188 sep_end 1 first_sep 65 tag None (0.0s; 3s total)
cal h4 None mN=0 I=16 rep 95: local-frozen gen 85 pcc 0.188 sep_end 1 first_sep 85 tag None (0.0s; 3s total)
cal h8 None mN=0 I=16 rep 95: local-frozen gen 75 pcc 0.188 sep_end 0 first_sep -1 tag None (0.0s; 3s total)
cal h16 None mN=0 I=16 rep 95: local-frozen gen 140 pcc 0.375 sep_end 0 first_sep -1 tag None (0.0s; 3s total)
cal above None mN=0 I=16 rep 96: local-frozen gen 60 pcc 0.062 sep_end 0 first_sep -1 tag None (0.0s; 3s total)
cal uniform None mN=0 I=16 rep 95: local-frozen gen 90 pcc 0.188 sep_end 1 first_sep 90 tag None (0.0s; 3s total)
cal h16 None mN=0 I=16 rep 96: local-frozen gen 50 pcc 0.188 sep_end 0 first_sep -1 tag None (0.0s; 3s total)
cal h4 None mN=0 I=16 rep 96: local-frozen gen 95 pcc 0.125 sep_end 1 first_sep 95 tag None (0.0s; 3s total)
cal cheap None mN=0 I=16 rep 96: local-frozen gen 90 pcc 0.312 sep_end 3 first_sep 70 tag None (0.0s; 3s total)
cal h8 None mN=0 I=16 rep 96: local-frozen gen 95 pcc 0.250 sep_end 0 first_sep -1 tag None (0.0s; 3s total)
cal above None mN=0 I=16 rep 97: local-frozen gen 60 pcc 0.062 sep_end 0 first_sep -1 tag None (0.0s; 3s total)
cal uniform None mN=0 I=16 rep 96: local-frozen gen 130 pcc 0.438 sep_end 2 first_sep 60 tag None (0.0s; 3s total)
cal h16 None mN=0 I=16 rep 97: local-frozen gen 75 pcc 0.125 sep_end 0 first_sep -1 tag None (0.0s; 3s total)
cal cheap None mN=0 I=16 rep 97: local-frozen gen 45 pcc 0.125 sep_end 0 first_sep -1 tag None (0.0s; 3s total)
cal h4 None mN=0 I=16 rep 97: local-frozen gen 110 pcc 0.250 sep_end 0 first_sep -1 tag None (0.0s; 3s total)
cal uniform None mN=0 I=16 rep 97: local-frozen gen 95 pcc 0.062 sep_end 0 first_sep -1 tag None (0.0s; 3s total)
cal h8 None mN=0 I=16 rep 97: local-frozen gen 55 pcc 0.188 sep_end 0 first_sep -1 tag None (0.0s; 3s total)
cal above None mN=0 I=16 rep 98: local-frozen gen 85 pcc 0.125 sep_end 0 first_sep -1 tag None (0.0s; 3s total)
cal cheap None mN=0 I=16 rep 98: local-frozen gen 55 pcc 0.188 sep_end 0 first_sep -1 tag None (0.0s; 3s total)
cal h16 None mN=0 I=16 rep 98: local-frozen gen 70 pcc 0.188 sep_end 0 first_sep -1 tag None (0.0s; 3s total)
cal h8 None mN=0 I=16 rep 98: local-frozen gen 55 pcc 0.188 sep_end 0 first_sep -1 tag None (0.0s; 3s total)
cal h4 None mN=0 I=16 rep 98: local-frozen gen 85 pcc 0.375 sep_end 3 first_sep 70 tag None (0.0s; 3s total)
cal uniform None mN=0 I=16 rep 98: local-frozen gen 60 pcc 0.125 sep_end 0 first_sep -1 tag None (0.0s; 3s total)
cal above None mN=0 I=16 rep 99: local-frozen gen 50 pcc 0.062 sep_end 0 first_sep -1 tag None (0.0s; 3s total)
cal cheap None mN=0 I=16 rep 99: local-frozen gen 75 pcc 0.125 sep_end 1 first_sep 75 tag None (0.0s; 3s total)
cal h16 None mN=0 I=16 rep 99: local-frozen gen 45 pcc 0.062 sep_end 0 first_sep -1 tag None (0.0s; 3s total)
cal h8 None mN=0 I=16 rep 99: local-frozen gen 60 pcc 0.188 sep_end 0 first_sep -1 tag None (0.0s; 3s total)
cal h4 None mN=0 I=16 rep 99: local-frozen gen 70 pcc 0.188 sep_end 1 first_sep 70 tag None (0.0s; 3s total)
cal uniform None mN=0 I=16 rep 99: local-frozen gen 60 pcc 0.125 sep_end 0 first_sep -1 tag None (0.0s; 3s total)
cal above None mN=0 I=16 rep 100: local-frozen gen 50 pcc 0.125 sep_end 0 first_sep -1 tag None (0.0s; 4s total)
cal cheap None mN=0 I=16 rep 100: local-frozen gen 60 pcc 0.188 sep_end 1 first_sep 50 tag None (0.0s; 4s total)
cal h16 None mN=0 I=16 rep 100: local-frozen gen 65 pcc 0.125 sep_end 0 first_sep -1 tag None (0.0s; 4s total)
cal h4 None mN=0 I=16 rep 100: local-frozen gen 60 pcc 0.125 sep_end 1 first_sep 60 tag None (0.0s; 4s total)
cal uniform None mN=0 I=16 rep 100: local-frozen gen 90 pcc 0.312 sep_end 0 first_sep -1 tag None (0.0s; 4s total)
cal above None mN=0 I=16 rep 101: local-frozen gen 75 pcc 0.125 sep_end 0 first_sep -1 tag None (0.0s; 4s total)
cal h8 None mN=0 I=16 rep 100: local-frozen gen 90 pcc 0.188 sep_end 0 first_sep -1 tag None (0.0s; 4s total)
cal cheap None mN=0 I=16 rep 101: local-frozen gen 75 pcc 0.188 sep_end 1 first_sep 75 tag None (0.0s; 4s total)
cal h16 None mN=0 I=16 rep 101: local-frozen gen 45 pcc 0.062 sep_end 0 first_sep -1 tag None (0.0s; 4s total)
cal h4 None mN=0 I=16 rep 101: local-frozen gen 85 pcc 0.125 sep_end 0 first_sep -1 tag None (0.0s; 4s total)
cal above None mN=0 I=16 rep 102: local-frozen gen 55 pcc 0.125 sep_end 0 first_sep -1 tag None (0.0s; 4s total)
cal h8 None mN=0 I=16 rep 101: local-frozen gen 55 pcc 0.125 sep_end 0 first_sep -1 tag None (0.0s; 4s total)
cal uniform None mN=0 I=16 rep 101: local-frozen gen 85 pcc 0.125 sep_end 0 first_sep -1 tag None (0.0s; 4s total)
cal cheap None mN=0 I=16 rep 102: local-frozen gen 70 pcc 0.250 sep_end 0 first_sep -1 tag None (0.0s; 4s total)
cal h16 None mN=0 I=16 rep 102: local-frozen gen 50 pcc 0.062 sep_end 0 first_sep -1 tag None (0.0s; 4s total)
cal h8 None mN=0 I=16 rep 102: local-frozen gen 35 pcc 0.062 sep_end 0 first_sep -1 tag None (0.0s; 4s total)
cal h4 None mN=0 I=16 rep 102: local-frozen gen 55 pcc 0.125 sep_end 0 first_sep -1 tag None (0.0s; 4s total)
cal uniform None mN=0 I=16 rep 102: local-frozen gen 60 pcc 0.125 sep_end 0 first_sep -1 tag None (0.0s; 4s total)
cal above None mN=0 I=16 rep 103: local-frozen gen 70 pcc 0.188 sep_end 0 first_sep -1 tag None (0.0s; 4s total)
cal cheap None mN=0 I=16 rep 103: local-frozen gen 60 pcc 0.062 sep_end 0 first_sep -1 tag None (0.0s; 4s total)
cal h16 None mN=0 I=16 rep 103: local-frozen gen 75 pcc 0.125 sep_end 0 first_sep -1 tag None (0.0s; 4s total)
cal h8 None mN=0 I=16 rep 103: local-frozen gen 45 pcc 0.062 sep_end 0 first_sep -1 tag None (0.0s; 4s total)
cal uniform None mN=0 I=16 rep 103: local-frozen gen 60 pcc 0.188 sep_end 0 first_sep -1 tag None (0.0s; 4s total)
cal h4 None mN=0 I=16 rep 103: local-frozen gen 75 pcc 0.312 sep_end 0 first_sep -1 tag None (0.0s; 4s total)
cal above None mN=0 I=16 rep 104: local-frozen gen 60 pcc 0.062 sep_end 0 first_sep -1 tag None (0.0s; 4s total)
cal cheap None mN=0 I=16 rep 104: local-frozen gen 70 pcc 0.125 sep_end 0 first_sep -1 tag None (0.0s; 4s total)
cal h16 None mN=0 I=16 rep 104: local-frozen gen 50 pcc 0.188 sep_end 0 first_sep -1 tag None (0.0s; 4s total)
cal h8 None mN=0 I=16 rep 104: local-frozen gen 80 pcc 0.125 sep_end 0 first_sep -1 tag None (0.0s; 4s total)
cal h4 None mN=0 I=16 rep 104: local-frozen gen 90 pcc 0.250 sep_end 1 first_sep 45 tag None (0.0s; 4s total)
cal uniform None mN=0 I=16 rep 104: local-frozen gen 60 pcc 0.250 sep_end 3 first_sep 55 tag None (0.0s; 4s total)
cal cheap None mN=0 I=16 rep 105: local-frozen gen 75 pcc 0.062 sep_end 0 first_sep -1 tag None (0.0s; 4s total)
cal above None mN=0 I=16 rep 105: local-frozen gen 70 pcc 0.062 sep_end 0 first_sep -1 tag None (0.0s; 4s total)
cal h16 None mN=0 I=16 rep 105: local-frozen gen 70 pcc 0.188 sep_end 0 first_sep -1 tag None (0.0s; 4s total)
cal h8 None mN=0 I=16 rep 105: local-frozen gen 85 pcc 0.062 sep_end 0 first_sep -1 tag None (0.0s; 4s total)
cal uniform None mN=0 I=16 rep 105: local-frozen gen 30 pcc 0.000 sep_end 0 first_sep -1 tag None (0.0s; 4s total)
cal h4 None mN=0 I=16 rep 105: local-frozen gen 65 pcc 0.000 sep_end 0 first_sep -1 tag None (0.0s; 4s total)
cal above None mN=0 I=16 rep 106: local-frozen gen 55 pcc 0.125 sep_end 0 first_sep -1 tag None (0.0s; 4s total)
cal cheap None mN=0 I=16 rep 106: local-frozen gen 110 pcc 0.188 sep_end 0 first_sep -1 tag None (0.0s; 4s total)
cal h4 None mN=0 I=16 rep 106: local-frozen gen 60 pcc 0.188 sep_end 1 first_sep 60 tag None (0.0s; 4s total)
cal h16 None mN=0 I=16 rep 106: local-frozen gen 50 pcc 0.188 sep_end 0 first_sep -1 tag None (0.0s; 4s total)
cal h8 None mN=0 I=16 rep 106: local-frozen gen 80 pcc 0.125 sep_end 0 first_sep -1 tag None (0.0s; 4s total)
cal uniform None mN=0 I=16 rep 106: local-frozen gen 60 pcc 0.188 sep_end 0 first_sep -1 tag None (0.0s; 4s total)
cal above None mN=0 I=16 rep 107: local-frozen gen 35 pcc 0.000 sep_end 0 first_sep -1 tag None (0.0s; 4s total)
cal cheap None mN=0 I=16 rep 107: local-frozen gen 75 pcc 0.188 sep_end 1 first_sep 45 tag None (0.0s; 4s total)
cal h16 None mN=0 I=16 rep 107: local-frozen gen 70 pcc 0.125 sep_end 0 first_sep -1 tag None (0.0s; 4s total)
cal h4 None mN=0 I=16 rep 107: local-frozen gen 50 pcc 0.125 sep_end 0 first_sep -1 tag None (0.0s; 4s total)
cal h8 None mN=0 I=16 rep 107: local-frozen gen 85 pcc 0.125 sep_end 0 first_sep -1 tag None (0.0s; 4s total)
cal uniform None mN=0 I=16 rep 107: local-frozen gen 65 pcc 0.188 sep_end 0 first_sep -1 tag None (0.0s; 4s total)
cal above None mN=0 I=16 rep 108: local-frozen gen 50 pcc 0.000 sep_end 0 first_sep -1 tag None (0.0s; 4s total)
cal cheap None mN=0 I=16 rep 108: local-frozen gen 50 pcc 0.000 sep_end 0 first_sep -1 tag None (0.0s; 4s total)
cal h16 None mN=0 I=16 rep 108: local-frozen gen 80 pcc 0.250 sep_end 0 first_sep -1 tag None (0.0s; 4s total)
cal h4 None mN=0 I=16 rep 108: local-frozen gen 60 pcc 0.188 sep_end 1 first_sep 60 tag None (0.0s; 4s total)
cal h8 None mN=0 I=16 rep 108: local-frozen gen 70 pcc 0.062 sep_end 0 first_sep -1 tag None (0.0s; 4s total)
cal uniform None mN=0 I=16 rep 108: local-frozen gen 55 pcc 0.250 sep_end 0 first_sep -1 tag None (0.0s; 4s total)
cal cheap None mN=0 I=16 rep 109: local-frozen gen 85 pcc 0.188 sep_end 0 first_sep -1 tag None (0.0s; 4s total)
cal above None mN=0 I=16 rep 109: local-frozen gen 105 pcc 0.125 sep_end 0 first_sep -1 tag None (0.0s; 4s total)
cal h16 None mN=0 I=16 rep 109: local-frozen gen 60 pcc 0.125 sep_end 0 first_sep -1 tag None (0.0s; 4s total)
cal h8 None mN=0 I=16 rep 109: local-frozen gen 85 pcc 0.188 sep_end 0 first_sep -1 tag None (0.0s; 4s total)
cal uniform None mN=0 I=16 rep 109: local-frozen gen 85 pcc 0.125 sep_end 0 first_sep -1 tag None (0.0s; 4s total)
cal above None mN=0 I=16 rep 110: local-frozen gen 65 pcc 0.062 sep_end 0 first_sep -1 tag None (0.0s; 4s total)
cal h16 None mN=0 I=16 rep 110: local-frozen gen 85 pcc 0.125 sep_end 0 first_sep -1 tag None (0.0s; 4s total)
cal h4 None mN=0 I=16 rep 109: local-frozen gen 85 pcc 0.312 sep_end 1 first_sep 75 tag None (0.0s; 4s total)
cal h4 None mN=0 I=16 rep 110: local-frozen gen 60 pcc 0.125 sep_end 0 first_sep -1 tag None (0.0s; 4s total)
cal h8 None mN=0 I=16 rep 110: local-frozen gen 75 pcc 0.188 sep_end 0 first_sep -1 tag None (0.0s; 4s total)
cal cheap None mN=0 I=16 rep 110: local-frozen gen 75 pcc 0.250 sep_end 0 first_sep -1 tag None (0.0s; 4s total)
cal above None mN=0 I=16 rep 111: local-frozen gen 50 pcc 0.062 sep_end 0 first_sep -1 tag None (0.0s; 4s total)
cal uniform None mN=0 I=16 rep 110: local-frozen gen 75 pcc 0.125 sep_end 0 first_sep -1 tag None (0.0s; 4s total)
cal h16 None mN=0 I=16 rep 111: local-frozen gen 105 pcc 0.125 sep_end 0 first_sep -1 tag None (0.0s; 4s total)
cal cheap None mN=0 I=16 rep 111: local-frozen gen 75 pcc 0.312 sep_end 1 first_sep -1 tag None (0.0s; 4s total)
cal h4 None mN=0 I=16 rep 111: local-frozen gen 110 pcc 0.250 sep_end 1 first_sep 80 tag None (0.0s; 4s total)
cal h8 None mN=0 I=16 rep 111: local-frozen gen 45 pcc 0.062 sep_end 0 first_sep -1 tag None (0.0s; 4s total)
cal cheap None mN=0 I=16 rep 112: local-frozen gen 45 pcc 0.062 sep_end 0 first_sep -1 tag None (0.0s; 4s total)
cal uniform None mN=0 I=16 rep 111: local-frozen gen 75 pcc 0.062 sep_end 0 first_sep -1 tag None (0.0s; 4s total)
cal above None mN=0 I=16 rep 112: local-frozen gen 75 pcc 0.125 sep_end 0 first_sep -1 tag None (0.0s; 4s total)
cal h16 None mN=0 I=16 rep 112: local-frozen gen 30 pcc 0.000 sep_end 0 first_sep -1 tag None (0.0s; 4s total)
cal h4 None mN=0 I=16 rep 112: local-frozen gen 70 pcc 0.250 sep_end 1 first_sep 50 tag None (0.0s; 4s total)
cal h8 None mN=0 I=16 rep 112: local-frozen gen 30 pcc 0.000 sep_end 0 first_sep -1 tag None (0.0s; 4s total)
cal uniform None mN=0 I=16 rep 112: local-frozen gen 55 pcc 0.250 sep_end 0 first_sep -1 tag None (0.0s; 4s total)
cal above None mN=0 I=16 rep 113: local-frozen gen 70 pcc 0.250 sep_end 0 first_sep -1 tag None (0.0s; 4s total)
cal h16 None mN=0 I=16 rep 113: local-frozen gen 85 pcc 0.250 sep_end 0 first_sep -1 tag None (0.0s; 4s total)
cal cheap None mN=0 I=16 rep 113: local-frozen gen 65 pcc 0.125 sep_end 0 first_sep -1 tag None (0.0s; 4s total)
cal h4 None mN=0 I=16 rep 113: local-frozen gen 80 pcc 0.188 sep_end 0 first_sep -1 tag None (0.0s; 4s total)
cal h8 None mN=0 I=16 rep 113: local-frozen gen 75 pcc 0.250 sep_end 0 first_sep -1 tag None (0.0s; 4s total)
cal above None mN=0 I=16 rep 114: local-frozen gen 35 pcc 0.062 sep_end 0 first_sep -1 tag None (0.0s; 4s total)
cal cheap None mN=0 I=16 rep 114: local-frozen gen 85 pcc 0.062 sep_end 0 first_sep -1 tag None (0.0s; 4s total)
cal uniform None mN=0 I=16 rep 113: local-frozen gen 60 pcc 0.125 sep_end 1 first_sep 60 tag None (0.0s; 4s total)
cal h4 None mN=0 I=16 rep 114: local-frozen gen 80 pcc 0.188 sep_end 0 first_sep -1 tag None (0.0s; 4s total)
cal h16 None mN=0 I=16 rep 114: local-frozen gen 35 pcc 0.000 sep_end 0 first_sep -1 tag None (0.0s; 4s total)
cal uniform None mN=0 I=16 rep 114: local-frozen gen 45 pcc 0.188 sep_end 0 first_sep -1 tag None (0.0s; 4s total)
cal above None mN=0 I=16 rep 115: local-frozen gen 40 pcc 0.125 sep_end 0 first_sep -1 tag None (0.0s; 4s total)
cal h8 None mN=0 I=16 rep 114: local-frozen gen 70 pcc 0.188 sep_end 0 first_sep -1 tag None (0.0s; 4s total)
cal h16 None mN=0 I=16 rep 115: local-frozen gen 50 pcc 0.125 sep_end 0 first_sep -1 tag None (0.0s; 4s total)
cal cheap None mN=0 I=16 rep 115: local-frozen gen 60 pcc 0.188 sep_end 1 first_sep 55 tag None (0.0s; 4s total)
cal h8 None mN=0 I=16 rep 115: local-frozen gen 65 pcc 0.125 sep_end 0 first_sep -1 tag None (0.0s; 4s total)
cal h4 None mN=0 I=16 rep 115: local-frozen gen 70 pcc 0.062 sep_end 0 first_sep -1 tag None (0.0s; 4s total)
cal uniform None mN=0 I=16 rep 115: local-frozen gen 60 pcc 0.188 sep_end 0 first_sep -1 tag None (0.0s; 4s total)
cal above None mN=0 I=16 rep 116: local-frozen gen 70 pcc 0.062 sep_end 0 first_sep -1 tag None (0.0s; 4s total)
cal h16 None mN=0 I=16 rep 116: local-frozen gen 40 pcc 0.125 sep_end 0 first_sep -1 tag None (0.0s; 4s total)
cal cheap None mN=0 I=16 rep 116: local-frozen gen 90 pcc 0.312 sep_end 2 first_sep 35 tag None (0.0s; 4s total)
cal h4 None mN=0 I=16 rep 116: local-frozen gen 95 pcc 0.125 sep_end 0 first_sep -1 tag None (0.0s; 4s total)
cal h8 None mN=0 I=16 rep 116: local-frozen gen 75 pcc 0.188 sep_end 0 first_sep -1 tag None (0.0s; 4s total)
cal uniform None mN=0 I=16 rep 116: local-frozen gen 55 pcc 0.250 sep_end 0 first_sep -1 tag None (0.0s; 4s total)
cal above None mN=0 I=16 rep 117: local-frozen gen 45 pcc 0.125 sep_end 0 first_sep -1 tag None (0.0s; 4s total)
cal cheap None mN=0 I=16 rep 117: local-frozen gen 55 pcc 0.062 sep_end 0 first_sep -1 tag None (0.0s; 4s total)
cal h16 None mN=0 I=16 rep 117: local-frozen gen 30 pcc 0.000 sep_end 0 first_sep -1 tag None (0.0s; 4s total)
cal h4 None mN=0 I=16 rep 117: local-frozen gen 25 pcc 0.000 sep_end 0 first_sep -1 tag None (0.0s; 4s total)
cal above None mN=0 I=16 rep 118: local-frozen gen 75 pcc 0.062 sep_end 0 first_sep -1 tag None (0.0s; 4s total)
cal uniform None mN=0 I=16 rep 117: local-frozen gen 25 pcc 0.000 sep_end 0 first_sep -1 tag None (0.0s; 4s total)
cal h8 None mN=0 I=16 rep 117: local-frozen gen 65 pcc 0.125 sep_end 0 first_sep -1 tag None (0.0s; 4s total)
cal h16 None mN=0 I=16 rep 118: local-frozen gen 30 pcc 0.000 sep_end 0 first_sep -1 tag None (0.0s; 4s total)
cal cheap None mN=0 I=16 rep 118: local-frozen gen 80 pcc 0.125 sep_end 1 first_sep 80 tag None (0.0s; 4s total)
cal h4 None mN=0 I=16 rep 118: local-frozen gen 60 pcc 0.125 sep_end 0 first_sep -1 tag None (0.0s; 4s total)
cal uniform None mN=0 I=16 rep 118: local-frozen gen 75 pcc 0.062 sep_end 0 first_sep -1 tag None (0.0s; 4s total)
cal h8 None mN=0 I=16 rep 118: local-frozen gen 70 pcc 0.125 sep_end 0 first_sep -1 tag None (0.0s; 4s total)
cal above None mN=0 I=16 rep 119: local-frozen gen 115 pcc 0.125 sep_end 0 first_sep -1 tag None (0.0s; 4s total)
cal cheap None mN=0 I=16 rep 119: local-frozen gen 110 pcc 0.188 sep_end 0 first_sep -1 tag None (0.0s; 4s total)
cal h16 None mN=0 I=16 rep 119: local-frozen gen 50 pcc 0.125 sep_end 0 first_sep -1 tag None (0.0s; 4s total)
cal h4 None mN=0 I=16 rep 119: local-frozen gen 50 pcc 0.062 sep_end 0 first_sep -1 tag None (0.0s; 4s total)
cal h8 None mN=0 I=16 rep 119: local-frozen gen 80 pcc 0.062 sep_end 0 first_sep -1 tag None (0.0s; 4s total)
cal uniform None mN=0 I=16 rep 119: local-frozen gen 70 pcc 0.125 sep_end 0 first_sep -1 tag None (0.0s; 4s total)
