{
 "T_nuc": {
  "uniform": 55.0,
  "cheap": 60.0,
  "above": 55.0,
  "h4": 55.0,
  "h8": 55.0,
  "h16": 55.0
 },
 "dist": {
  "uniform": {
   "25": 45.0,
   "50": 55.0,
   "75": 65.0,
   "median_ci": [
    55.0,
    60.0
   ]
  },
  "cheap": {
   "25": 45.0,
   "50": 60.0,
   "75": 70.0,
   "median_ci": [
    55.0,
    60.0
   ]
  },
  "above": {
   "25": 45.0,
   "50": 55.0,
   "75": 70.0,
   "median_ci": [
    55.0,
    60.0
   ]
  },
  "h4": {
   "25": 50.0,
   "50": 55.0,
   "75": 70.0,
   "median_ci": [
    55.0,
    60.0
   ]
  },
  "h8": {
   "25": 45.0,
   "50": 55.0,
   "75": 65.0,
   "median_ci": [
    55.0,
    60.0
   ]
  },
  "h16": {
   "25": 45.0,
   "50": 55.0,
   "75": 65.0,
   "median_ci": [
    50.0,
    55.0
   ]
  }
 },
 "p": {
  "uniform": 0.12760416666666666,
  "cheap": 0.13125,
  "above": 0.11458333333333333,
  "h4": 0.1390625,
  "h8": 0.1265625,
  "h16": 0.115625
 },
 "mN_boundary": {
  "uniform": 1.091,
  "cheap": 1.0,
  "above": 1.091,
  "h4": 1.091,
  "h8": 1.091,
  "h16": 1.091
 },
 "n_nuc": {
  "uniform": [
   245,
   1920
  ],
  "cheap": [
   252,
   1920
  ],
  "above": [
   220,
   1920
  ],
  "h4": [
   267,
   1920
  ],
  "h8": [
   243,
   1920
  ],
  "h16": [
   222,
   1920
  ]
 },
 "x": 0.3,
 "N": 200,
 "I": 16,
 "runs": {
  "uniform": 120,
  "cheap": 120,
  "above": 120,
  "h4": 120,
  "h8": 120,
  "h16": 120
 }
}
