hom: 750 jobs
hom h16 None mN=1.091 I=64 rep 0: frozen gen 255 pcc 1.000 sep_end 0 first_sep -1 tag None (0.3s; 1s total)
hom h8 None mN=1.091 I=64 rep 0: frozen gen 260 pcc 1.000 sep_end 0 first_sep -1 tag None (0.3s; 1s total)
hom h16 None mN=1.091 I=64 rep 1: frozen gen 265 pcc 1.000 sep_end 0 first_sep -1 tag None (0.2s; 1s total)
hom h8 None mN=1.091 I=64 rep 1: frozen gen 310 pcc 1.000 sep_end 0 first_sep -1 tag None (0.4s; 2s total)
hom h16 None mN=1.091 I=64 rep 2: frozen gen 255 pcc 1.000 sep_end 0 first_sep -1 tag None (0.3s; 2s total)
hom h4 None mN=1.091 I=64 rep 1: unresolved gen 100000 pcc 0.978 sep_end 1 first_sep 130 tag None (70.4s; 72s total)
hom h8 None mN=1.091 I=64 rep 2: frozen gen 310 pcc 1.000 sep_end 0 first_sep -1 tag None (0.3s; 72s total)
hom h16 None mN=1.091 I=64 rep 3: frozen gen 245 pcc 1.000 sep_end 0 first_sep -1 tag None (0.3s; 72s total)
hom h4 None mN=1.091 I=64 rep 3: frozen gen 430 pcc 1.000 sep_end 0 first_sep -1 tag None (0.3s; 73s total)
hom h8 None mN=1.091 I=64 rep 3: frozen gen 305 pcc 1.000 sep_end 0 first_sep -1 tag None (0.4s; 73s total)
hom h16 None mN=1.091 I=64 rep 4: frozen gen 325 pcc 1.000 sep_end 0 first_sep -1 tag None (0.3s; 73s total)
hom h4 None mN=1.091 I=64 rep 0: unresolved gen 100000 pcc 0.973 sep_end 1 first_sep 70 tag None (73.3s; 74s total)
hom h8 None mN=1.091 I=64 rep 4: frozen gen 365 pcc 1.000 sep_end 0 first_sep 170 tag None (0.5s; 75s total)
hom h16 None mN=1.091 I=64 rep 5: frozen gen 360 pcc 1.000 sep_end 0 first_sep -1 tag None (0.3s; 75s total)
hom h4 None mN=1.091 I=64 rep 2: unresolved gen 100000 pcc 0.975 sep_end 1 first_sep 80 tag None (73.8s; 76s total)
hom h8 None mN=1.091 I=64 rep 5: frozen gen 315 pcc 1.000 sep_end 0 first_sep -1 tag None (0.3s; 76s total)
hom h16 None mN=1.091 I=64 rep 6: frozen gen 235 pcc 1.000 sep_end 0 first_sep -1 tag None (0.2s; 77s total)
hom h4 None mN=1.091 I=64 rep 6: frozen gen 390 pcc 1.000 sep_end 0 first_sep -1 tag None (0.4s; 77s total)
hom h8 None mN=1.091 I=64 rep 6: frozen gen 275 pcc 1.000 sep_end 0 first_sep -1 tag None (0.3s; 77s total)
hom h16 None mN=1.091 I=64 rep 7: frozen gen 260 pcc 1.000 sep_end 0 first_sep -1 tag None (0.3s; 78s total)
hom h4 None mN=1.091 I=64 rep 7: frozen gen 290 pcc 1.000 sep_end 0 first_sep -1 tag None (0.3s; 78s total)
hom h8 None mN=1.091 I=64 rep 7: frozen gen 270 pcc 1.000 sep_end 0 first_sep -1 tag None (0.3s; 78s total)
hom h16 None mN=1.091 I=64 rep 8: frozen gen 360 pcc 1.000 sep_end 0 first_sep -1 tag None (0.3s; 79s total)
hom h4 None mN=1.091 I=64 rep 8: unresolved gen 100000 pcc 0.989 sep_end 1 first_sep 95 tag None (33.8s; 112s total)
hom h8 None mN=1.091 I=64 rep 8: frozen gen 275 pcc 1.000 sep_end 0 first_sep -1 tag None (0.3s; 113s total)
hom h16 None mN=1.091 I=64 rep 9: frozen gen 355 pcc 1.000 sep_end 0 first_sep -1 tag None (0.3s; 113s total)
hom h4 None mN=1.091 I=64 rep 9: unresolved gen 100000 pcc 0.995 sep_end 0 first_sep 95 tag None (10.5s; 124s total)
hom h8 None mN=1.091 I=64 rep 9: frozen gen 285 pcc 1.000 sep_end 0 first_sep -1 tag None (0.3s; 124s total)
hom h16 None mN=1.091 I=64 rep 10: frozen gen 305 pcc 1.000 sep_end 0 first_sep -1 tag None (0.3s; 124s total)
hom h4 None mN=1.091 I=64 rep 4: unresolved gen 100000 pcc 0.974 sep_end 1 first_sep 75 tag None (62.6s; 136s total)
hom h8 None mN=1.091 I=64 rep 10: frozen gen 290 pcc 1.000 sep_end 0 first_sep -1 tag None (0.3s; 136s total)
hom h16 None mN=1.091 I=64 rep 11: frozen gen 290 pcc 1.000 sep_end 0 first_sep -1 tag None (0.3s; 137s total)
hom h4 None mN=1.091 I=64 rep 5: unresolved gen 100000 pcc 0.979 sep_end 1 first_sep 135 tag None (72.7s; 148s total)
hom h8 None mN=1.091 I=64 rep 11: frozen gen 260 pcc 1.000 sep_end 0 first_sep -1 tag None (0.3s; 148s total)
hom h16 None mN=1.091 I=64 rep 12: frozen gen 305 pcc 1.000 sep_end 0 first_sep -1 tag None (0.3s; 148s total)
hom h4 None mN=1.091 I=64 rep 11: unresolved gen 100000 pcc 0.992 sep_end 1 first_sep 125 tag None (19.7s; 156s total)
hom h8 None mN=1.091 I=64 rep 12: frozen gen 320 pcc 1.000 sep_end 0 first_sep -1 tag None (0.3s; 157s total)
hom h16 None mN=1.091 I=64 rep 13: frozen gen 380 pcc 1.000 sep_end 0 first_sep -1 tag None (0.3s; 157s total)
hom h4 None mN=1.091 I=64 rep 13: unresolved gen 100000 pcc 0.996 sep_end 1 first_sep 190 tag None (14.8s; 172s total)
hom h8 None mN=1.091 I=64 rep 13: frozen gen 280 pcc 1.000 sep_end 0 first_sep -1 tag None (0.3s; 172s total)
hom h16 None mN=1.091 I=64 rep 14: frozen gen 375 pcc 1.000 sep_end 0 first_sep -1 tag None (0.3s; 172s total)
hom h4 None mN=1.091 I=64 rep 14: frozen gen 280 pcc 1.000 sep_end 0 first_sep -1 tag None (0.3s; 173s total)
hom h8 None mN=1.091 I=64 rep 14: frozen gen 270 pcc 1.000 sep_end 0 first_sep -1 tag None (0.3s; 173s total)
hom h16 None mN=1.091 I=64 rep 15: frozen gen 290 pcc 1.000 sep_end 0 first_sep -1 tag None (0.3s; 173s total)
hom h4 None mN=1.091 I=64 rep 15: frozen gen 305 pcc 1.000 sep_end 0 first_sep -1 tag None (0.4s; 174s total)
hom h8 None mN=1.091 I=64 rep 15: frozen gen 325 pcc 1.000 sep_end 0 first_sep -1 tag None (0.3s; 174s total)
hom h16 None mN=1.091 I=64 rep 16: frozen gen 310 pcc 1.000 sep_end 0 first_sep -1 tag None (0.3s; 174s total)
hom h4 None mN=1.091 I=64 rep 16: frozen gen 305 pcc 1.000 sep_end 0 first_sep -1 tag None (0.3s; 175s total)
hom h8 None mN=1.091 I=64 rep 16: frozen gen 245 pcc 1.000 sep_end 0 first_sep -1 tag None (0.3s; 175s total)
hom h16 None mN=1.091 I=64 rep 17: frozen gen 315 pcc 1.000 sep_end 0 first_sep -1 tag None (0.3s; 175s total)
hom h4 None mN=1.091 I=64 rep 10: unresolved gen 100000 pcc 0.980 sep_end 1 first_sep 80 tag None (72.1s; 196s total)
hom h8 None mN=1.091 I=64 rep 17: frozen gen 350 pcc 1.000 sep_end 0 first_sep -1 tag None (0.3s; 197s total)
hom h16 None mN=1.091 I=64 rep 18: frozen gen 275 pcc 1.000 sep_end 0 first_sep -1 tag None (0.3s; 197s total)
hom h4 None mN=1.091 I=64 rep 18: frozen gen 335 pcc 1.000 sep_end 0 first_sep -1 tag None (0.4s; 197s total)
hom h8 None mN=1.091 I=64 rep 18: frozen gen 225 pcc 1.000 sep_end 0 first_sep -1 tag None (0.2s; 198s total)
hom h16 None mN=1.091 I=64 rep 19: frozen gen 315 pcc 1.000 sep_end 0 first_sep -1 tag None (0.2s; 198s total)
hom h4 None mN=1.091 I=64 rep 12: unresolved gen 100000 pcc 0.982 sep_end 1 first_sep 60 tag None (71.8s; 220s total)
hom h8 None mN=1.091 I=64 rep 19: frozen gen 290 pcc 1.000 sep_end 0 first_sep -1 tag None (0.3s; 221s total)
hom h16 None mN=1.091 I=64 rep 20: frozen gen 305 pcc 1.000 sep_end 0 first_sep -1 tag None (0.3s; 221s total)
hom h4 None mN=1.091 I=64 rep 20: frozen gen 410 pcc 1.000 sep_end 0 first_sep -1 tag None (0.4s; 221s total)
hom h8 None mN=1.091 I=64 rep 20: frozen gen 290 pcc 1.000 sep_end 0 first_sep -1 tag None (0.3s; 222s total)
hom h16 None mN=1.091 I=64 rep 21: frozen gen 380 pcc 1.000 sep_end 0 first_sep -1 tag None (0.3s; 222s total)
hom h4 None mN=1.091 I=64 rep 17: unresolved gen 100000 pcc 0.979 sep_end 1 first_sep 90 tag None (68.8s; 244s total)
hom h8 None mN=1.091 I=64 rep 21: frozen gen 285 pcc 1.000 sep_end 0 first_sep -1 tag None (0.3s; 244s total)
hom h16 None mN=1.091 I=64 rep 22: frozen gen 320 pcc 1.000 sep_end 0 first_sep -1 tag None (0.3s; 245s total)
hom h4 None mN=1.091 I=64 rep 21: unresolved gen 100000 pcc 0.996 sep_end 1 first_sep 75 tag None (27.2s; 249s total)
hom h8 None mN=1.091 I=64 rep 22: frozen gen 360 pcc 1.000 sep_end 0 first_sep -1 tag None (0.4s; 249s total)
hom h16 None mN=1.091 I=64 rep 23: frozen gen 285 pcc 1.000 sep_end 0 first_sep -1 tag None (0.3s; 250s total)
hom h4 None mN=1.091 I=64 rep 19: unresolved gen 100000 pcc 0.981 sep_end 1 first_sep 65 tag None (69.7s; 267s total)
hom h8 None mN=1.091 I=64 rep 23: frozen gen 335 pcc 1.000 sep_end 0 first_sep -1 tag None (0.3s; 268s total)
hom h16 None mN=1.091 I=64 rep 24: frozen gen 355 pcc 1.000 sep_end 0 first_sep -1 tag None (0.3s; 268s total)
hom h4 None mN=1.091 I=64 rep 22: unresolved gen 100000 pcc 0.996 sep_end 1 first_sep 115 tag None (23.5s; 268s total)
hom h8 None mN=1.091 I=64 rep 24: frozen gen 305 pcc 1.000 sep_end 0 first_sep -1 tag None (0.3s; 269s total)
hom h16 None mN=1.091 I=64 rep 25: frozen gen 400 pcc 1.000 sep_end 0 first_sep -1 tag None (0.5s; 269s total)
hom h4 None mN=1.091 I=64 rep 25: frozen gen 345 pcc 1.000 sep_end 0 first_sep 50 tag None (0.3s; 269s total)
hom h8 None mN=1.091 I=64 rep 25: frozen gen 340 pcc 1.000 sep_end 0 first_sep -1 tag None (0.4s; 270s total)
hom h16 None mN=1.091 I=64 rep 26: frozen gen 455 pcc 1.000 sep_end 0 first_sep -1 tag None (0.3s; 270s total)
hom h4 None mN=1.091 I=64 rep 23: unresolved gen 100000 pcc 0.981 sep_end 1 first_sep 80 tag None (63.8s; 314s total)
hom h8 None mN=1.091 I=64 rep 26: frozen gen 330 pcc 1.000 sep_end 0 first_sep -1 tag None (0.3s; 314s total)
hom h16 None mN=1.091 I=64 rep 27: frozen gen 290 pcc 1.000 sep_end 0 first_sep -1 tag None (0.2s; 314s total)
hom h4 None mN=1.091 I=64 rep 24: unresolved gen 100000 pcc 0.977 sep_end 1 first_sep 110 tag None (66.0s; 334s total)
hom h8 None mN=1.091 I=64 rep 27: frozen gen 285 pcc 1.000 sep_end 0 first_sep 65 tag None (0.4s; 334s total)
hom h16 None mN=1.091 I=64 rep 28: frozen gen 305 pcc 1.000 sep_end 0 first_sep -1 tag None (0.3s; 335s total)
hom h4 None mN=1.091 I=64 rep 26: unresolved gen 100000 pcc 0.977 sep_end 1 first_sep 75 tag None (71.9s; 342s total)
hom h8 None mN=1.091 I=64 rep 28: frozen gen 305 pcc 1.000 sep_end 0 first_sep -1 tag None (0.3s; 342s total)
hom h16 None mN=1.091 I=64 rep 29: frozen gen 355 pcc 1.000 sep_end 0 first_sep -1 tag None (0.4s; 343s total)
hom h4 None mN=1.091 I=64 rep 27: unresolved gen 100000 pcc 0.987 sep_end 1 first_sep 70 tag None (64.4s; 379s total)
hom h8 None mN=1.091 I=64 rep 29: frozen gen 250 pcc 1.000 sep_end 0 first_sep -1 tag None (0.3s; 379s total)
hom h16 None mN=1.091 I=64 rep 30: frozen gen 250 pcc 1.000 sep_end 0 first_sep -1 tag None (0.3s; 379s total)
hom h4 None mN=1.091 I=64 rep 29: unresolved gen 100000 pcc 0.988 sep_end 1 first_sep 100 tag None (51.9s; 394s total)
hom h8 None mN=1.091 I=64 rep 30: frozen gen 270 pcc 1.000 sep_end 0 first_sep -1 tag None (0.2s; 395s total)
hom h16 None mN=1.091 I=64 rep 31: frozen gen 350 pcc 1.000 sep_end 0 first_sep -1 tag None (0.3s; 395s total)
hom h4 None mN=1.091 I=64 rep 31: frozen gen 280 pcc 1.000 sep_end 0 first_sep -1 tag None (0.3s; 395s total)
hom h8 None mN=1.091 I=64 rep 31: frozen gen 230 pcc 1.000 sep_end 0 first_sep -1 tag None (0.2s; 396s total)
hom h16 None mN=1.091 I=64 rep 32: frozen gen 435 pcc 1.000 sep_end 0 first_sep -1 tag None (0.6s; 396s total)
hom h4 None mN=1.091 I=64 rep 28: unresolved gen 100000 pcc 0.967 sep_end 1 first_sep 140 tag None (67.1s; 402s total)
hom h8 None mN=1.091 I=64 rep 32: frozen gen 270 pcc 1.000 sep_end 0 first_sep -1 tag None (0.3s; 402s total)
hom h16 None mN=1.091 I=64 rep 33: frozen gen 260 pcc 1.000 sep_end 0 first_sep -1 tag None (0.2s; 403s total)
hom h4 None mN=1.091 I=64 rep 30: unresolved gen 100000 pcc 0.990 sep_end 1 first_sep 75 tag None (39.0s; 418s total)
hom h8 None mN=1.091 I=64 rep 33: frozen gen 315 pcc 1.000 sep_end 0 first_sep -1 tag None (0.3s; 418s total)
hom h16 None mN=1.091 I=64 rep 34: frozen gen 290 pcc 1.000 sep_end 0 first_sep -1 tag None (0.3s; 419s total)
hom h4 None mN=1.091 I=64 rep 32: unresolved gen 100000 pcc 0.985 sep_end 1 first_sep 95 tag None (39.3s; 435s total)
hom h8 None mN=1.091 I=64 rep 34: frozen gen 235 pcc 1.000 sep_end 0 first_sep -1 tag None (0.3s; 436s total)
hom h16 None mN=1.091 I=64 rep 35: frozen gen 225 pcc 1.000 sep_end 0 first_sep -1 tag None (0.3s; 436s total)
hom h4 None mN=1.091 I=64 rep 33: unresolved gen 100000 pcc 0.987 sep_end 1 first_sep 85 tag None (41.9s; 444s total)
hom h8 None mN=1.091 I=64 rep 35: frozen gen 290 pcc 1.000 sep_end 0 first_sep -1 tag None (0.3s; 445s total)
hom h16 None mN=1.091 I=64 rep 36: frozen gen 315 pcc 1.000 sep_end 0 first_sep -1 tag None (0.3s; 445s total)
hom h4 None mN=1.091 I=64 rep 35: unresolved gen 100000 pcc 0.991 sep_end 1 first_sep 65 tag None (33.7s; 470s total)
hom h8 None mN=1.091 I=64 rep 36: frozen gen 325 pcc 1.000 sep_end 0 first_sep -1 tag None (0.3s; 470s total)
hom h16 None mN=1.091 I=64 rep 37: frozen gen 265 pcc 1.000 sep_end 0 first_sep -1 tag None (0.3s; 470s total)
hom h4 None mN=1.091 I=64 rep 36: unresolved gen 100000 pcc 0.980 sep_end 1 first_sep 135 tag None (42.1s; 487s total)
hom h8 None mN=1.091 I=64 rep 37: frozen gen 305 pcc 1.000 sep_end 0 first_sep 65 tag None (0.4s; 487s total)
hom h16 None mN=1.091 I=64 rep 38: frozen gen 270 pcc 1.000 sep_end 0 first_sep -1 tag None (0.3s; 488s total)
hom h4 None mN=1.091 I=64 rep 34: unresolved gen 100000 pcc 0.976 sep_end 1 first_sep 70 tag None (71.2s; 490s total)
hom h8 None mN=1.091 I=64 rep 38: frozen gen 230 pcc 1.000 sep_end 0 first_sep -1 tag None (0.2s; 490s total)
hom h16 None mN=1.091 I=64 rep 39: frozen gen 325 pcc 1.000 sep_end 0 first_sep -1 tag None (0.3s; 490s total)
hom h4 None mN=1.091 I=64 rep 37: unresolved gen 100000 pcc 0.995 sep_end 1 first_sep 75 tag None (22.7s; 493s total)
hom h8 None mN=1.091 I=64 rep 39: frozen gen 385 pcc 1.000 sep_end 0 first_sep -1 tag None (0.2s; 493s total)
hom h16 None mN=1.091 I=64 rep 40: frozen gen 310 pcc 1.000 sep_end 0 first_sep -1 tag None (0.3s; 494s total)
hom h4 None mN=1.091 I=64 rep 38: unresolved gen 100000 pcc 0.980 sep_end 1 first_sep 100 tag None (61.6s; 549s total)
hom h8 None mN=1.091 I=64 rep 40: frozen gen 295 pcc 1.000 sep_end 0 first_sep -1 tag None (0.3s; 550s total)
hom h16 None mN=1.091 I=64 rep 41: frozen gen 310 pcc 1.000 sep_end 0 first_sep -1 tag None (0.3s; 550s total)
hom h4 None mN=1.091 I=64 rep 39: unresolved gen 100000 pcc 0.981 sep_end 1 first_sep 95 tag None (67.1s; 558s total)
hom h8 None mN=1.091 I=64 rep 41: frozen gen 235 pcc 1.000 sep_end 0 first_sep -1 tag None (0.3s; 558s total)
hom h16 None mN=1.091 I=64 rep 42: frozen gen 295 pcc 1.000 sep_end 0 first_sep -1 tag None (0.3s; 558s total)
hom h4 None mN=1.091 I=64 rep 40: unresolved gen 100000 pcc 0.986 sep_end 1 first_sep 75 tag None (69.1s; 563s total)
hom h8 None mN=1.091 I=64 rep 42: frozen gen 265 pcc 1.000 sep_end 0 first_sep -1 tag None (0.3s; 563s total)
hom h16 None mN=1.091 I=64 rep 43: frozen gen 235 pcc 1.000 sep_end 0 first_sep -1 tag None (0.3s; 563s total)
hom h4 None mN=1.091 I=64 rep 41: unresolved gen 100000 pcc 0.984 sep_end 1 first_sep 145 tag None (45.6s; 596s total)
hom h8 None mN=1.091 I=64 rep 43: frozen gen 325 pcc 1.000 sep_end 0 first_sep -1 tag None (0.4s; 596s total)
hom h16 None mN=1.091 I=64 rep 44: frozen gen 295 pcc 1.000 sep_end 0 first_sep -1 tag None (0.3s; 596s total)
hom h4 None mN=1.091 I=64 rep 42: unresolved gen 100000 pcc 0.982 sep_end 1 first_sep 125 tag None (60.9s; 619s total)
hom h8 None mN=1.091 I=64 rep 44: frozen gen 325 pcc 1.000 sep_end 0 first_sep -1 tag None (0.3s; 619s total)
hom h16 None mN=1.091 I=64 rep 45: frozen gen 435 pcc 1.000 sep_end 0 first_sep -1 tag None (0.6s; 620s total)
hom h4 None mN=1.091 I=64 rep 43: unresolved gen 100000 pcc 0.977 sep_end 1 first_sep 95 tag None (73.7s; 637s total)
hom h8 None mN=1.091 I=64 rep 45: frozen gen 330 pcc 1.000 sep_end 0 first_sep -1 tag None (0.3s; 637s total)
hom h16 None mN=1.091 I=64 rep 46: frozen gen 340 pcc 1.000 sep_end 0 first_sep -1 tag None (0.5s; 638s total)
hom h4 None mN=1.091 I=64 rep 45: unresolved gen 100000 pcc 0.990 sep_end 1 first_sep 75 tag None (45.1s; 665s total)
hom h8 None mN=1.091 I=64 rep 46: frozen gen 290 pcc 1.000 sep_end 0 first_sep -1 tag None (0.3s; 665s total)
hom h16 None mN=1.091 I=64 rep 47: frozen gen 315 pcc 1.000 sep_end 0 first_sep -1 tag None (0.4s; 666s total)
hom h4 None mN=1.091 I=64 rep 44: unresolved gen 100000 pcc 0.977 sep_end 1 first_sep 90 tag None (73.6s; 670s total)
hom h8 None mN=1.091 I=64 rep 47: frozen gen 310 pcc 1.000 sep_end 0 first_sep -1 tag None (0.3s; 670s total)
hom h16 None mN=1.091 I=64 rep 48: frozen gen 340 pcc 1.000 sep_end 0 first_sep -1 tag None (0.4s; 671s total)
hom h4 None mN=1.091 I=64 rep 46: unresolved gen 100000 pcc 0.972 sep_end 1 first_sep 60 tag None (72.0s; 710s total)
hom h8 None mN=1.091 I=64 rep 48: frozen gen 320 pcc 1.000 sep_end 0 first_sep -1 tag None (0.4s; 710s total)
hom h16 None mN=1.091 I=64 rep 49: frozen gen 305 pcc 1.000 sep_end 0 first_sep -1 tag None (0.3s; 711s total)
hom h4 None mN=1.091 I=64 rep 47: unresolved gen 100000 pcc 0.977 sep_end 1 first_sep 80 tag None (72.0s; 738s total)
hom h8 None mN=1.091 I=64 rep 49: frozen gen 225 pcc 1.000 sep_end 0 first_sep -1 tag None (0.3s; 738s total)
hom h16 None mN=1.091 I=64 rep 50: frozen gen 320 pcc 1.000 sep_end 0 first_sep -1 tag None (0.3s; 738s total)
hom h4 None mN=1.091 I=64 rep 48: unresolved gen 100000 pcc 0.985 sep_end 1 first_sep 65 tag None (70.9s; 742s total)
hom h8 None mN=1.091 I=64 rep 50: frozen gen 275 pcc 1.000 sep_end 0 first_sep -1 tag None (0.3s; 742s total)
hom h16 None mN=1.091 I=64 rep 51: frozen gen 255 pcc 1.000 sep_end 0 first_sep -1 tag None (0.2s; 742s total)
hom h4 None mN=1.091 I=64 rep 51: unresolved gen 100000 pcc 0.996 sep_end 1 first_sep 180 tag None (11.9s; 754s total)
hom h8 None mN=1.091 I=64 rep 51: frozen gen 310 pcc 1.000 sep_end 0 first_sep -1 tag None (0.3s; 754s total)
hom h16 None mN=1.091 I=64 rep 52: frozen gen 285 pcc 1.000 sep_end 0 first_sep -1 tag None (0.3s; 755s total)
hom h4 None mN=1.091 I=64 rep 52: frozen gen 320 pcc 1.000 sep_end 0 first_sep -1 tag None (0.3s; 755s total)
hom h8 None mN=1.091 I=64 rep 52: frozen gen 295 pcc 1.000 sep_end 0 first_sep -1 tag None (0.4s; 755s total)
hom h16 None mN=1.091 I=64 rep 53: frozen gen 325 pcc 1.000 sep_end 0 first_sep -1 tag None (0.3s; 756s total)
hom h4 None mN=1.091 I=64 rep 49: unresolved gen 100000 pcc 0.980 sep_end 1 first_sep 50 tag None (69.4s; 780s total)
hom h8 None mN=1.091 I=64 rep 53: frozen gen 325 pcc 1.000 sep_end 0 first_sep -1 tag None (0.3s; 780s total)
hom h16 None mN=1.091 I=64 rep 54: frozen gen 310 pcc 1.000 sep_end 0 first_sep -1 tag None (0.3s; 781s total)
hom h4 None mN=1.091 I=64 rep 54: frozen gen 315 pcc 1.000 sep_end 0 first_sep -1 tag None (0.4s; 781s total)
hom h8 None mN=1.091 I=64 rep 54: frozen gen 290 pcc 1.000 sep_end 0 first_sep -1 tag None (0.3s; 781s total)
hom h16 None mN=1.091 I=64 rep 55: frozen gen 310 pcc 1.000 sep_end 0 first_sep -1 tag None (0.3s; 782s total)
hom h4 None mN=1.091 I=64 rep 50: unresolved gen 100000 pcc 0.983 sep_end 1 first_sep 110 tag None (46.9s; 785s total)
hom h8 None mN=1.091 I=64 rep 55: frozen gen 265 pcc 1.000 sep_end 0 first_sep -1 tag None (0.3s; 786s total)
hom h16 None mN=1.091 I=64 rep 56: frozen gen 275 pcc 1.000 sep_end 0 first_sep -1 tag None (0.4s; 786s total)
hom h4 None mN=1.091 I=64 rep 53: unresolved gen 100000 pcc 0.985 sep_end 1 first_sep 95 tag None (54.8s; 810s total)
hom h8 None mN=1.091 I=64 rep 56: frozen gen 275 pcc 1.000 sep_end 0 first_sep -1 tag None (0.3s; 811s total)
hom h16 None mN=1.091 I=64 rep 57: frozen gen 310 pcc 1.000 sep_end 0 first_sep -1 tag None (0.3s; 811s total)
hom h4 None mN=1.091 I=64 rep 56: unresolved gen 100000 pcc 0.988 sep_end 1 first_sep 80 tag None (48.5s; 835s total)
hom h8 None mN=1.091 I=64 rep 57: frozen gen 315 pcc 1.000 sep_end 0 first_sep -1 tag None (0.3s; 835s total)
hom h16 None mN=1.091 I=64 rep 58: frozen gen 290 pcc 1.000 sep_end 0 first_sep -1 tag None (0.3s; 835s total)
hom h4 None mN=1.091 I=64 rep 55: unresolved gen 100000 pcc 0.976 sep_end 1 first_sep 110 tag None (67.9s; 850s total)
hom h8 None mN=1.091 I=64 rep 58: frozen gen 340 pcc 1.000 sep_end 0 first_sep -1 tag None (0.3s; 850s total)
hom h16 None mN=1.091 I=64 rep 59: frozen gen 270 pcc 1.000 sep_end 0 first_sep -1 tag None (0.3s; 850s total)
hom h4 None mN=1.091 I=64 rep 58: unresolved gen 100000 pcc 0.991 sep_end 1 first_sep 80 tag None (34.8s; 870s total)
hom h8 None mN=1.091 I=64 rep 59: frozen gen 280 pcc 1.000 sep_end 0 first_sep -1 tag None (0.3s; 870s total)
hom h16 None mN=1.091 I=64 rep 60: frozen gen 335 pcc 1.000 sep_end 0 first_sep -1 tag None (0.3s; 871s total)
hom h4 None mN=1.091 I=64 rep 60: unresolved gen 100000 pcc 0.998 sep_end 0 first_sep 130 tag None (5.6s; 876s total)
hom h8 None mN=1.091 I=64 rep 60: frozen gen 300 pcc 1.000 sep_end 0 first_sep -1 tag None (0.3s; 876s total)
hom h16 None mN=1.091 I=64 rep 61: frozen gen 240 pcc 1.000 sep_end 0 first_sep -1 tag None (0.3s; 877s total)
hom h4 None mN=1.091 I=64 rep 57: unresolved gen 100000 pcc 0.980 sep_end 1 first_sep 95 tag None (68.8s; 880s total)
hom h8 None mN=1.091 I=64 rep 61: frozen gen 360 pcc 1.000 sep_end 0 first_sep -1 tag None (0.3s; 880s total)
hom h16 None mN=1.091 I=64 rep 62: frozen gen 280 pcc 1.000 sep_end 0 first_sep -1 tag None (0.3s; 880s total)
hom h4 None mN=1.091 I=64 rep 61: unresolved gen 100000 pcc 0.998 sep_end 1 first_sep 180 tag None (5.5s; 882s total)
hom h8 None mN=1.091 I=64 rep 62: frozen gen 320 pcc 1.000 sep_end 0 first_sep -1 tag None (0.3s; 883s total)
hom h16 None mN=1.091 I=64 rep 63: frozen gen 335 pcc 1.000 sep_end 0 first_sep -1 tag None (0.4s; 883s total)
hom h4 None mN=1.091 I=64 rep 63: frozen gen 310 pcc 1.000 sep_end 0 first_sep -1 tag None (0.3s; 883s total)
hom h8 None mN=1.091 I=64 rep 63: frozen gen 275 pcc 1.000 sep_end 0 first_sep -1 tag None (0.2s; 884s total)
hom h16 None mN=1.091 I=64 rep 64: frozen gen 330 pcc 1.000 sep_end 0 first_sep -1 tag None (0.3s; 884s total)
hom h4 None mN=1.091 I=64 rep 59: unresolved gen 100000 pcc 0.990 sep_end 1 first_sep 70 tag None (39.3s; 889s total)
hom h8 None mN=1.091 I=64 rep 64: frozen gen 405 pcc 1.000 sep_end 0 first_sep -1 tag None (0.6s; 890s total)
hom h16 None mN=1.091 I=64 rep 65: frozen gen 285 pcc 1.000 sep_end 0 first_sep -1 tag None (0.2s; 890s total)
hom h4 None mN=1.091 I=64 rep 62: unresolved gen 100000 pcc 0.997 sep_end 1 first_sep 80 tag None (27.0s; 907s total)
hom h8 None mN=1.091 I=64 rep 65: frozen gen 260 pcc 1.000 sep_end 0 first_sep -1 tag None (0.3s; 908s total)
hom h16 None mN=1.091 I=64 rep 66: frozen gen 280 pcc 1.000 sep_end 0 first_sep -1 tag None (0.3s; 908s total)
hom h4 None mN=1.091 I=64 rep 66: frozen gen 325 pcc 1.000 sep_end 0 first_sep -1 tag None (0.3s; 908s total)
hom h8 None mN=1.091 I=64 rep 66: frozen gen 275 pcc 1.000 sep_end 0 first_sep 125 tag None (0.3s; 909s total)
hom h16 None mN=1.091 I=64 rep 67: frozen gen 285 pcc 1.000 sep_end 0 first_sep -1 tag None (0.3s; 909s total)
hom h4 None mN=1.091 I=64 rep 67: unresolved gen 100000 pcc 0.988 sep_end 1 first_sep 110 tag None (41.7s; 951s total)
hom h8 None mN=1.091 I=64 rep 67: frozen gen 285 pcc 1.000 sep_end 0 first_sep -1 tag None (0.3s; 951s total)
hom h16 None mN=1.091 I=64 rep 68: frozen gen 300 pcc 1.000 sep_end 0 first_sep -1 tag None (0.3s; 951s total)
hom h4 None mN=1.091 I=64 rep 68: frozen gen 465 pcc 1.000 sep_end 0 first_sep -1 tag None (0.4s; 952s total)
hom h8 None mN=1.091 I=64 rep 68: frozen gen 310 pcc 1.000 sep_end 0 first_sep -1 tag None (0.3s; 952s total)
hom h16 None mN=1.091 I=64 rep 69: frozen gen 305 pcc 1.000 sep_end 0 first_sep -1 tag None (0.3s; 952s total)
hom h4 None mN=1.091 I=64 rep 64: unresolved gen 100000 pcc 0.983 sep_end 1 first_sep 75 tag None (69.4s; 953s total)
hom h8 None mN=1.091 I=64 rep 69: frozen gen 355 pcc 1.000 sep_end 0 first_sep -1 tag None (0.4s; 954s total)
hom h16 None mN=1.091 I=64 rep 70: frozen gen 320 pcc 1.000 sep_end 0 first_sep -1 tag None (0.3s; 954s total)
hom h4 None mN=1.091 I=64 rep 65: unresolved gen 100000 pcc 0.975 sep_end 1 first_sep 155 tag None (68.7s; 959s total)
hom h8 None mN=1.091 I=64 rep 70: frozen gen 300 pcc 1.000 sep_end 0 first_sep -1 tag None (0.4s; 959s total)
hom h16 None mN=1.091 I=64 rep 71: frozen gen 335 pcc 1.000 sep_end 0 first_sep -1 tag None (0.3s; 960s total)
hom h4 None mN=1.091 I=64 rep 69: unresolved gen 100000 pcc 0.980 sep_end 1 first_sep 85 tag None (65.4s; 1018s total)
hom h8 None mN=1.091 I=64 rep 71: frozen gen 245 pcc 1.000 sep_end 0 first_sep -1 tag None (0.3s; 1018s total)
hom h16 None mN=1.091 I=64 rep 72: frozen gen 250 pcc 1.000 sep_end 0 first_sep -1 tag None (0.2s; 1018s total)
hom h4 None mN=1.091 I=64 rep 70: unresolved gen 100000 pcc 0.983 sep_end 1 first_sep 135 tag None (71.9s; 1026s total)
hom h8 None mN=1.091 I=64 rep 72: frozen gen 360 pcc 1.000 sep_end 0 first_sep -1 tag None (0.3s; 1026s total)
hom h16 None mN=1.091 I=64 rep 73: frozen gen 250 pcc 1.000 sep_end 0 first_sep -1 tag None (0.2s; 1026s total)
hom h4 None mN=1.091 I=64 rep 73: frozen gen 340 pcc 1.000 sep_end 0 first_sep -1 tag None (0.4s; 1027s total)
hom h8 None mN=1.091 I=64 rep 73: frozen gen 285 pcc 1.000 sep_end 0 first_sep -1 tag None (0.3s; 1027s total)
hom h16 None mN=1.091 I=64 rep 74: frozen gen 250 pcc 1.000 sep_end 0 first_sep -1 tag None (0.3s; 1027s total)
hom h4 None mN=1.091 I=64 rep 71: unresolved gen 100000 pcc 0.975 sep_end 1 first_sep 75 tag None (71.1s; 1031s total)
hom h8 None mN=1.091 I=64 rep 74: frozen gen 305 pcc 1.000 sep_end 0 first_sep -1 tag None (0.3s; 1031s total)
hom h16 None mN=1.091 I=64 rep 75: frozen gen 320 pcc 1.000 sep_end 0 first_sep -1 tag None (0.3s; 1031s total)
hom h4 None mN=1.091 I=64 rep 75: frozen gen 280 pcc 1.000 sep_end 0 first_sep -1 tag None (0.3s; 1032s total)
hom h8 None mN=1.091 I=64 rep 75: frozen gen 290 pcc 1.000 sep_end 0 first_sep -1 tag None (0.3s; 1032s total)
hom h16 None mN=1.091 I=64 rep 76: frozen gen 260 pcc 1.000 sep_end 0 first_sep -1 tag None (0.3s; 1032s total)
hom h4 None mN=1.091 I=64 rep 74: unresolved gen 100000 pcc 0.996 sep_end 1 first_sep 110 tag None (18.8s; 1046s total)
hom h8 None mN=1.091 I=64 rep 76: frozen gen 290 pcc 1.000 sep_end 0 first_sep -1 tag None (0.3s; 1047s total)
hom h16 None mN=1.091 I=64 rep 77: frozen gen 325 pcc 1.000 sep_end 0 first_sep -1 tag None (0.3s; 1047s total)
hom h4 None mN=1.091 I=64 rep 77: frozen gen 345 pcc 1.000 sep_end 0 first_sep -1 tag None (0.4s; 1047s total)
hom h8 None mN=1.091 I=64 rep 77: frozen gen 255 pcc 1.000 sep_end 0 first_sep -1 tag None (0.3s; 1047s total)
hom h16 None mN=1.091 I=64 rep 78: frozen gen 340 pcc 1.000 sep_end 0 first_sep -1 tag None (0.3s; 1048s total)
hom h4 None mN=1.091 I=64 rep 72: unresolved gen 100000 pcc 0.980 sep_end 1 first_sep 115 tag None (70.3s; 1089s total)
hom h8 None mN=1.091 I=64 rep 78: frozen gen 280 pcc 1.000 sep_end 0 first_sep -1 tag None (0.4s; 1089s total)
hom h16 None mN=1.091 I=64 rep 79: frozen gen 385 pcc 1.000 sep_end 0 first_sep -1 tag None (0.3s; 1089s total)
hom h4 None mN=1.091 I=64 rep 79: frozen gen 290 pcc 1.000 sep_end 0 first_sep -1 tag None (0.3s; 1090s total)
hom h8 None mN=1.091 I=64 rep 79: frozen gen 255 pcc 1.000 sep_end 0 first_sep -1 tag None (0.3s; 1090s total)
hom h16 None mN=1.091 I=64 rep 80: frozen gen 260 pcc 1.000 sep_end 0 first_sep -1 tag None (0.3s; 1090s total)
hom h4 None mN=1.091 I=64 rep 76: unresolved gen 100000 pcc 0.978 sep_end 1 first_sep 115 tag None (71.2s; 1103s total)
hom h8 None mN=1.091 I=64 rep 80: frozen gen 325 pcc 1.000 sep_end 0 first_sep -1 tag None (0.3s; 1104s total)
hom h16 None mN=1.091 I=64 rep 81: frozen gen 345 pcc 1.000 sep_end 0 first_sep -1 tag None (0.4s; 1104s total)
hom h4 None mN=1.091 I=64 rep 81: frozen gen 430 pcc 1.000 sep_end 0 first_sep -1 tag None (0.4s; 1104s total)
hom h8 None mN=1.091 I=64 rep 81: frozen gen 255 pcc 1.000 sep_end 0 first_sep -1 tag None (0.3s; 1105s total)
hom h16 None mN=1.091 I=64 rep 82: frozen gen 250 pcc 1.000 sep_end 0 first_sep -1 tag None (0.3s; 1105s total)
hom h4 None mN=1.091 I=64 rep 82: unresolved gen 100000 pcc 0.998 sep_end 1 first_sep 135 tag None (9.9s; 1115s total)
hom h8 None mN=1.091 I=64 rep 82: frozen gen 245 pcc 1.000 sep_end 0 first_sep -1 tag None (0.2s; 1115s total)
hom h16 None mN=1.091 I=64 rep 83: frozen gen 260 pcc 1.000 sep_end 0 first_sep -1 tag None (0.3s; 1116s total)
hom h4 None mN=1.091 I=64 rep 78: unresolved gen 100000 pcc 0.981 sep_end 1 first_sep 75 tag None (72.8s; 1121s total)
hom h8 None mN=1.091 I=64 rep 83: frozen gen 300 pcc 1.000 sep_end 0 first_sep -1 tag None (0.3s; 1121s total)
hom h16 None mN=1.091 I=64 rep 84: frozen gen 290 pcc 1.000 sep_end 0 first_sep -1 tag None (0.3s; 1121s total)
hom h4 None mN=1.091 I=64 rep 83: unresolved gen 100000 pcc 0.988 sep_end 1 first_sep 125 tag None (26.9s; 1142s total)
hom h8 None mN=1.091 I=64 rep 84: frozen gen 265 pcc 1.000 sep_end 0 first_sep 70 tag None (0.4s; 1143s total)
hom h16 None mN=1.091 I=64 rep 85: frozen gen 295 pcc 1.000 sep_end 0 first_sep -1 tag None (0.3s; 1143s total)
hom h4 None mN=1.091 I=64 rep 80: unresolved gen 100000 pcc 0.976 sep_end 1 first_sep 90 tag None (72.0s; 1162s total)
hom h8 None mN=1.091 I=64 rep 85: frozen gen 300 pcc 1.000 sep_end 0 first_sep -1 tag None (0.3s; 1162s total)
hom h16 None mN=1.091 I=64 rep 86: frozen gen 335 pcc 1.000 sep_end 0 first_sep -1 tag None (0.3s; 1163s total)
hom h4 None mN=1.091 I=64 rep 84: unresolved gen 100000 pcc 0.982 sep_end 1 first_sep 85 tag None (55.5s; 1177s total)
hom h8 None mN=1.091 I=64 rep 86: frozen gen 340 pcc 1.000 sep_end 0 first_sep -1 tag None (0.4s; 1177s total)
hom h16 None mN=1.091 I=64 rep 87: frozen gen 315 pcc 1.000 sep_end 0 first_sep -1 tag None (0.3s; 1177s total)
hom h4 None mN=1.091 I=64 rep 85: unresolved gen 100000 pcc 0.984 sep_end 1 first_sep 115 tag None (43.1s; 1186s total)
hom h8 None mN=1.091 I=64 rep 87: frozen gen 310 pcc 1.000 sep_end 0 first_sep -1 tag None (0.5s; 1187s total)
hom h16 None mN=1.091 I=64 rep 88: frozen gen 315 pcc 1.000 sep_end 0 first_sep -1 tag None (0.3s; 1187s total)
hom h4 None mN=1.091 I=64 rep 86: unresolved gen 100000 pcc 0.991 sep_end 1 first_sep 100 tag None (40.5s; 1203s total)
hom h8 None mN=1.091 I=64 rep 88: frozen gen 455 pcc 1.000 sep_end 0 first_sep -1 tag None (0.6s; 1204s total)
hom h16 None mN=1.091 I=64 rep 89: frozen gen 240 pcc 1.000 sep_end 0 first_sep -1 tag None (0.3s; 1204s total)
hom h4 None mN=1.091 I=64 rep 87: unresolved gen 100000 pcc 0.991 sep_end 1 first_sep 70 tag None (29.1s; 1207s total)
hom h8 None mN=1.091 I=64 rep 89: frozen gen 275 pcc 1.000 sep_end 0 first_sep -1 tag None (0.3s; 1207s total)
hom h16 None mN=1.091 I=64 rep 90: frozen gen 300 pcc 1.000 sep_end 0 first_sep -1 tag None (0.3s; 1207s total)
hom h4 None mN=1.091 I=64 rep 90: frozen gen 440 pcc 1.000 sep_end 0 first_sep -1 tag None (0.3s; 1208s total)
hom h8 None mN=1.091 I=64 rep 90: frozen gen 280 pcc 1.000 sep_end 0 first_sep -1 tag None (0.3s; 1208s total)
hom h16 None mN=1.091 I=64 rep 91: frozen gen 340 pcc 1.000 sep_end 0 first_sep -1 tag None (0.3s; 1208s total)
hom h4 None mN=1.091 I=64 rep 91: unresolved gen 100000 pcc 0.991 sep_end 1 first_sep 65 tag None (32.7s; 1241s total)
hom h8 None mN=1.091 I=64 rep 91: frozen gen 325 pcc 1.000 sep_end 0 first_sep -1 tag None (0.3s; 1241s total)
hom h16 None mN=1.091 I=64 rep 92: frozen gen 230 pcc 1.000 sep_end 0 first_sep -1 tag None (0.3s; 1242s total)
hom h4 None mN=1.091 I=64 rep 88: unresolved gen 100000 pcc 0.978 sep_end 1 first_sep 70 tag None (69.7s; 1257s total)
hom h8 None mN=1.091 I=64 rep 92: frozen gen 310 pcc 1.000 sep_end 0 first_sep -1 tag None (0.3s; 1257s total)
hom h16 None mN=1.091 I=64 rep 93: frozen gen 325 pcc 1.000 sep_end 0 first_sep -1 tag None (0.3s; 1257s total)
hom h4 None mN=1.091 I=64 rep 89: unresolved gen 100000 pcc 0.980 sep_end 1 first_sep 85 tag None (68.7s; 1273s total)
hom h8 None mN=1.091 I=64 rep 93: frozen gen 415 pcc 1.000 sep_end 0 first_sep -1 tag None (0.5s; 1273s total)
hom h16 None mN=1.091 I=64 rep 94: frozen gen 355 pcc 1.000 sep_end 0 first_sep -1 tag None (0.4s; 1274s total)
hom h4 None mN=1.091 I=64 rep 93: unresolved gen 100000 pcc 0.992 sep_end 1 first_sep 95 tag None (33.0s; 1290s total)
hom h8 None mN=1.091 I=64 rep 94: frozen gen 290 pcc 1.000 sep_end 0 first_sep -1 tag None (0.3s; 1291s total)
hom h16 None mN=1.091 I=64 rep 95: frozen gen 370 pcc 1.000 sep_end 0 first_sep -1 tag None (0.3s; 1291s total)
hom h4 None mN=1.091 I=64 rep 92: unresolved gen 100000 pcc 0.978 sep_end 1 first_sep 70 tag None (59.5s; 1301s total)
hom h8 None mN=1.091 I=64 rep 95: frozen gen 300 pcc 1.000 sep_end 0 first_sep -1 tag None (0.3s; 1302s total)
hom h16 None mN=1.091 I=64 rep 96: frozen gen 300 pcc 1.000 sep_end 0 first_sep -1 tag None (0.3s; 1302s total)
hom h4 None mN=1.091 I=64 rep 95: unresolved gen 100000 pcc 0.991 sep_end 1 first_sep 150 tag None (31.9s; 1323s total)
hom h8 None mN=1.091 I=64 rep 96: frozen gen 360 pcc 1.000 sep_end 0 first_sep -1 tag None (0.3s; 1323s total)
hom h16 None mN=1.091 I=64 rep 97: frozen gen 255 pcc 1.000 sep_end 0 first_sep -1 tag None (0.3s; 1323s total)
hom h4 None mN=1.091 I=64 rep 94: unresolved gen 100000 pcc 0.980 sep_end 1 first_sep 45 tag None (68.3s; 1342s total)
hom h8 None mN=1.091 I=64 rep 97: frozen gen 320 pcc 1.000 sep_end 0 first_sep -1 tag None (0.3s; 1342s total)
hom h16 None mN=1.091 I=64 rep 98: frozen gen 285 pcc 1.000 sep_end 0 first_sep -1 tag None (0.3s; 1343s total)
hom h4 None mN=1.091 I=64 rep 96: unresolved gen 100000 pcc 0.984 sep_end 1 first_sep 60 tag None (59.9s; 1362s total)
hom h8 None mN=1.091 I=64 rep 98: frozen gen 315 pcc 1.000 sep_end 0 first_sep -1 tag None (0.4s; 1362s total)
hom h16 None mN=1.091 I=64 rep 99: frozen gen 315 pcc 1.000 sep_end 0 first_sep -1 tag None (0.3s; 1362s total)
hom h4 None mN=1.091 I=64 rep 97: unresolved gen 100000 pcc 0.990 sep_end 1 first_sep 60 tag None (45.7s; 1369s total)
hom h8 None mN=1.091 I=64 rep 99: frozen gen 260 pcc 1.000 sep_end 0 first_sep -1 tag None (0.3s; 1369s total)
hom h16 None mN=1.091 I=64 rep 100: frozen gen 265 pcc 1.000 sep_end 0 first_sep -1 tag None (0.3s; 1370s total)
hom h4 None mN=1.091 I=64 rep 98: unresolved gen 100000 pcc 0.984 sep_end 1 first_sep 75 tag None (61.6s; 1404s total)
hom h4 None mN=1.091 I=64 rep 100: unresolved gen 100000 pcc 0.989 sep_end 1 first_sep 125 tag None (34.7s; 1405s total)
hom h8 None mN=1.091 I=64 rep 100: frozen gen 285 pcc 1.000 sep_end 0 first_sep -1 tag None (0.3s; 1405s total)
hom h16 None mN=1.091 I=64 rep 101: frozen gen 295 pcc 1.000 sep_end 0 first_sep -1 tag None (0.3s; 1405s total)
hom h8 None mN=1.091 I=64 rep 101: frozen gen 255 pcc 1.000 sep_end 0 first_sep -1 tag None (0.3s; 1405s total)
hom h16 None mN=1.091 I=64 rep 102: frozen gen 300 pcc 1.000 sep_end 0 first_sep -1 tag None (0.4s; 1406s total)
hom h4 None mN=1.091 I=64 rep 102: unresolved gen 100000 pcc 0.995 sep_end 1 first_sep 170 tag None (15.4s; 1421s total)
hom h8 None mN=1.091 I=64 rep 102: frozen gen 250 pcc 1.000 sep_end 0 first_sep -1 tag None (0.3s; 1421s total)
hom h16 None mN=1.091 I=64 rep 103: frozen gen 255 pcc 1.000 sep_end 0 first_sep -1 tag None (0.2s; 1422s total)
hom h4 None mN=1.091 I=64 rep 99: unresolved gen 100000 pcc 0.973 sep_end 1 first_sep 60 tag None (73.7s; 1436s total)
hom h8 None mN=1.091 I=64 rep 103: frozen gen 260 pcc 1.000 sep_end 0 first_sep -1 tag None (0.3s; 1436s total)
hom h16 None mN=1.091 I=64 rep 104: frozen gen 265 pcc 1.000 sep_end 0 first_sep -1 tag None (0.3s; 1437s total)
hom h4 None mN=1.091 I=64 rep 101: unresolved gen 100000 pcc 0.976 sep_end 1 first_sep 75 tag None (65.5s; 1470s total)
hom h8 None mN=1.091 I=64 rep 104: frozen gen 300 pcc 1.000 sep_end 0 first_sep -1 tag None (0.3s; 1471s total)
hom h16 None mN=1.091 I=64 rep 105: frozen gen 315 pcc 1.000 sep_end 0 first_sep -1 tag None (0.4s; 1471s total)
hom h4 None mN=1.091 I=64 rep 105: frozen gen 340 pcc 1.000 sep_end 0 first_sep -1 tag None (0.4s; 1471s total)
hom h8 None mN=1.091 I=64 rep 105: frozen gen 290 pcc 1.000 sep_end 0 first_sep -1 tag None (0.3s; 1472s total)
hom h16 None mN=1.091 I=64 rep 106: frozen gen 330 pcc 1.000 sep_end 0 first_sep -1 tag None (0.3s; 1472s total)
hom h4 None mN=1.091 I=64 rep 104: unresolved gen 100000 pcc 0.988 sep_end 1 first_sep 70 tag None (48.0s; 1485s total)
hom h8 None mN=1.091 I=64 rep 106: frozen gen 275 pcc 1.000 sep_end 0 first_sep -1 tag None (0.3s; 1485s total)
hom h16 None mN=1.091 I=64 rep 107: frozen gen 295 pcc 1.000 sep_end 0 first_sep -1 tag None (0.3s; 1485s total)
hom h4 None mN=1.091 I=64 rep 103: unresolved gen 100000 pcc 0.976 sep_end 1 first_sep 85 tag None (73.4s; 1495s total)
hom h8 None mN=1.091 I=64 rep 107: frozen gen 240 pcc 1.000 sep_end 0 first_sep -1 tag None (0.3s; 1495s total)
hom h16 None mN=1.091 I=64 rep 108: frozen gen 285 pcc 1.000 sep_end 0 first_sep -1 tag None (0.4s; 1496s total)
hom h4 None mN=1.091 I=64 rep 106: unresolved gen 100000 pcc 0.994 sep_end 1 first_sep 60 tag None (24.0s; 1496s total)
hom h8 None mN=1.091 I=64 rep 108: frozen gen 265 pcc 1.000 sep_end 0 first_sep -1 tag None (0.3s; 1496s total)
hom h16 None mN=1.091 I=64 rep 109: frozen gen 295 pcc 1.000 sep_end 0 first_sep -1 tag None (0.3s; 1497s total)
hom h4 None mN=1.091 I=64 rep 107: unresolved gen 100000 pcc 0.991 sep_end 1 first_sep 100 tag None (20.6s; 1506s total)
hom h8 None mN=1.091 I=64 rep 109: frozen gen 250 pcc 1.000 sep_end 0 first_sep -1 tag None (0.3s; 1506s total)
hom h16 None mN=1.091 I=64 rep 110: frozen gen 290 pcc 1.000 sep_end 0 first_sep -1 tag None (0.4s; 1507s total)
hom h4 None mN=1.091 I=64 rep 110: unresolved gen 100000 pcc 0.999 sep_end 1 first_sep 120 tag None (6.2s; 1513s total)
hom h8 None mN=1.091 I=64 rep 110: frozen gen 340 pcc 1.000 sep_end 0 first_sep -1 tag None (0.3s; 1513s total)
hom h16 None mN=1.091 I=64 rep 111: frozen gen 285 pcc 1.000 sep_end 0 first_sep -1 tag None (0.3s; 1514s total)
hom h4 None mN=1.091 I=64 rep 108: unresolved gen 100000 pcc 0.987 sep_end 1 first_sep 100 tag None (40.8s; 1536s total)
hom h8 None mN=1.091 I=64 rep 111: frozen gen 345 pcc 1.000 sep_end 0 first_sep -1 tag None (0.4s; 1537s total)
hom h16 None mN=1.091 I=64 rep 112: frozen gen 290 pcc 1.000 sep_end 0 first_sep -1 tag None (0.3s; 1537s total)
hom h4 None mN=1.091 I=64 rep 109: unresolved gen 100000 pcc 0.986 sep_end 1 first_sep 105 tag None (46.7s; 1543s total)
hom h8 None mN=1.091 I=64 rep 112: frozen gen 310 pcc 1.000 sep_end 0 first_sep -1 tag None (0.3s; 1544s total)
hom h16 None mN=1.091 I=64 rep 113: frozen gen 285 pcc 1.000 sep_end 0 first_sep -1 tag None (0.4s; 1544s total)
hom h4 None mN=1.091 I=64 rep 111: unresolved gen 100000 pcc 0.983 sep_end 1 first_sep 80 tag None (69.9s; 1584s total)
hom h8 None mN=1.091 I=64 rep 113: frozen gen 300 pcc 1.000 sep_end 0 first_sep -1 tag None (0.3s; 1584s total)
hom h16 None mN=1.091 I=64 rep 114: frozen gen 325 pcc 1.000 sep_end 0 first_sep -1 tag None (0.4s; 1584s total)
hom h4 None mN=1.091 I=64 rep 112: unresolved gen 100000 pcc 0.988 sep_end 1 first_sep 90 tag None (55.9s; 1593s total)
hom h8 None mN=1.091 I=64 rep 114: frozen gen 265 pcc 1.000 sep_end 0 first_sep -1 tag None (0.3s; 1593s total)
hom h16 None mN=1.091 I=64 rep 115: frozen gen 300 pcc 1.000 sep_end 0 first_sep -1 tag None (0.3s; 1594s total)
hom h4 None mN=1.091 I=64 rep 114: unresolved gen 100000 pcc 0.996 sep_end 0 first_sep 105 tag None (11.1s; 1595s total)
hom h8 None mN=1.091 I=64 rep 115: frozen gen 405 pcc 1.000 sep_end 0 first_sep -1 tag None (0.3s; 1596s total)
hom h16 None mN=1.091 I=64 rep 116: frozen gen 310 pcc 1.000 sep_end 0 first_sep -1 tag None (0.3s; 1596s total)
hom h4 None mN=1.091 I=64 rep 113: unresolved gen 100000 pcc 0.979 sep_end 1 first_sep 105 tag None (74.7s; 1619s total)
hom h8 None mN=1.091 I=64 rep 116: frozen gen 325 pcc 1.000 sep_end 0 first_sep -1 tag None (0.3s; 1619s total)
hom h16 None mN=1.091 I=64 rep 117: frozen gen 265 pcc 1.000 sep_end 0 first_sep -1 tag None (0.3s; 1619s total)
hom h4 None mN=1.091 I=64 rep 116: unresolved gen 100000 pcc 0.978 sep_end 1 first_sep 70 tag None (59.9s; 1656s total)
hom h8 None mN=1.091 I=64 rep 117: frozen gen 335 pcc 1.000 sep_end 0 first_sep -1 tag None (0.3s; 1656s total)
hom h16 None mN=1.091 I=64 rep 118: frozen gen 330 pcc 1.000 sep_end 0 first_sep -1 tag None (0.3s; 1657s total)
hom h4 None mN=1.091 I=64 rep 115: unresolved gen 100000 pcc 0.979 sep_end 1 first_sep 105 tag None (71.3s; 1665s total)
hom h8 None mN=1.091 I=64 rep 118: frozen gen 330 pcc 1.000 sep_end 0 first_sep -1 tag None (0.4s; 1665s total)
hom h16 None mN=1.091 I=64 rep 119: frozen gen 265 pcc 1.000 sep_end 0 first_sep -1 tag None (0.3s; 1666s total)
hom h4 None mN=1.091 I=64 rep 117: unresolved gen 100000 pcc 0.981 sep_end 1 first_sep 110 tag None (65.1s; 1685s total)
hom h8 None mN=1.091 I=64 rep 119: frozen gen 325 pcc 1.000 sep_end 0 first_sep -1 tag None (0.3s; 1685s total)
hom h16 None mN=1.091 I=64 rep 120: frozen gen 270 pcc 1.000 sep_end 0 first_sep -1 tag None (0.2s; 1685s total)
hom h4 None mN=1.091 I=64 rep 118: unresolved gen 100000 pcc 0.985 sep_end 1 first_sep 105 tag None (56.7s; 1713s total)
hom h8 None mN=1.091 I=64 rep 120: frozen gen 260 pcc 1.000 sep_end 0 first_sep -1 tag None (0.3s; 1714s total)
hom h16 None mN=1.091 I=64 rep 121: frozen gen 335 pcc 1.000 sep_end 0 first_sep -1 tag None (0.4s; 1714s total)
hom h4 None mN=1.091 I=64 rep 119: unresolved gen 100000 pcc 0.978 sep_end 1 first_sep 75 tag None (58.4s; 1724s total)
hom h8 None mN=1.091 I=64 rep 121: frozen gen 340 pcc 1.000 sep_end 0 first_sep -1 tag None (0.4s; 1724s total)
hom h16 None mN=1.091 I=64 rep 122: frozen gen 295 pcc 1.000 sep_end 0 first_sep -1 tag None (0.3s; 1725s total)
hom h4 None mN=1.091 I=64 rep 120: unresolved gen 100000 pcc 0.976 sep_end 1 first_sep 95 tag None (70.3s; 1755s total)
hom h8 None mN=1.091 I=64 rep 122: frozen gen 340 pcc 1.000 sep_end 0 first_sep -1 tag None (0.3s; 1756s total)
hom h16 None mN=1.091 I=64 rep 123: frozen gen 250 pcc 1.000 sep_end 0 first_sep -1 tag None (0.3s; 1756s total)
hom h4 None mN=1.091 I=64 rep 123: unresolved gen 100000 pcc 0.996 sep_end 1 first_sep 220 tag None (18.9s; 1775s total)
hom h8 None mN=1.091 I=64 rep 123: frozen gen 260 pcc 1.000 sep_end 0 first_sep -1 tag None (0.3s; 1775s total)
hom h16 None mN=1.091 I=64 rep 124: frozen gen 280 pcc 1.000 sep_end 0 first_sep -1 tag None (0.3s; 1776s total)
hom h4 None mN=1.091 I=64 rep 124: frozen gen 350 pcc 1.000 sep_end 0 first_sep -1 tag None (0.4s; 1776s total)
hom h8 None mN=1.091 I=64 rep 124: frozen gen 315 pcc 1.000 sep_end 0 first_sep -1 tag None (0.4s; 1776s total)
hom h16 None mN=1.091 I=64 rep 125: frozen gen 375 pcc 1.000 sep_end 0 first_sep -1 tag None (0.5s; 1777s total)
hom h4 None mN=1.091 I=64 rep 121: unresolved gen 100000 pcc 0.978 sep_end 1 first_sep 65 tag None (68.8s; 1783s total)
hom h8 None mN=1.091 I=64 rep 125: frozen gen 275 pcc 1.000 sep_end 0 first_sep -1 tag None (0.2s; 1783s total)
hom h16 None mN=1.091 I=64 rep 126: frozen gen 295 pcc 1.000 sep_end 0 first_sep -1 tag None (0.3s; 1783s total)
hom h4 None mN=1.091 I=64 rep 122: unresolved gen 100000 pcc 0.975 sep_end 1 first_sep 60 tag None (72.7s; 1797s total)
hom h8 None mN=1.091 I=64 rep 126: frozen gen 365 pcc 1.000 sep_end 0 first_sep -1 tag None (0.3s; 1798s total)
hom h16 None mN=1.091 I=64 rep 127: frozen gen 290 pcc 1.000 sep_end 0 first_sep -1 tag None (0.3s; 1798s total)
hom h4 None mN=1.091 I=64 rep 127: unresolved gen 100000 pcc 0.992 sep_end 1 first_sep 110 tag None (22.6s; 1821s total)
hom h8 None mN=1.091 I=64 rep 127: frozen gen 315 pcc 1.000 sep_end 0 first_sep -1 tag None (0.3s; 1821s total)
hom h16 None mN=1.091 I=64 rep 128: frozen gen 270 pcc 1.000 sep_end 0 first_sep -1 tag None (0.3s; 1821s total)
hom h4 None mN=1.091 I=64 rep 125: unresolved gen 100000 pcc 0.988 sep_end 1 first_sep 120 tag None (45.1s; 1822s total)
hom h8 None mN=1.091 I=64 rep 128: frozen gen 260 pcc 1.000 sep_end 0 first_sep -1 tag None (0.3s; 1822s total)
hom h16 None mN=1.091 I=64 rep 129: frozen gen 350 pcc 1.000 sep_end 0 first_sep -1 tag None (0.3s; 1823s total)
hom h4 None mN=1.091 I=64 rep 126: unresolved gen 100000 pcc 0.981 sep_end 1 first_sep 75 tag None (67.5s; 1851s total)
hom h8 None mN=1.091 I=64 rep 129: frozen gen 315 pcc 1.000 sep_end 0 first_sep -1 tag None (0.3s; 1851s total)
hom h16 None mN=1.091 I=64 rep 130: frozen gen 330 pcc 1.000 sep_end 0 first_sep -1 tag None (0.4s; 1852s total)
hom h4 None mN=1.091 I=64 rep 128: unresolved gen 100000 pcc 0.976 sep_end 1 first_sep 80 tag None (76.5s; 1898s total)
hom h8 None mN=1.091 I=64 rep 130: frozen gen 445 pcc 1.000 sep_end 0 first_sep 95 tag None (0.8s; 1899s total)
hom h16 None mN=1.091 I=64 rep 131: frozen gen 270 pcc 1.000 sep_end 0 first_sep -1 tag None (0.3s; 1899s total)
hom h4 None mN=1.091 I=64 rep 129: unresolved gen 100000 pcc 0.981 sep_end 1 first_sep 110 tag None (76.7s; 1899s total)
hom h8 None mN=1.091 I=64 rep 131: frozen gen 280 pcc 1.000 sep_end 0 first_sep -1 tag None (0.3s; 1900s total)
hom h16 None mN=1.091 I=64 rep 132: frozen gen 295 pcc 1.000 sep_end 0 first_sep -1 tag None (0.3s; 1900s total)
hom h4 None mN=1.091 I=64 rep 132: frozen gen 385 pcc 1.000 sep_end 0 first_sep -1 tag None (0.4s; 1900s total)
hom h8 None mN=1.091 I=64 rep 132: frozen gen 410 pcc 1.000 sep_end 0 first_sep -1 tag None (0.4s; 1901s total)
hom h16 None mN=1.091 I=64 rep 133: frozen gen 400 pcc 1.000 sep_end 0 first_sep -1 tag None (0.5s; 1901s total)
hom h4 None mN=1.091 I=64 rep 131: unresolved gen 100000 pcc 0.994 sep_end 1 first_sep 65 tag None (20.8s; 1920s total)
hom h8 None mN=1.091 I=64 rep 133: frozen gen 325 pcc 1.000 sep_end 0 first_sep -1 tag None (0.4s; 1920s total)
hom h16 None mN=1.091 I=64 rep 134: frozen gen 340 pcc 1.000 sep_end 0 first_sep -1 tag None (0.4s; 1921s total)
hom h4 None mN=1.091 I=64 rep 134: frozen gen 410 pcc 1.000 sep_end 0 first_sep -1 tag None (0.4s; 1921s total)
hom h8 None mN=1.091 I=64 rep 134: frozen gen 270 pcc 1.000 sep_end 0 first_sep -1 tag None (0.2s; 1921s total)
hom h16 None mN=1.091 I=64 rep 135: frozen gen 270 pcc 1.000 sep_end 0 first_sep -1 tag None (0.2s; 1921s total)
hom h4 None mN=1.091 I=64 rep 130: unresolved gen 100000 pcc 0.982 sep_end 1 first_sep 75 tag None (75.7s; 1927s total)
hom h8 None mN=1.091 I=64 rep 135: frozen gen 280 pcc 1.000 sep_end 0 first_sep -1 tag None (0.3s; 1928s total)
hom h16 None mN=1.091 I=64 rep 136: frozen gen 280 pcc 1.000 sep_end 0 first_sep -1 tag None (0.3s; 1928s total)
hom h4 None mN=1.091 I=64 rep 135: unresolved gen 100000 pcc 0.986 sep_end 1 first_sep 120 tag None (47.2s; 1969s total)
hom h8 None mN=1.091 I=64 rep 136: frozen gen 265 pcc 1.000 sep_end 0 first_sep -1 tag None (0.2s; 1969s total)
hom h16 None mN=1.091 I=64 rep 137: frozen gen 280 pcc 1.000 sep_end 0 first_sep -1 tag None (0.3s; 1969s total)
hom h4 None mN=1.091 I=64 rep 133: unresolved gen 100000 pcc 0.983 sep_end 1 first_sep 100 tag None (71.1s; 1973s total)
hom h8 None mN=1.091 I=64 rep 137: frozen gen 310 pcc 1.000 sep_end 0 first_sep -1 tag None (0.4s; 1973s total)
hom h16 None mN=1.091 I=64 rep 138: frozen gen 285 pcc 1.000 sep_end 0 first_sep -1 tag None (0.3s; 1973s total)
hom h4 None mN=1.091 I=64 rep 137: unresolved gen 100000 pcc 0.998 sep_end 1 first_sep 160 tag None (11.2s; 1980s total)
hom h8 None mN=1.091 I=64 rep 138: frozen gen 250 pcc 1.000 sep_end 0 first_sep -1 tag None (0.4s; 1981s total)
hom h16 None mN=1.091 I=64 rep 139: frozen gen 300 pcc 1.000 sep_end 0 first_sep -1 tag None (0.5s; 1981s total)
hom h4 None mN=1.091 I=64 rep 136: unresolved gen 100000 pcc 0.983 sep_end 1 first_sep 85 tag None (69.3s; 1997s total)
hom h8 None mN=1.091 I=64 rep 139: frozen gen 350 pcc 1.000 sep_end 0 first_sep -1 tag None (0.4s; 1998s total)
hom h16 None mN=1.091 I=64 rep 140: frozen gen 305 pcc 1.000 sep_end 0 first_sep -1 tag None (0.3s; 1998s total)
hom h4 None mN=1.091 I=64 rep 138: unresolved gen 100000 pcc 0.988 sep_end 1 first_sep 95 tag None (41.5s; 2015s total)
hom h8 None mN=1.091 I=64 rep 140: frozen gen 320 pcc 1.000 sep_end 0 first_sep -1 tag None (0.4s; 2015s total)
hom h16 None mN=1.091 I=64 rep 141: frozen gen 320 pcc 1.000 sep_end 0 first_sep -1 tag None (0.3s; 2016s total)
hom h8 None mN=1.091 I=64 rep 141: frozen gen 295 pcc 1.000 sep_end 0 first_sep -1 tag None (0.3s; 2028s total)
hom h16 None mN=1.091 I=64 rep 142: frozen gen 390 pcc 1.000 sep_end 0 first_sep -1 tag None (0.3s; 2028s total)
hom h8 None mN=1.091 I=64 rep 142: frozen gen 330 pcc 1.000 sep_end 0 first_sep -1 tag None (0.3s; 2028s total)
hom h16 None mN=1.091 I=64 rep 143: frozen gen 290 pcc 1.000 sep_end 0 first_sep -1 tag None (0.3s; 2028s total)
hom h8 None mN=1.091 I=64 rep 143: frozen gen 325 pcc 1.000 sep_end 0 first_sep -1 tag None (0.3s; 2028s total)
hom h16 None mN=1.091 I=64 rep 144: frozen gen 275 pcc 1.000 sep_end 0 first_sep -1 tag None (0.2s; 2029s total)
hom h4 None mN=1.091 I=64 rep 144: unresolved gen 100000 pcc 0.998 sep_end 1 first_sep 110 tag None (13.9s; 2043s total)
hom h8 None mN=1.091 I=64 rep 144: frozen gen 355 pcc 1.000 sep_end 0 first_sep -1 tag None (0.3s; 2043s total)
hom h16 None mN=1.091 I=64 rep 145: frozen gen 295 pcc 1.000 sep_end 0 first_sep -1 tag None (0.2s; 2043s total)
hom h4 None mN=1.091 I=64 rep 143: unresolved gen 100000 pcc 0.998 sep_end 1 first_sep 105 tag None (21.3s; 2049s total)
hom h8 None mN=1.091 I=64 rep 145: frozen gen 355 pcc 1.000 sep_end 0 first_sep -1 tag None (0.4s; 2050s total)
hom h16 None mN=1.091 I=64 rep 146: frozen gen 235 pcc 1.000 sep_end 0 first_sep -1 tag None (0.2s; 2050s total)
hom h4 None mN=1.091 I=64 rep 145: unresolved gen 100000 pcc 0.996 sep_end 1 first_sep 85 tag None (20.6s; 2064s total)
hom h8 None mN=1.091 I=64 rep 146: frozen gen 310 pcc 1.000 sep_end 0 first_sep -1 tag None (0.3s; 2064s total)
hom h16 None mN=1.091 I=64 rep 147: frozen gen 300 pcc 1.000 sep_end 0 first_sep -1 tag None (0.2s; 2064s total)
hom h4 None mN=1.091 I=64 rep 146: unresolved gen 100000 pcc 0.992 sep_end 1 first_sep 90 tag None (24.8s; 2075s total)
hom h8 None mN=1.091 I=64 rep 147: frozen gen 265 pcc 1.000 sep_end 0 first_sep -1 tag None (0.3s; 2075s total)
hom h16 None mN=1.091 I=64 rep 148: frozen gen 290 pcc 1.000 sep_end 0 first_sep -1 tag None (0.3s; 2075s total)
hom h4 None mN=1.091 I=64 rep 142: unresolved gen 100000 pcc 0.983 sep_end 1 first_sep 85 tag None (56.1s; 2084s total)
hom h8 None mN=1.091 I=64 rep 148: frozen gen 215 pcc 1.000 sep_end 0 first_sep -1 tag None (0.3s; 2084s total)
hom h16 None mN=1.091 I=64 rep 149: frozen gen 275 pcc 1.000 sep_end 0 first_sep -1 tag None (0.3s; 2084s total)
hom h4 None mN=1.091 I=64 rep 149: unresolved gen 100000 pcc 0.991 sep_end 1 first_sep 85 tag None (30.7s; 2115s total)
hom h8 None mN=1.091 I=64 rep 149: frozen gen 310 pcc 1.000 sep_end 0 first_sep -1 tag None (0.3s; 2115s total)
hom h16 None mN=1.091 I=64 rep 150: frozen gen 320 pcc 1.000 sep_end 0 first_sep -1 tag None (0.3s; 2115s total)
hom h8 None mN=1.091 I=64 rep 150: frozen gen 365 pcc 1.000 sep_end 0 first_sep -1 tag None (0.3s; 2116s total)
hom h16 None mN=1.091 I=64 rep 151: frozen gen 330 pcc 1.000 sep_end 0 first_sep -1 tag None (0.3s; 2116s total)
hom h8 None mN=1.091 I=64 rep 151: frozen gen 340 pcc 1.000 sep_end 0 first_sep -1 tag None (0.3s; 2116s total)
hom h16 None mN=1.091 I=64 rep 152: frozen gen 285 pcc 1.000 sep_end 0 first_sep -1 tag None (0.4s; 2117s total)
hom h8 None mN=1.091 I=64 rep 152: frozen gen 265 pcc 1.000 sep_end 0 first_sep -1 tag None (0.3s; 2117s total)
hom h16 None mN=1.091 I=64 rep 153: frozen gen 400 pcc 1.000 sep_end 0 first_sep -1 tag None (0.4s; 2117s total)
hom h8 None mN=1.091 I=64 rep 153: frozen gen 285 pcc 1.000 sep_end 0 first_sep -1 tag None (0.3s; 2118s total)
hom h16 None mN=1.091 I=64 rep 154: frozen gen 325 pcc 1.000 sep_end 0 first_sep -1 tag None (0.3s; 2118s total)
hom h8 None mN=1.091 I=64 rep 154: frozen gen 320 pcc 1.000 sep_end 0 first_sep -1 tag None (0.3s; 2118s total)
hom h16 None mN=1.091 I=64 rep 155: frozen gen 265 pcc 1.000 sep_end 0 first_sep -1 tag None (0.3s; 2119s total)
hom h8 None mN=1.091 I=64 rep 155: frozen gen 255 pcc 1.000 sep_end 0 first_sep -1 tag None (0.2s; 2119s total)
hom h16 None mN=1.091 I=64 rep 156: frozen gen 310 pcc 1.000 sep_end 0 first_sep -1 tag None (0.3s; 2119s total)
hom h8 None mN=1.091 I=64 rep 156: frozen gen 350 pcc 1.000 sep_end 0 first_sep -1 tag None (0.3s; 2120s total)
hom h16 None mN=1.091 I=64 rep 157: frozen gen 350 pcc 1.000 sep_end 0 first_sep -1 tag None (0.3s; 2120s total)
hom h8 None mN=1.091 I=64 rep 157: frozen gen 340 pcc 1.000 sep_end 0 first_sep -1 tag None (0.3s; 2120s total)
hom h16 None mN=1.091 I=64 rep 158: frozen gen 320 pcc 1.000 sep_end 0 first_sep -1 tag None (0.3s; 2120s total)
hom h8 None mN=1.091 I=64 rep 158: frozen gen 250 pcc 1.000 sep_end 0 first_sep -1 tag None (0.2s; 2121s total)
hom h16 None mN=1.091 I=64 rep 159: frozen gen 295 pcc 1.000 sep_end 0 first_sep -1 tag None (0.3s; 2121s total)
hom h8 None mN=1.091 I=64 rep 159: frozen gen 255 pcc 1.000 sep_end 0 first_sep -1 tag None (0.2s; 2121s total)
hom h16 None mN=1.091 I=64 rep 160: frozen gen 275 pcc 1.000 sep_end 0 first_sep -1 tag None (0.3s; 2121s total)
hom h8 None mN=1.091 I=64 rep 160: frozen gen 400 pcc 1.000 sep_end 0 first_sep -1 tag None (0.3s; 2122s total)
hom h16 None mN=1.091 I=64 rep 161: frozen gen 255 pcc 1.000 sep_end 0 first_sep -1 tag None (0.3s; 2122s total)
hom h4 None mN=1.091 I=64 rep 147: unresolved gen 100000 pcc 0.977 sep_end 1 first_sep 85 tag None (65.1s; 2129s total)
hom h16 None mN=1.091 I=64 rep 162: frozen gen 315 pcc 1.000 sep_end 0 first_sep -1 tag None (0.3s; 2130s total)
hom h8 None mN=1.091 I=64 rep 162: frozen gen 350 pcc 1.000 sep_end 0 first_sep -1 tag None (0.3s; 2130s total)
hom h16 None mN=1.091 I=64 rep 163: frozen gen 310 pcc 1.000 sep_end 0 first_sep -1 tag None (0.3s; 2130s total)
hom h8 None mN=1.091 I=64 rep 163: frozen gen 325 pcc 1.000 sep_end 0 first_sep -1 tag None (0.3s; 2131s total)
hom h16 None mN=1.091 I=64 rep 164: frozen gen 320 pcc 1.000 sep_end 0 first_sep -1 tag None (0.3s; 2131s total)
hom h8 None mN=1.091 I=64 rep 164: frozen gen 245 pcc 1.000 sep_end 0 first_sep -1 tag None (0.2s; 2131s total)
hom h16 None mN=1.091 I=64 rep 165: frozen gen 315 pcc 1.000 sep_end 0 first_sep -1 tag None (0.3s; 2131s total)
hom h8 None mN=1.091 I=64 rep 165: frozen gen 340 pcc 1.000 sep_end 0 first_sep -1 tag None (0.3s; 2132s total)
hom h16 None mN=1.091 I=64 rep 166: frozen gen 315 pcc 1.000 sep_end 0 first_sep -1 tag None (0.3s; 2132s total)
hom h8 None mN=1.091 I=64 rep 166: frozen gen 350 pcc 1.000 sep_end 0 first_sep -1 tag None (0.3s; 2132s total)
hom h16 None mN=1.091 I=64 rep 167: frozen gen 385 pcc 1.000 sep_end 0 first_sep -1 tag None (0.5s; 2133s total)
hom h8 None mN=1.091 I=64 rep 167: frozen gen 325 pcc 1.000 sep_end 0 first_sep -1 tag None (0.3s; 2133s total)
hom h16 None mN=1.091 I=64 rep 168: frozen gen 330 pcc 1.000 sep_end 0 first_sep -1 tag None (0.3s; 2133s total)
hom h8 None mN=1.091 I=64 rep 168: frozen gen 320 pcc 1.000 sep_end 0 first_sep -1 tag None (0.3s; 2134s total)
hom h16 None mN=1.091 I=64 rep 169: frozen gen 285 pcc 1.000 sep_end 0 first_sep -1 tag None (0.3s; 2134s total)
hom h8 None mN=1.091 I=64 rep 169: frozen gen 270 pcc 1.000 sep_end 0 first_sep -1 tag None (0.2s; 2134s total)
hom h16 None mN=1.091 I=64 rep 170: frozen gen 265 pcc 1.000 sep_end 0 first_sep -1 tag None (0.2s; 2134s total)
hom h8 None mN=1.091 I=64 rep 170: frozen gen 305 pcc 1.000 sep_end 0 first_sep -1 tag None (0.3s; 2135s total)
hom h16 None mN=1.091 I=64 rep 171: frozen gen 340 pcc 1.000 sep_end 0 first_sep -1 tag None (0.3s; 2135s total)
hom h8 None mN=1.091 I=64 rep 171: frozen gen 305 pcc 1.000 sep_end 0 first_sep -1 tag None (0.3s; 2135s total)
hom h16 None mN=1.091 I=64 rep 172: frozen gen 300 pcc 1.000 sep_end 0 first_sep -1 tag None (0.2s; 2136s total)
hom h8 None mN=1.091 I=64 rep 172: frozen gen 265 pcc 1.000 sep_end 0 first_sep -1 tag None (0.2s; 2136s total)
hom h16 None mN=1.091 I=64 rep 173: frozen gen 285 pcc 1.000 sep_end 0 first_sep -1 tag None (0.3s; 2136s total)
hom h8 None mN=1.091 I=64 rep 173: frozen gen 270 pcc 1.000 sep_end 0 first_sep -1 tag None (0.3s; 2136s total)
hom h16 None mN=1.091 I=64 rep 174: frozen gen 350 pcc 1.000 sep_end 0 first_sep -1 tag None (0.3s; 2137s total)
hom h8 None mN=1.091 I=64 rep 174: frozen gen 295 pcc 1.000 sep_end 0 first_sep -1 tag None (0.3s; 2137s total)
hom h16 None mN=1.091 I=64 rep 175: frozen gen 320 pcc 1.000 sep_end 0 first_sep -1 tag None (0.4s; 2137s total)
hom h8 None mN=1.091 I=64 rep 175: frozen gen 220 pcc 1.000 sep_end 0 first_sep -1 tag None (0.2s; 2138s total)
hom h16 None mN=1.091 I=64 rep 176: frozen gen 380 pcc 1.000 sep_end 0 first_sep -1 tag None (0.4s; 2138s total)
hom h8 None mN=1.091 I=64 rep 176: frozen gen 285 pcc 1.000 sep_end 0 first_sep -1 tag None (0.4s; 2138s total)
hom h16 None mN=1.091 I=64 rep 177: frozen gen 325 pcc 1.000 sep_end 0 first_sep -1 tag None (0.3s; 2139s total)
hom h8 None mN=1.091 I=64 rep 177: frozen gen 320 pcc 1.000 sep_end 0 first_sep -1 tag None (0.3s; 2139s total)
hom h16 None mN=1.091 I=64 rep 178: frozen gen 290 pcc 1.000 sep_end 0 first_sep -1 tag None (0.3s; 2139s total)
hom h8 None mN=1.091 I=64 rep 178: frozen gen 300 pcc 1.000 sep_end 0 first_sep -1 tag None (0.3s; 2140s total)
hom h16 None mN=1.091 I=64 rep 179: frozen gen 275 pcc 1.000 sep_end 0 first_sep -1 tag None (0.3s; 2140s total)
hom h8 None mN=1.091 I=64 rep 179: frozen gen 415 pcc 1.000 sep_end 0 first_sep -1 tag None (0.3s; 2140s total)
hom h16 None mN=1.091 I=64 rep 180: frozen gen 275 pcc 1.000 sep_end 0 first_sep -1 tag None (0.3s; 2141s total)
hom h8 None mN=1.091 I=64 rep 180: frozen gen 295 pcc 1.000 sep_end 0 first_sep -1 tag None (0.3s; 2141s total)
hom h16 None mN=1.091 I=64 rep 181: frozen gen 365 pcc 1.000 sep_end 0 first_sep -1 tag None (0.4s; 2141s total)
hom h8 None mN=1.091 I=64 rep 181: frozen gen 320 pcc 1.000 sep_end 0 first_sep -1 tag None (0.3s; 2142s total)
hom h16 None mN=1.091 I=64 rep 182: frozen gen 255 pcc 1.000 sep_end 0 first_sep -1 tag None (0.3s; 2142s total)
hom h8 None mN=1.091 I=64 rep 182: frozen gen 265 pcc 1.000 sep_end 0 first_sep -1 tag None (0.3s; 2142s total)
hom h16 None mN=1.091 I=64 rep 183: frozen gen 315 pcc 1.000 sep_end 0 first_sep -1 tag None (0.3s; 2142s total)
hom h8 None mN=1.091 I=64 rep 183: frozen gen 315 pcc 1.000 sep_end 0 first_sep -1 tag None (0.3s; 2143s total)
hom h16 None mN=1.091 I=64 rep 184: frozen gen 275 pcc 1.000 sep_end 0 first_sep -1 tag None (0.3s; 2143s total)
hom h8 None mN=1.091 I=64 rep 184: frozen gen 210 pcc 1.000 sep_end 0 first_sep -1 tag None (0.2s; 2143s total)
hom h16 None mN=1.091 I=64 rep 185: frozen gen 265 pcc 1.000 sep_end 0 first_sep -1 tag None (0.2s; 2144s total)
hom h8 None mN=1.091 I=64 rep 185: frozen gen 280 pcc 1.000 sep_end 0 first_sep -1 tag None (0.2s; 2144s total)
hom h16 None mN=1.091 I=64 rep 186: frozen gen 255 pcc 1.000 sep_end 0 first_sep -1 tag None (0.3s; 2144s total)
hom h8 None mN=1.091 I=64 rep 186: frozen gen 305 pcc 1.000 sep_end 0 first_sep -1 tag None (0.6s; 2145s total)
hom h16 None mN=1.091 I=64 rep 187: frozen gen 225 pcc 1.000 sep_end 0 first_sep -1 tag None (0.3s; 2145s total)
hom h8 None mN=1.091 I=64 rep 187: frozen gen 310 pcc 1.000 sep_end 0 first_sep -1 tag None (0.3s; 2145s total)
hom h16 None mN=1.091 I=64 rep 188: frozen gen 320 pcc 1.000 sep_end 0 first_sep -1 tag None (0.3s; 2146s total)
hom h8 None mN=1.091 I=64 rep 188: frozen gen 350 pcc 1.000 sep_end 0 first_sep -1 tag None (0.3s; 2146s total)
hom h4 None mN=1.091 I=64 rep 148: unresolved gen 100000 pcc 0.979 sep_end 1 first_sep 60 tag None (70.7s; 2146s total)
hom h16 None mN=1.091 I=64 rep 189: frozen gen 240 pcc 1.000 sep_end 0 first_sep -1 tag None (0.3s; 2146s total)
hom h8 None mN=1.091 I=64 rep 189: frozen gen 310 pcc 1.000 sep_end 0 first_sep -1 tag None (0.3s; 2146s total)
hom h16 None mN=1.091 I=64 rep 190: frozen gen 265 pcc 1.000 sep_end 0 first_sep -1 tag None (0.3s; 2146s total)
hom h8 None mN=1.091 I=64 rep 190: frozen gen 300 pcc 1.000 sep_end 0 first_sep -1 tag None (0.3s; 2147s total)
hom h16 None mN=1.091 I=64 rep 191: frozen gen 280 pcc 1.000 sep_end 0 first_sep -1 tag None (0.2s; 2147s total)
hom h8 None mN=1.091 I=64 rep 191: frozen gen 230 pcc 1.000 sep_end 0 first_sep -1 tag None (0.3s; 2147s total)
hom h16 None mN=1.091 I=64 rep 192: frozen gen 310 pcc 1.000 sep_end 0 first_sep -1 tag None (0.3s; 2147s total)
hom h8 None mN=1.091 I=64 rep 192: frozen gen 325 pcc 1.000 sep_end 0 first_sep -1 tag None (0.3s; 2147s total)
hom h16 None mN=1.091 I=64 rep 193: frozen gen 360 pcc 1.000 sep_end 0 first_sep -1 tag None (0.4s; 2147s total)
hom h8 None mN=1.091 I=64 rep 193: frozen gen 305 pcc 1.000 sep_end 0 first_sep -1 tag None (0.3s; 2148s total)
hom h16 None mN=1.091 I=64 rep 194: frozen gen 260 pcc 1.000 sep_end 0 first_sep -1 tag None (0.3s; 2148s total)
hom h16 None mN=1.091 I=64 rep 195: frozen gen 245 pcc 1.000 sep_end 0 first_sep -1 tag None (0.3s; 2148s total)
hom h8 None mN=1.091 I=64 rep 194: frozen gen 315 pcc 1.000 sep_end 0 first_sep -1 tag None (0.3s; 2148s total)
hom h8 None mN=1.091 I=64 rep 195: frozen gen 340 pcc 1.000 sep_end 0 first_sep -1 tag None (0.3s; 2148s total)
hom h16 None mN=1.091 I=64 rep 196: frozen gen 410 pcc 1.000 sep_end 0 first_sep -1 tag None (0.3s; 2148s total)
hom h8 None mN=1.091 I=64 rep 196: frozen gen 280 pcc 1.000 sep_end 0 first_sep -1 tag None (0.3s; 2148s total)
hom h16 None mN=1.091 I=64 rep 197: frozen gen 235 pcc 1.000 sep_end 0 first_sep -1 tag None (0.2s; 2148s total)
hom h8 None mN=1.091 I=64 rep 197: frozen gen 290 pcc 1.000 sep_end 0 first_sep -1 tag None (0.3s; 2149s total)
hom h16 None mN=1.091 I=64 rep 198: frozen gen 300 pcc 1.000 sep_end 0 first_sep -1 tag None (0.3s; 2149s total)
hom h16 None mN=1.091 I=64 rep 199: frozen gen 320 pcc 1.000 sep_end 0 first_sep -1 tag None (0.3s; 2149s total)
hom h8 None mN=1.091 I=64 rep 198: frozen gen 320 pcc 1.000 sep_end 0 first_sep -1 tag None (0.3s; 2149s total)
hom h8 None mN=1.091 I=64 rep 199: frozen gen 330 pcc 1.000 sep_end 0 first_sep -1 tag None (0.3s; 2149s total)
hom h16 None mN=1.091 I=64 rep 200: frozen gen 360 pcc 1.000 sep_end 0 first_sep -1 tag None (0.3s; 2149s total)
hom h8 None mN=1.091 I=64 rep 200: frozen gen 395 pcc 1.000 sep_end 0 first_sep -1 tag None (0.3s; 2150s total)
hom h16 None mN=1.091 I=64 rep 201: frozen gen 395 pcc 1.000 sep_end 0 first_sep -1 tag None (0.3s; 2150s total)
hom h16 None mN=1.091 I=64 rep 202: frozen gen 285 pcc 1.000 sep_end 0 first_sep -1 tag None (0.2s; 2150s total)
hom h8 None mN=1.091 I=64 rep 201: frozen gen 305 pcc 1.000 sep_end 0 first_sep -1 tag None (0.3s; 2150s total)
hom h8 None mN=1.091 I=64 rep 202: frozen gen 235 pcc 1.000 sep_end 0 first_sep -1 tag None (0.2s; 2150s total)
hom h16 None mN=1.091 I=64 rep 203: frozen gen 275 pcc 1.000 sep_end 0 first_sep -1 tag None (0.3s; 2150s total)
hom h16 None mN=1.091 I=64 rep 204: frozen gen 260 pcc 1.000 sep_end 0 first_sep -1 tag None (0.2s; 2151s total)
hom h8 None mN=1.091 I=64 rep 203: frozen gen 335 pcc 1.000 sep_end 0 first_sep -1 tag None (0.4s; 2151s total)
hom h8 None mN=1.091 I=64 rep 204: frozen gen 365 pcc 1.000 sep_end 0 first_sep -1 tag None (0.3s; 2151s total)
hom h16 None mN=1.091 I=64 rep 205: frozen gen 415 pcc 1.000 sep_end 0 first_sep -1 tag None (0.3s; 2151s total)
hom h8 None mN=1.091 I=64 rep 205: frozen gen 290 pcc 1.000 sep_end 0 first_sep -1 tag None (0.3s; 2151s total)
hom h16 None mN=1.091 I=64 rep 206: frozen gen 315 pcc 1.000 sep_end 0 first_sep -1 tag None (0.3s; 2151s total)
hom h8 None mN=1.091 I=64 rep 206: frozen gen 265 pcc 1.000 sep_end 0 first_sep -1 tag None (0.2s; 2151s total)
hom h16 None mN=1.091 I=64 rep 207: frozen gen 260 pcc 1.000 sep_end 0 first_sep -1 tag None (0.3s; 2152s total)
hom h8 None mN=1.091 I=64 rep 207: frozen gen 290 pcc 1.000 sep_end 0 first_sep -1 tag None (0.3s; 2152s total)
hom h16 None mN=1.091 I=64 rep 208: frozen gen 295 pcc 1.000 sep_end 0 first_sep -1 tag None (0.3s; 2152s total)
hom h8 None mN=1.091 I=64 rep 208: frozen gen 320 pcc 1.000 sep_end 0 first_sep -1 tag None (0.3s; 2152s total)
hom h8 None mN=1.091 I=64 rep 209: frozen gen 305 pcc 1.000 sep_end 0 first_sep -1 tag None (0.3s; 2152s total)
hom h16 None mN=1.091 I=64 rep 209: frozen gen 350 pcc 1.000 sep_end 0 first_sep -1 tag None (0.4s; 2152s total)
hom h8 None mN=1.091 I=64 rep 210: frozen gen 305 pcc 1.000 sep_end 0 first_sep -1 tag None (0.3s; 2153s total)
hom h16 None mN=1.091 I=64 rep 210: frozen gen 340 pcc 1.000 sep_end 0 first_sep -1 tag None (0.3s; 2153s total)
hom h8 None mN=1.091 I=64 rep 211: frozen gen 230 pcc 1.000 sep_end 0 first_sep -1 tag None (0.3s; 2153s total)
hom h16 None mN=1.091 I=64 rep 211: frozen gen 340 pcc 1.000 sep_end 0 first_sep -1 tag None (0.3s; 2153s total)
hom h16 None mN=1.091 I=64 rep 212: frozen gen 265 pcc 1.000 sep_end 0 first_sep -1 tag None (0.3s; 2153s total)
hom h8 None mN=1.091 I=64 rep 212: frozen gen 280 pcc 1.000 sep_end 0 first_sep -1 tag None (0.3s; 2153s total)
hom h16 None mN=1.091 I=64 rep 213: frozen gen 275 pcc 1.000 sep_end 0 first_sep -1 tag None (0.2s; 2153s total)
hom h8 None mN=1.091 I=64 rep 213: frozen gen 275 pcc 1.000 sep_end 0 first_sep -1 tag None (0.3s; 2153s total)
hom h16 None mN=1.091 I=64 rep 214: frozen gen 290 pcc 1.000 sep_end 0 first_sep -1 tag None (0.3s; 2154s total)
hom h16 None mN=1.091 I=64 rep 215: frozen gen 365 pcc 1.000 sep_end 0 first_sep -1 tag None (0.3s; 2154s total)
hom h8 None mN=1.091 I=64 rep 214: frozen gen 360 pcc 1.000 sep_end 0 first_sep -1 tag None (0.5s; 2154s total)
hom h16 None mN=1.091 I=64 rep 216: frozen gen 230 pcc 1.000 sep_end 0 first_sep -1 tag None (0.2s; 2154s total)
hom h8 None mN=1.091 I=64 rep 215: frozen gen 350 pcc 1.000 sep_end 0 first_sep -1 tag None (0.3s; 2154s total)
hom h8 None mN=1.091 I=64 rep 216: frozen gen 345 pcc 1.000 sep_end 0 first_sep -1 tag None (0.3s; 2154s total)
hom h16 None mN=1.091 I=64 rep 217: frozen gen 380 pcc 1.000 sep_end 0 first_sep -1 tag None (0.3s; 2155s total)
hom h8 None mN=1.091 I=64 rep 217: frozen gen 265 pcc 1.000 sep_end 0 first_sep -1 tag None (0.3s; 2155s total)
hom h16 None mN=1.091 I=64 rep 218: frozen gen 320 pcc 1.000 sep_end 0 first_sep -1 tag None (0.3s; 2155s total)
hom h8 None mN=1.091 I=64 rep 218: frozen gen 320 pcc 1.000 sep_end 0 first_sep -1 tag None (0.4s; 2155s total)
hom h16 None mN=1.091 I=64 rep 219: frozen gen 325 pcc 1.000 sep_end 0 first_sep -1 tag None (0.4s; 2155s total)
hom h8 None mN=1.091 I=64 rep 219: frozen gen 360 pcc 1.000 sep_end 0 first_sep -1 tag None (0.3s; 2155s total)
hom h16 None mN=1.091 I=64 rep 220: frozen gen 270 pcc 1.000 sep_end 0 first_sep -1 tag None (0.3s; 2156s total)
hom h8 None mN=1.091 I=64 rep 220: frozen gen 225 pcc 1.000 sep_end 0 first_sep -1 tag None (0.2s; 2156s total)
hom h16 None mN=1.091 I=64 rep 221: frozen gen 270 pcc 1.000 sep_end 0 first_sep -1 tag None (0.2s; 2156s total)
hom h8 None mN=1.091 I=64 rep 221: frozen gen 280 pcc 1.000 sep_end 0 first_sep -1 tag None (0.3s; 2156s total)
hom h16 None mN=1.091 I=64 rep 222: frozen gen 320 pcc 1.000 sep_end 0 first_sep -1 tag None (0.3s; 2156s total)
hom h8 None mN=1.091 I=64 rep 222: frozen gen 290 pcc 1.000 sep_end 0 first_sep -1 tag None (0.3s; 2156s total)
hom h16 None mN=1.091 I=64 rep 223: frozen gen 285 pcc 1.000 sep_end 0 first_sep -1 tag None (0.2s; 2156s total)
hom h8 None mN=1.091 I=64 rep 223: frozen gen 315 pcc 1.000 sep_end 0 first_sep -1 tag None (0.3s; 2157s total)
hom h8 None mN=1.091 I=64 rep 224: frozen gen 250 pcc 1.000 sep_end 0 first_sep -1 tag None (0.2s; 2157s total)
hom h16 None mN=1.091 I=64 rep 224: frozen gen 490 pcc 1.000 sep_end 0 first_sep -1 tag None (0.6s; 2157s total)
hom h16 None mN=1.091 I=64 rep 225: frozen gen 270 pcc 1.000 sep_end 0 first_sep -1 tag None (0.3s; 2157s total)
hom h8 None mN=1.091 I=64 rep 225: frozen gen 275 pcc 1.000 sep_end 0 first_sep -1 tag None (0.3s; 2157s total)
hom h16 None mN=1.091 I=64 rep 226: frozen gen 285 pcc 1.000 sep_end 0 first_sep -1 tag None (0.3s; 2157s total)
hom h8 None mN=1.091 I=64 rep 226: frozen gen 360 pcc 1.000 sep_end 0 first_sep -1 tag None (0.3s; 2158s total)
hom h16 None mN=1.091 I=64 rep 227: frozen gen 340 pcc 1.000 sep_end 0 first_sep -1 tag None (0.4s; 2158s total)
hom h8 None mN=1.091 I=64 rep 227: frozen gen 225 pcc 1.000 sep_end 0 first_sep -1 tag None (0.3s; 2158s total)
hom h16 None mN=1.091 I=64 rep 228: frozen gen 245 pcc 1.000 sep_end 0 first_sep -1 tag None (0.3s; 2158s total)
hom h8 None mN=1.091 I=64 rep 228: frozen gen 370 pcc 1.000 sep_end 0 first_sep -1 tag None (0.4s; 2158s total)
hom h16 None mN=1.091 I=64 rep 229: frozen gen 245 pcc 1.000 sep_end 0 first_sep -1 tag None (0.3s; 2158s total)
hom h8 None mN=1.091 I=64 rep 229: frozen gen 280 pcc 1.000 sep_end 0 first_sep -1 tag None (0.3s; 2159s total)
hom h16 None mN=1.091 I=64 rep 230: frozen gen 275 pcc 1.000 sep_end 0 first_sep -1 tag None (0.3s; 2159s total)
hom h8 None mN=1.091 I=64 rep 230: frozen gen 320 pcc 1.000 sep_end 0 first_sep -1 tag None (0.3s; 2159s total)
hom h16 None mN=1.091 I=64 rep 231: frozen gen 275 pcc 1.000 sep_end 0 first_sep -1 tag None (0.3s; 2159s total)
hom h8 None mN=1.091 I=64 rep 231: frozen gen 270 pcc 1.000 sep_end 0 first_sep -1 tag None (0.3s; 2159s total)
hom h16 None mN=1.091 I=64 rep 232: frozen gen 405 pcc 1.000 sep_end 0 first_sep -1 tag None (0.5s; 2159s total)
hom h8 None mN=1.091 I=64 rep 232: frozen gen 290 pcc 1.000 sep_end 0 first_sep -1 tag None (0.3s; 2160s total)
hom h16 None mN=1.091 I=64 rep 233: frozen gen 310 pcc 1.000 sep_end 0 first_sep -1 tag None (0.4s; 2160s total)
hom h8 None mN=1.091 I=64 rep 233: frozen gen 340 pcc 1.000 sep_end 0 first_sep -1 tag None (0.3s; 2160s total)
hom h16 None mN=1.091 I=64 rep 234: frozen gen 315 pcc 1.000 sep_end 0 first_sep -1 tag None (0.3s; 2160s total)
hom h8 None mN=1.091 I=64 rep 234: frozen gen 340 pcc 1.000 sep_end 0 first_sep -1 tag None (0.3s; 2160s total)
hom h16 None mN=1.091 I=64 rep 235: frozen gen 320 pcc 1.000 sep_end 0 first_sep -1 tag None (0.3s; 2160s total)
hom h8 None mN=1.091 I=64 rep 235: frozen gen 405 pcc 1.000 sep_end 0 first_sep -1 tag None (0.5s; 2161s total)
hom h16 None mN=1.091 I=64 rep 236: frozen gen 295 pcc 1.000 sep_end 0 first_sep -1 tag None (0.3s; 2161s total)
hom h8 None mN=1.091 I=64 rep 236: frozen gen 270 pcc 1.000 sep_end 0 first_sep -1 tag None (0.3s; 2161s total)
hom h16 None mN=1.091 I=64 rep 237: frozen gen 300 pcc 1.000 sep_end 0 first_sep -1 tag None (0.3s; 2161s total)
hom h8 None mN=1.091 I=64 rep 237: frozen gen 250 pcc 1.000 sep_end 0 first_sep -1 tag None (0.3s; 2161s total)
hom h16 None mN=1.091 I=64 rep 238: frozen gen 310 pcc 1.000 sep_end 0 first_sep -1 tag None (0.3s; 2161s total)
hom h8 None mN=1.091 I=64 rep 238: frozen gen 320 pcc 1.000 sep_end 0 first_sep -1 tag None (0.3s; 2161s total)
hom h16 None mN=1.091 I=64 rep 239: frozen gen 260 pcc 1.000 sep_end 0 first_sep -1 tag None (0.2s; 2162s total)
hom h16 None mN=1.091 I=64 rep 240: frozen gen 265 pcc 1.000 sep_end 0 first_sep -1 tag None (0.3s; 2162s total)
hom h8 None mN=1.091 I=64 rep 239: frozen gen 320 pcc 1.000 sep_end 0 first_sep -1 tag None (0.5s; 2162s total)
hom h8 None mN=1.091 I=64 rep 240: frozen gen 300 pcc 1.000 sep_end 0 first_sep -1 tag None (0.3s; 2162s total)
hom h16 None mN=1.091 I=64 rep 241: frozen gen 265 pcc 1.000 sep_end 0 first_sep -1 tag None (0.3s; 2162s total)
hom h8 None mN=1.091 I=64 rep 241: frozen gen 250 pcc 1.000 sep_end 0 first_sep -1 tag None (0.3s; 2162s total)
hom h16 None mN=1.091 I=64 rep 242: frozen gen 290 pcc 1.000 sep_end 0 first_sep -1 tag None (0.3s; 2163s total)
hom h8 None mN=1.091 I=64 rep 242: frozen gen 290 pcc 1.000 sep_end 0 first_sep -1 tag None (0.3s; 2163s total)
hom h16 None mN=1.091 I=64 rep 243: frozen gen 340 pcc 1.000 sep_end 0 first_sep -1 tag None (0.3s; 2163s total)
hom h8 None mN=1.091 I=64 rep 243: frozen gen 375 pcc 1.000 sep_end 0 first_sep -1 tag None (0.4s; 2163s total)
hom h16 None mN=1.091 I=64 rep 244: frozen gen 250 pcc 1.000 sep_end 0 first_sep -1 tag None (0.2s; 2163s total)
hom h8 None mN=1.091 I=64 rep 244: frozen gen 280 pcc 1.000 sep_end 0 first_sep -1 tag None (0.3s; 2163s total)
hom h16 None mN=1.091 I=64 rep 245: frozen gen 340 pcc 1.000 sep_end 0 first_sep -1 tag None (0.3s; 2163s total)
hom h8 None mN=1.091 I=64 rep 245: frozen gen 275 pcc 1.000 sep_end 0 first_sep -1 tag None (0.3s; 2164s total)
hom h16 None mN=1.091 I=64 rep 246: frozen gen 350 pcc 1.000 sep_end 0 first_sep -1 tag None (0.3s; 2164s total)
hom h8 None mN=1.091 I=64 rep 246: frozen gen 315 pcc 1.000 sep_end 0 first_sep -1 tag None (0.3s; 2164s total)
hom h16 None mN=1.091 I=64 rep 247: frozen gen 310 pcc 1.000 sep_end 0 first_sep -1 tag None (0.3s; 2164s total)
hom h8 None mN=1.091 I=64 rep 247: frozen gen 305 pcc 1.000 sep_end 0 first_sep -1 tag None (0.3s; 2164s total)
hom h16 None mN=1.091 I=64 rep 248: frozen gen 290 pcc 1.000 sep_end 0 first_sep -1 tag None (0.3s; 2164s total)
hom h8 None mN=1.091 I=64 rep 248: frozen gen 235 pcc 1.000 sep_end 0 first_sep -1 tag None (0.3s; 2165s total)
hom h16 None mN=1.091 I=64 rep 249: frozen gen 305 pcc 1.000 sep_end 0 first_sep -1 tag None (0.3s; 2165s total)
hom h8 None mN=1.091 I=64 rep 249: frozen gen 365 pcc 1.000 sep_end 0 first_sep -1 tag None (0.3s; 2165s total)
hom h16 None mN=1.091 I=64 rep 250: frozen gen 380 pcc 1.000 sep_end 0 first_sep -1 tag None (0.3s; 2165s total)
hom h8 None mN=1.091 I=64 rep 250: frozen gen 280 pcc 1.000 sep_end 0 first_sep -1 tag None (0.4s; 2165s total)
hom h16 None mN=1.091 I=64 rep 251: frozen gen 280 pcc 1.000 sep_end 0 first_sep -1 tag None (0.3s; 2165s total)
hom h16 None mN=1.091 I=64 rep 252: frozen gen 425 pcc 1.000 sep_end 0 first_sep -1 tag None (0.3s; 2166s total)
hom h8 None mN=1.091 I=64 rep 251: frozen gen 345 pcc 1.000 sep_end 0 first_sep -1 tag None (0.3s; 2166s total)
hom h8 None mN=1.091 I=64 rep 252: frozen gen 310 pcc 1.000 sep_end 0 first_sep -1 tag None (0.3s; 2166s total)
hom h16 None mN=1.091 I=64 rep 253: frozen gen 345 pcc 1.000 sep_end 0 first_sep -1 tag None (0.4s; 2166s total)
hom h8 None mN=1.091 I=64 rep 253: frozen gen 365 pcc 1.000 sep_end 0 first_sep -1 tag None (0.3s; 2166s total)
hom h16 None mN=1.091 I=64 rep 254: frozen gen 360 pcc 1.000 sep_end 0 first_sep -1 tag None (0.3s; 2166s total)
hom h8 None mN=1.091 I=64 rep 254: frozen gen 280 pcc 1.000 sep_end 0 first_sep -1 tag None (0.3s; 2166s total)
hom h16 None mN=1.091 I=64 rep 255: frozen gen 245 pcc 1.000 sep_end 0 first_sep -1 tag None (0.3s; 2167s total)
hom h8 None mN=1.091 I=64 rep 255: frozen gen 315 pcc 1.000 sep_end 0 first_sep -1 tag None (0.3s; 2167s total)
hom h16 None mN=1.091 I=64 rep 256: frozen gen 275 pcc 1.000 sep_end 0 first_sep -1 tag None (0.3s; 2167s total)
hom h8 None mN=1.091 I=64 rep 256: frozen gen 335 pcc 1.000 sep_end 0 first_sep -1 tag None (0.3s; 2167s total)
hom h16 None mN=1.091 I=64 rep 257: frozen gen 365 pcc 1.000 sep_end 0 first_sep -1 tag None (0.5s; 2167s total)
hom h8 None mN=1.091 I=64 rep 257: frozen gen 340 pcc 1.000 sep_end 0 first_sep -1 tag None (0.3s; 2167s total)
hom h16 None mN=1.091 I=64 rep 258: frozen gen 340 pcc 1.000 sep_end 0 first_sep -1 tag None (0.3s; 2168s total)
hom h8 None mN=1.091 I=64 rep 258: frozen gen 280 pcc 1.000 sep_end 0 first_sep -1 tag None (0.3s; 2168s total)
hom h16 None mN=1.091 I=64 rep 259: frozen gen 300 pcc 1.000 sep_end 0 first_sep -1 tag None (0.2s; 2168s total)
hom h8 None mN=1.091 I=64 rep 259: frozen gen 415 pcc 1.000 sep_end 0 first_sep -1 tag None (0.3s; 2168s total)
hom h16 None mN=1.091 I=64 rep 260: frozen gen 280 pcc 1.000 sep_end 0 first_sep -1 tag None (0.3s; 2168s total)
hom h8 None mN=1.091 I=64 rep 260: frozen gen 275 pcc 1.000 sep_end 0 first_sep -1 tag None (0.3s; 2168s total)
hom h16 None mN=1.091 I=64 rep 261: frozen gen 245 pcc 1.000 sep_end 0 first_sep -1 tag None (0.3s; 2169s total)
hom h8 None mN=1.091 I=64 rep 261: frozen gen 260 pcc 1.000 sep_end 0 first_sep -1 tag None (0.3s; 2169s total)
hom h16 None mN=1.091 I=64 rep 262: frozen gen 305 pcc 1.000 sep_end 0 first_sep -1 tag None (0.2s; 2169s total)
hom h8 None mN=1.091 I=64 rep 262: frozen gen 310 pcc 1.000 sep_end 0 first_sep -1 tag None (0.3s; 2169s total)
hom h16 None mN=1.091 I=64 rep 263: frozen gen 390 pcc 1.000 sep_end 0 first_sep -1 tag None (0.4s; 2169s total)
hom h16 None mN=1.091 I=64 rep 264: frozen gen 330 pcc 1.000 sep_end 0 first_sep -1 tag None (0.3s; 2169s total)
hom h8 None mN=1.091 I=64 rep 264: frozen gen 315 pcc 1.000 sep_end 0 first_sep -1 tag None (0.3s; 2170s total)
hom h16 None mN=1.091 I=64 rep 265: frozen gen 460 pcc 1.000 sep_end 0 first_sep -1 tag None (0.5s; 2170s total)
hom h8 None mN=1.091 I=64 rep 263: frozen gen 1105 pcc 1.000 sep_end 0 first_sep 130 tag None (1.2s; 2170s total)
hom h8 None mN=1.091 I=64 rep 265: frozen gen 280 pcc 1.000 sep_end 0 first_sep -1 tag None (0.3s; 2171s total)
hom h16 None mN=1.091 I=64 rep 266: frozen gen 335 pcc 1.000 sep_end 0 first_sep -1 tag None (0.3s; 2171s total)
hom h8 None mN=1.091 I=64 rep 266: frozen gen 295 pcc 1.000 sep_end 0 first_sep -1 tag None (0.3s; 2171s total)
hom h16 None mN=1.091 I=64 rep 267: frozen gen 340 pcc 1.000 sep_end 0 first_sep -1 tag None (0.3s; 2171s total)
hom h16 None mN=1.091 I=64 rep 268: frozen gen 255 pcc 1.000 sep_end 0 first_sep -1 tag None (0.3s; 2171s total)
hom h8 None mN=1.091 I=64 rep 267: frozen gen 330 pcc 1.000 sep_end 0 first_sep -1 tag None (0.4s; 2171s total)
hom h8 None mN=1.091 I=64 rep 268: frozen gen 340 pcc 1.000 sep_end 0 first_sep -1 tag None (0.3s; 2171s total)
hom h16 None mN=1.091 I=64 rep 269: frozen gen 300 pcc 1.000 sep_end 0 first_sep -1 tag None (0.3s; 2171s total)
hom h16 None mN=1.091 I=64 rep 270: frozen gen 365 pcc 1.000 sep_end 0 first_sep -1 tag None (0.3s; 2172s total)
hom h8 None mN=1.091 I=64 rep 269: frozen gen 300 pcc 1.000 sep_end 0 first_sep -1 tag None (0.4s; 2172s total)
hom h8 None mN=1.091 I=64 rep 270: frozen gen 310 pcc 1.000 sep_end 0 first_sep -1 tag None (0.3s; 2172s total)
hom h16 None mN=1.091 I=64 rep 271: frozen gen 270 pcc 1.000 sep_end 0 first_sep -1 tag None (0.3s; 2172s total)
hom h8 None mN=1.091 I=64 rep 271: frozen gen 280 pcc 1.000 sep_end 0 first_sep -1 tag None (0.3s; 2172s total)
hom h16 None mN=1.091 I=64 rep 272: frozen gen 330 pcc 1.000 sep_end 0 first_sep -1 tag None (0.4s; 2173s total)
hom h8 None mN=1.091 I=64 rep 272: frozen gen 320 pcc 1.000 sep_end 0 first_sep -1 tag None (0.3s; 2173s total)
hom h16 None mN=1.091 I=64 rep 273: frozen gen 370 pcc 1.000 sep_end 0 first_sep -1 tag None (0.3s; 2173s total)
hom h8 None mN=1.091 I=64 rep 273: frozen gen 260 pcc 1.000 sep_end 0 first_sep -1 tag None (0.3s; 2173s total)
hom h16 None mN=1.091 I=64 rep 274: frozen gen 255 pcc 1.000 sep_end 0 first_sep -1 tag None (0.3s; 2173s total)
hom h8 None mN=1.091 I=64 rep 274: frozen gen 320 pcc 1.000 sep_end 0 first_sep -1 tag None (0.3s; 2173s total)
hom h16 None mN=1.091 I=64 rep 275: frozen gen 330 pcc 1.000 sep_end 0 first_sep -1 tag None (0.3s; 2173s total)
hom h8 None mN=1.091 I=64 rep 275: frozen gen 310 pcc 1.000 sep_end 0 first_sep -1 tag None (0.3s; 2174s total)
hom h16 None mN=1.091 I=64 rep 276: frozen gen 310 pcc 1.000 sep_end 0 first_sep -1 tag None (0.3s; 2174s total)
hom h8 None mN=1.091 I=64 rep 276: frozen gen 240 pcc 1.000 sep_end 0 first_sep -1 tag None (0.3s; 2174s total)
hom h16 None mN=1.091 I=64 rep 277: frozen gen 260 pcc 1.000 sep_end 0 first_sep -1 tag None (0.3s; 2174s total)
hom h8 None mN=1.091 I=64 rep 277: frozen gen 290 pcc 1.000 sep_end 0 first_sep -1 tag None (0.4s; 2174s total)
hom h16 None mN=1.091 I=64 rep 278: frozen gen 280 pcc 1.000 sep_end 0 first_sep -1 tag None (0.3s; 2174s total)
hom h16 None mN=1.091 I=64 rep 279: frozen gen 340 pcc 1.000 sep_end 0 first_sep -1 tag None (0.2s; 2175s total)
hom h8 None mN=1.091 I=64 rep 278: frozen gen 340 pcc 1.000 sep_end 0 first_sep -1 tag None (0.3s; 2175s total)
hom h8 None mN=1.091 I=64 rep 279: frozen gen 345 pcc 1.000 sep_end 0 first_sep -1 tag None (0.3s; 2175s total)
hom h16 None mN=1.091 I=64 rep 280: frozen gen 335 pcc 1.000 sep_end 0 first_sep -1 tag None (0.3s; 2175s total)
hom h8 None mN=1.091 I=64 rep 280: frozen gen 300 pcc 1.000 sep_end 0 first_sep -1 tag None (0.3s; 2175s total)
hom h16 None mN=1.091 I=64 rep 281: frozen gen 415 pcc 1.000 sep_end 0 first_sep -1 tag None (0.3s; 2175s total)
hom h16 None mN=1.091 I=64 rep 282: frozen gen 295 pcc 1.000 sep_end 0 first_sep -1 tag None (0.3s; 2175s total)
hom h8 None mN=1.091 I=64 rep 281: frozen gen 390 pcc 1.000 sep_end 0 first_sep -1 tag None (0.5s; 2176s total)
hom h8 None mN=1.091 I=64 rep 282: frozen gen 315 pcc 1.000 sep_end 0 first_sep -1 tag None (0.3s; 2176s total)
hom h16 None mN=1.091 I=64 rep 283: frozen gen 315 pcc 1.000 sep_end 0 first_sep -1 tag None (0.3s; 2176s total)
hom h8 None mN=1.091 I=64 rep 283: frozen gen 255 pcc 1.000 sep_end 0 first_sep -1 tag None (0.3s; 2176s total)
hom h16 None mN=1.091 I=64 rep 284: frozen gen 245 pcc 1.000 sep_end 0 first_sep -1 tag None (0.3s; 2176s total)
hom h8 None mN=1.091 I=64 rep 284: frozen gen 325 pcc 1.000 sep_end 0 first_sep -1 tag None (0.4s; 2176s total)
hom h16 None mN=1.091 I=64 rep 285: frozen gen 240 pcc 1.000 sep_end 0 first_sep -1 tag None (0.3s; 2177s total)
hom h8 None mN=1.091 I=64 rep 285: frozen gen 305 pcc 1.000 sep_end 0 first_sep -1 tag None (0.3s; 2177s total)
hom h16 None mN=1.091 I=64 rep 286: frozen gen 320 pcc 1.000 sep_end 0 first_sep -1 tag None (0.3s; 2177s total)
hom h16 None mN=1.091 I=64 rep 287: frozen gen 255 pcc 1.000 sep_end 0 first_sep -1 tag None (0.3s; 2177s total)
hom h8 None mN=1.091 I=64 rep 286: frozen gen 345 pcc 1.000 sep_end 0 first_sep -1 tag None (0.3s; 2177s total)
hom h8 None mN=1.091 I=64 rep 287: frozen gen 320 pcc 1.000 sep_end 0 first_sep -1 tag None (0.3s; 2177s total)
hom h16 None mN=1.091 I=64 rep 288: frozen gen 295 pcc 1.000 sep_end 0 first_sep -1 tag None (0.3s; 2177s total)
hom h8 None mN=1.091 I=64 rep 288: frozen gen 340 pcc 1.000 sep_end 0 first_sep -1 tag None (0.3s; 2178s total)
hom h16 None mN=1.091 I=64 rep 289: frozen gen 285 pcc 1.000 sep_end 0 first_sep -1 tag None (0.3s; 2178s total)
hom h16 None mN=1.091 I=64 rep 290: frozen gen 290 pcc 1.000 sep_end 0 first_sep -1 tag None (0.3s; 2178s total)
hom h8 None mN=1.091 I=64 rep 289: frozen gen 335 pcc 1.000 sep_end 0 first_sep -1 tag None (0.3s; 2178s total)
hom h8 None mN=1.091 I=64 rep 290: frozen gen 275 pcc 1.000 sep_end 0 first_sep -1 tag None (0.3s; 2178s total)
hom h16 None mN=1.091 I=64 rep 291: frozen gen 435 pcc 1.000 sep_end 0 first_sep -1 tag None (0.3s; 2178s total)
hom h8 None mN=1.091 I=64 rep 291: frozen gen 225 pcc 1.000 sep_end 0 first_sep -1 tag None (0.2s; 2178s total)
hom h16 None mN=1.091 I=64 rep 292: frozen gen 315 pcc 1.000 sep_end 0 first_sep -1 tag None (0.3s; 2179s total)
hom h8 None mN=1.091 I=64 rep 292: frozen gen 350 pcc 1.000 sep_end 0 first_sep -1 tag None (0.3s; 2179s total)
hom h16 None mN=1.091 I=64 rep 293: frozen gen 295 pcc 1.000 sep_end 0 first_sep -1 tag None (0.3s; 2179s total)
hom h8 None mN=1.091 I=64 rep 293: frozen gen 395 pcc 1.000 sep_end 0 first_sep -1 tag None (0.3s; 2179s total)
hom h16 None mN=1.091 I=64 rep 294: frozen gen 270 pcc 1.000 sep_end 0 first_sep -1 tag None (0.2s; 2179s total)
hom h16 None mN=1.091 I=64 rep 295: frozen gen 290 pcc 1.000 sep_end 0 first_sep -1 tag None (0.2s; 2179s total)
hom h8 None mN=1.091 I=64 rep 294: frozen gen 385 pcc 1.000 sep_end 0 first_sep -1 tag None (0.3s; 2179s total)
hom h16 None mN=1.091 I=64 rep 296: frozen gen 200 pcc 1.000 sep_end 0 first_sep -1 tag None (0.2s; 2180s total)
hom h8 None mN=1.091 I=64 rep 295: frozen gen 275 pcc 1.000 sep_end 0 first_sep -1 tag None (0.3s; 2180s total)
hom h8 None mN=1.091 I=64 rep 296: frozen gen 295 pcc 1.000 sep_end 0 first_sep -1 tag None (0.3s; 2180s total)
hom h16 None mN=1.091 I=64 rep 297: frozen gen 330 pcc 1.000 sep_end 0 first_sep -1 tag None (0.3s; 2180s total)
hom h8 None mN=1.091 I=64 rep 297: frozen gen 275 pcc 1.000 sep_end 0 first_sep -1 tag None (0.3s; 2180s total)
hom h16 None mN=1.091 I=64 rep 298: frozen gen 275 pcc 1.000 sep_end 0 first_sep -1 tag None (0.3s; 2180s total)
hom h8 None mN=1.091 I=64 rep 298: frozen gen 385 pcc 1.000 sep_end 0 first_sep -1 tag None (0.4s; 2181s total)
hom h16 None mN=1.091 I=64 rep 299: frozen gen 380 pcc 1.000 sep_end 0 first_sep -1 tag None (0.3s; 2181s total)
hom h8 None mN=1.091 I=64 rep 299: frozen gen 400 pcc 1.000 sep_end 0 first_sep -1 tag None (0.4s; 2181s total)
hom h8 None mN=1.091 I=64 rep 161: unresolved gen 100000 pcc 0.977 sep_end 1 first_sep 75 tag None (69.4s; 2191s total)
/Users/jstav/anaconda3/lib/python3.11/multiprocessing/resource_tracker.py:224: UserWarning: resource_tracker: There appear to be 6 leaked semaphore objects to clean up at shutdown
  warnings.warn('resource_tracker: There appear to be %d '
hom: 25 jobs
hom h4 None mN=1.091 I=64 rep 140: unresolved gen 100000 pcc 0.979 sep_end 1 first_sep 140 tag None (50.3s; 51s total)
hom h4 None mN=1.091 I=64 rep 139: unresolved gen 100000 pcc 0.979 sep_end 1 first_sep 90 tag None (59.9s; 61s total)
hom h4 None mN=1.091 I=64 rep 141: unresolved gen 100000 pcc 0.981 sep_end 1 first_sep 80 tag None (60.1s; 61s total)
hom h8 None mN=1.091 I=64 rep 289: frozen gen 335 pcc 1.000 sep_end 0 first_sep -1 tag None (0.3s; 61s total)
hom h16 None mN=1.091 I=64 rep 290: frozen gen 290 pcc 1.000 sep_end 0 first_sep -1 tag None (0.3s; 61s total)
hom h8 None mN=1.091 I=64 rep 290: frozen gen 275 pcc 1.000 sep_end 0 first_sep -1 tag None (0.2s; 61s total)
hom h8 None mN=1.091 I=64 rep 291: frozen gen 225 pcc 1.000 sep_end 0 first_sep -1 tag None (0.2s; 61s total)
hom h16 None mN=1.091 I=64 rep 291: frozen gen 435 pcc 1.000 sep_end 0 first_sep -1 tag None (0.3s; 61s total)
hom h16 None mN=1.091 I=64 rep 292: frozen gen 315 pcc 1.000 sep_end 0 first_sep -1 tag None (0.2s; 62s total)
hom h8 None mN=1.091 I=64 rep 292: frozen gen 350 pcc 1.000 sep_end 0 first_sep -1 tag None (0.2s; 62s total)
hom h16 None mN=1.091 I=64 rep 293: frozen gen 295 pcc 1.000 sep_end 0 first_sep -1 tag None (0.3s; 62s total)
hom h8 None mN=1.091 I=64 rep 293: frozen gen 395 pcc 1.000 sep_end 0 first_sep -1 tag None (0.3s; 62s total)
hom h16 None mN=1.091 I=64 rep 294: frozen gen 270 pcc 1.000 sep_end 0 first_sep -1 tag None (0.2s; 62s total)
hom h8 None mN=1.091 I=64 rep 294: frozen gen 385 pcc 1.000 sep_end 0 first_sep -1 tag None (0.3s; 62s total)
hom h16 None mN=1.091 I=64 rep 295: frozen gen 290 pcc 1.000 sep_end 0 first_sep -1 tag None (0.2s; 62s total)
hom h8 None mN=1.091 I=64 rep 295: frozen gen 275 pcc 1.000 sep_end 0 first_sep -1 tag None (0.2s; 62s total)
hom h16 None mN=1.091 I=64 rep 296: frozen gen 200 pcc 1.000 sep_end 0 first_sep -1 tag None (0.2s; 62s total)
hom h16 None mN=1.091 I=64 rep 297: frozen gen 330 pcc 1.000 sep_end 0 first_sep -1 tag None (0.2s; 63s total)
hom h8 None mN=1.091 I=64 rep 296: frozen gen 295 pcc 1.000 sep_end 0 first_sep -1 tag None (0.3s; 63s total)
hom h16 None mN=1.091 I=64 rep 298: frozen gen 275 pcc 1.000 sep_end 0 first_sep -1 tag None (0.2s; 63s total)
hom h8 None mN=1.091 I=64 rep 297: frozen gen 275 pcc 1.000 sep_end 0 first_sep -1 tag None (0.2s; 63s total)
hom h16 None mN=1.091 I=64 rep 299: frozen gen 380 pcc 1.000 sep_end 0 first_sep -1 tag None (0.3s; 63s total)
hom h8 None mN=1.091 I=64 rep 298: frozen gen 385 pcc 1.000 sep_end 0 first_sep -1 tag None (0.3s; 63s total)
hom h8 None mN=1.091 I=64 rep 299: frozen gen 400 pcc 1.000 sep_end 0 first_sep -1 tag None (0.3s; 64s total)
hom h8 None mN=1.091 I=64 rep 161: unresolved gen 100000 pcc 0.977 sep_end 1 first_sep 75 tag None (59.5s; 110s total)
