abm hypercube 14 c=0.01 eps=0.001 allD seed 1: P(C,C) 2nd half 0.992, FB-net 0.795 P*-net 0.000 ALLC 0.197, MD 0.0059 (rival border 0.0000) (527s)
abm hypercube 14 c=0.01 eps=0.001 split seed 1: P(C,C) 2nd half 0.992, FB-net 0.799 P*-net 0.000 ALLC 0.193, MD 0.0058 (rival border 0.0000) (529s)
abm hypercube 14 c=0.01 eps=0.001 allD seed 2: P(C,C) 2nd half 0.989, FB-net 0.682 P*-net 0.000 ALLC 0.312, MD 0.0072 (rival border 0.0000) (530s)
abm hypercube 14 c=0.01 eps=0.001 split-noALLC seed 1: P(C,C) 2nd half 0.992, FB-net 0.996 P*-net 0.000 ALLC 0.000, MD 0.0076 (rival border 0.0000) (134s)
abm hypercube 14 c=0.01 eps=0.001 split seed 2: P(C,C) 2nd half 0.994, FB-net 0.000 P*-net 0.996 ALLC 0.001, MD 0.0041 (rival border 0.0002) (510s)
abm hypercube 14 c=0 eps=0.001 allD seed 1: P(C,C) 2nd half 0.991, FB-net 0.755 P*-net 0.000 ALLC 0.238, MD 0.0064 (rival border 0.0000) (512s)
abm hypercube 14 c=0 eps=0.001 allD seed 2: P(C,C) 2nd half 0.984, FB-net 0.713 P*-net 0.000 ALLC 0.273, MD 0.0130 (rival border 0.0000) (513s)
abm hypercube 14 c=0 eps=0.001 split seed 1: P(C,C) 2nd half 0.994, FB-net 0.000 P*-net 0.995 ALLC 0.001, MD 0.0041 (rival border 0.0002) (500s)
abm hypercube 14 c=0 eps=0.001 split seed 2: P(C,C) 2nd half 0.994, FB-net 0.000 P*-net 0.990 ALLC 0.001, MD 0.0040 (rival border 0.0001) (500s)
abm hypercube 14 c=0.1 eps=0.001 allD seed 1: P(C,C) 2nd half 0.990, FB-net 0.689 P*-net 0.000 ALLC 0.306, MD 0.0069 (rival border 0.0000) (498s)
abm hypercube 14 c=0.1 eps=0.001 allD seed 2: P(C,C) 2nd half 0.989, FB-net 0.674 P*-net 0.000 ALLC 0.320, MD 0.0074 (rival border 0.0000) (500s)
abm hypercube 14 c=0.1 eps=0.001 split seed 1: P(C,C) 2nd half 0.991, FB-net 0.745 P*-net 0.000 ALLC 0.249, MD 0.0061 (rival border 0.0000) (496s)
abm hypercube 14 c=0.1 eps=0.001 split seed 2: P(C,C) 2nd half 0.991, FB-net 0.764 P*-net 0.000 ALLC 0.229, MD 0.0060 (rival border 0.0000) (495s)
abm torus 128 c=0.01 eps=0.001 allD seed 1: P(C,C) 2nd half 0.980, FB-net 0.786 P*-net 0.000 ALLC 0.198, MD 0.0152 (rival border 0.0000) (303s)
abm hypercube 14 c=0.1 eps=0.0001 split seed 1: P(C,C) 2nd half 0.999, FB-net 0.858 P*-net 0.000 ALLC 0.142, MD 0.0005 (rival border 0.0000) (474s)
abm hypercube 14 c=0.1 eps=0.0001 allD seed 1: P(C,C) 2nd half 0.999, FB-net 0.851 P*-net 0.000 ALLC 0.148, MD 0.0005 (rival border 0.0000) (481s)
abm torus 128 c=0.01 eps=0.001 allD seed 2: P(C,C) 2nd half 0.977, FB-net 0.777 P*-net 0.000 ALLC 0.201, MD 0.0174 (rival border 0.0000) (309s)
abm torus 128 c=0.01 eps=0.001 allD seed 3: P(C,C) 2nd half 0.992, FB-net 0.995 P*-net 0.000 ALLC 0.002, MD 0.0054 (rival border 0.0000) (303s)
abm torus 128 c=0.01 eps=0.001 allD seed 4: P(C,C) 2nd half 0.980, FB-net 0.784 P*-net 0.000 ALLC 0.199, MD 0.0151 (rival border 0.0000) (311s)
abm torus 128 c=0.01 eps=0.001 split seed 1: P(C,C) 2nd half 0.992, FB-net 0.000 P*-net 0.992 ALLC 0.002, MD 0.0056 (rival border 0.0003) (285s)
abm torus 128 c=0.01 eps=0.001 split seed 2: P(C,C) 2nd half 0.992, FB-net 0.000 P*-net 0.991 ALLC 0.002, MD 0.0057 (rival border 0.0003) (284s)
abm torus 128 c=0.01 eps=0.001 split seed 3: P(C,C) 2nd half 0.992, FB-net 0.000 P*-net 0.993 ALLC 0.002, MD 0.0055 (rival border 0.0003) (287s)
abm torus 128 c=0.01 eps=0.001 split-noALLC seed 1: P(C,C) 2nd half 0.990, FB-net 0.993 P*-net 0.000 ALLC 0.000, MD 0.0100 (rival border 0.0000) (76s)
abm torus 128 c=0.01 eps=0.001 split-CDonly seed 1: P(C,C) 2nd half 0.992, FB-net 0.000 P*-net 0.995 ALLC 0.002, MD 0.0052 (rival border 0.0000) (71s)
abm torus 64 c=0.01 eps=0.001 split seed 1: P(C,C) 2nd half 0.992, FB-net 0.000 P*-net 0.993 ALLC 0.001, MD 0.0059 (rival border 0.0002) (17s)
abm torus 64 c=0.01 eps=0.001 split seed 2: P(C,C) 2nd half 0.992, FB-net 0.000 P*-net 0.993 ALLC 0.002, MD 0.0057 (rival border 0.0003) (17s)
abm torus 64 c=0.01 eps=0.001 split seed 3: P(C,C) 2nd half 0.992, FB-net 0.000 P*-net 0.995 ALLC 0.002, MD 0.0055 (rival border 0.0004) (17s)
abm torus 128 c=0.01 eps=0.001 split seed 4: P(C,C) 2nd half 0.992, FB-net 0.000 P*-net 0.991 ALLC 0.002, MD 0.0056 (rival border 0.0003) (284s)
abm torus 128 c=0 eps=0.001 allD seed 1: P(C,C) 2nd half 0.985, FB-net 0.385 P*-net 0.504 ALLC 0.100, MD 0.0112 (rival border 0.0013) (290s)
abm torus 128 c=0 eps=0.001 allD seed 2: P(C,C) 2nd half 0.977, FB-net 0.779 P*-net 0.000 ALLC 0.199, MD 0.0176 (rival border 0.0000) (290s)
abm torus 128 c=0 eps=0.001 allD seed 3: P(C,C) 2nd half 0.979, FB-net 0.783 P*-net 0.000 ALLC 0.197, MD 0.0163 (rival border 0.0000) (284s)
abm torus 128 c=0 eps=0.001 allD seed 4: P(C,C) 2nd half 0.980, FB-net 0.786 P*-net 0.000 ALLC 0.198, MD 0.0149 (rival border 0.0000) (289s)
abm torus 128 c=0 eps=0.001 split seed 1: P(C,C) 2nd half 0.992, FB-net 0.000 P*-net 0.992 ALLC 0.002, MD 0.0056 (rival border 0.0003) (286s)
abm torus 128 c=0 eps=0.001 split seed 2: P(C,C) 2nd half 0.992, FB-net 0.000 P*-net 0.991 ALLC 0.002, MD 0.0056 (rival border 0.0003) (284s)
abm torus 128 c=0 eps=0.001 split seed 3: P(C,C) 2nd half 0.992, FB-net 0.000 P*-net 0.991 ALLC 0.002, MD 0.0056 (rival border 0.0003) (288s)
abm torus 128 c=0 eps=0.001 split seed 4: P(C,C) 2nd half 0.992, FB-net 0.000 P*-net 0.993 ALLC 0.002, MD 0.0055 (rival border 0.0003) (287s)
abm torus 128 c=0.1 eps=0.001 allD seed 1: P(C,C) 2nd half 0.978, FB-net 0.786 P*-net 0.000 ALLC 0.194, MD 0.0166 (rival border 0.0000) (297s)
abm torus 128 c=0.1 eps=0.001 allD seed 2: P(C,C) 2nd half 0.980, FB-net 0.784 P*-net 0.000 ALLC 0.199, MD 0.0155 (rival border 0.0000) (299s)
abm torus 128 c=0.1 eps=0.001 allD seed 3: P(C,C) 2nd half 0.979, FB-net 0.782 P*-net 0.000 ALLC 0.200, MD 0.0157 (rival border 0.0000) (303s)
abm torus 128 c=0.1 eps=0.001 allD seed 4: P(C,C) 2nd half 0.979, FB-net 0.778 P*-net 0.000 ALLC 0.204, MD 0.0158 (rival border 0.0000) (299s)
abm torus 128 c=0.1 eps=0.001 split seed 1: P(C,C) 2nd half 0.979, FB-net 0.781 P*-net 0.000 ALLC 0.201, MD 0.0159 (rival border 0.0000) (297s)
abm torus 128 c=0.1 eps=0.001 split seed 2: P(C,C) 2nd half 0.981, FB-net 0.781 P*-net 0.000 ALLC 0.204, MD 0.0144 (rival border 0.0000) (296s)
abm torus 128 c=0.1 eps=0.001 split seed 3: P(C,C) 2nd half 0.980, FB-net 0.782 P*-net 0.000 ALLC 0.202, MD 0.0147 (rival border 0.0000) (1937s)
abm torus 128 c=0.1 eps=0.0001 allD seed 1: P(C,C) 2nd half 0.996, FB-net 0.890 P*-net 0.000 ALLC 0.104, MD 0.0033 (rival border 0.0000) (1931s)
abm torus 128 c=0.1 eps=0.001 split seed 4: P(C,C) 2nd half 0.980, FB-net 0.781 P*-net 0.000 ALLC 0.203, MD 0.0151 (rival border 0.0000) (1938s)
abm torus 128 c=0.1 eps=0.0001 split seed 1: P(C,C) 2nd half 0.997, FB-net 0.884 P*-net 0.000 ALLC 0.113, MD 0.0024 (rival border 0.0000) (282s)
