domain band c=0 torus 64: type-1 first 6, other first 4, undecided 0 (10s)
domain band c=0 torus 64: type-1 first 6, other first 4, undecided 0 (13s)
domain band c=0 torus 64: type-1 first 5, other first 5, undecided 0 (14s)
domain band c=0 torus 64: type-1 first 4, other first 6, undecided 0 (13s)
domain band c=0 torus 64: type-1 first 6, other first 4, undecided 0 (13s)
domain band c=0 torus 64: type-1 first 4, other first 6, undecided 0 (12s)
domain band c=0.01 torus 64: type-1 first 10, other first 0, undecided 0 (8s)
domain band c=0.01 torus 64: type-1 first 9, other first 1, undecided 0 (8s)
domain band c=0.01 torus 64: type-1 first 10, other first 0, undecided 0 (7s)
domain band c=0.01 torus 64: type-1 first 8, other first 2, undecided 0 (12s)
domain band c=0.1 torus 64: type-1 first 10, other first 0, undecided 0 (2s)
domain band c=0.01 torus 64: type-1 first 10, other first 0, undecided 0 (7s)
domain band c=0.1 torus 64: type-1 first 10, other first 0, undecided 0 (2s)
domain band c=0.1 torus 64: type-1 first 10, other first 0, undecided 0 (2s)
domain band c=0.1 torus 64: type-1 first 10, other first 0, undecided 0 (2s)
domain band c=0.1 torus 64: type-1 first 10, other first 0, undecided 0 (2s)
domain band c=0.1 torus 64: type-1 first 10, other first 0, undecided 0 (2s)
domain band c=0.01 torus 64: type-1 first 9, other first 1, undecided 0 (8s)
domain disc-PS c=0 torus 64: type-1 first 0, other first 10, undecided 0 (3s)
domain disc-PS c=0 torus 64: type-1 first 0, other first 10, undecided 0 (2s)
domain disc-PS c=0 torus 64: type-1 first 0, other first 10, undecided 0 (2s)
domain disc-PS c=0 torus 64: type-1 first 0, other first 10, undecided 0 (2s)
domain disc-FB c=0 torus 64: type-1 first 0, other first 10, undecided 0 (3s)
domain disc-FB c=0 torus 64: type-1 first 0, other first 10, undecided 0 (2s)
domain disc-FB c=0 torus 64: type-1 first 0, other first 10, undecided 0 (2s)
domain disc-PS c=0.01 torus 64: type-1 first 0, other first 10, undecided 0 (2s)
domain disc-FB c=0 torus 64: type-1 first 0, other first 10, undecided 0 (2s)
domain disc-PS c=0.01 torus 64: type-1 first 0, other first 10, undecided 0 (2s)
domain disc-PS c=0.01 torus 64: type-1 first 0, other first 10, undecided 0 (2s)
domain disc-PS c=0.01 torus 64: type-1 first 0, other first 10, undecided 0 (2s)
domain disc-FB c=0.01 torus 64: type-1 first 0, other first 10, undecided 0 (3s)
domain disc-FB c=0.01 torus 64: type-1 first 0, other first 10, undecided 0 (4s)
domain disc-PS c=0.1 torus 64: type-1 first 0, other first 10, undecided 0 (1s)
domain disc-FB c=0.01 torus 64: type-1 first 0, other first 10, undecided 0 (4s)
domain disc-PS c=0.1 torus 64: type-1 first 0, other first 10, undecided 0 (1s)
domain disc-PS c=0.1 torus 64: type-1 first 0, other first 10, undecided 0 (1s)
domain disc-PS c=0.1 torus 64: type-1 first 0, other first 10, undecided 0 (1s)
domain disc-FB c=0.01 torus 64: type-1 first 0, other first 10, undecided 0 (3s)
domain disc-FB c=0.1 torus 64: type-1 first 10, other first 0, undecided 0 (3s)
domain disc-FB c=0.1 torus 64: type-1 first 10, other first 0, undecided 0 (3s)
domain disc-FB c=0.1 torus 64: type-1 first 10, other first 0, undecided 0 (3s)
domain band c=0 torus 32: type-1 first 11, other first 9, undecided 0 (1s)
domain band c=0 torus 32: type-1 first 14, other first 6, undecided 0 (1s)
domain band c=0 torus 32: type-1 first 8, other first 12, undecided 0 (1s)
domain band c=0 torus 32: type-1 first 11, other first 9, undecided 0 (1s)
domain disc-FB c=0.1 torus 64: type-1 first 10, other first 0, undecided 0 (3s)
domain band c=0 torus 32: type-1 first 11, other first 9, undecided 0 (1s)
domain band c=0 torus 32: type-1 first 13, other first 7, undecided 0 (1s)
domain band c=0 torus 32: type-1 first 14, other first 6, undecided 0 (1s)
domain band c=0 torus 32: type-1 first 8, other first 12, undecided 0 (1s)
domain band c=0 torus 32: type-1 first 8, other first 12, undecided 0 (1s)
domain band c=0 torus 32: type-1 first 6, other first 14, undecided 0 (1s)
domain band c=0.01 torus 32: type-1 first 17, other first 3, undecided 0 (1s)
domain band c=0.01 torus 32: type-1 first 17, other first 3, undecided 0 (1s)
domain band c=0.01 torus 32: type-1 first 12, other first 8, undecided 0 (1s)
domain band c=0.01 torus 32: type-1 first 11, other first 9, undecided 0 (1s)
domain band c=0.01 torus 32: type-1 first 16, other first 4, undecided 0 (1s)
domain band c=0.01 torus 32: type-1 first 15, other first 5, undecided 0 (1s)
domain band c=0.01 torus 32: type-1 first 16, other first 4, undecided 0 (1s)
domain band c=0.01 torus 32: type-1 first 13, other first 7, undecided 0 (1s)
domain band c=0.1 torus 32: type-1 first 20, other first 0, undecided 0 (0s)
domain band c=0.01 torus 32: type-1 first 12, other first 8, undecided 0 (1s)
domain band c=0.01 torus 32: type-1 first 13, other first 7, undecided 0 (1s)
domain band c=0.1 torus 32: type-1 first 20, other first 0, undecided 0 (0s)
domain band c=0.1 torus 32: type-1 first 20, other first 0, undecided 0 (0s)
domain band c=0.1 torus 32: type-1 first 20, other first 0, undecided 0 (0s)
domain band c=0.1 torus 32: type-1 first 20, other first 0, undecided 0 (0s)
domain band c=0.1 torus 32: type-1 first 20, other first 0, undecided 0 (0s)
domain band c=0.1 torus 32: type-1 first 20, other first 0, undecided 0 (0s)
domain band c=0.1 torus 32: type-1 first 20, other first 0, undecided 0 (0s)
domain band c=0 hypercube 10: type-1 first 6, other first 4, undecided 0 (0s)
domain band c=0.1 torus 32: type-1 first 20, other first 0, undecided 0 (0s)
domain band c=0.1 torus 32: type-1 first 20, other first 0, undecided 0 (0s)
domain band c=0 hypercube 10: type-1 first 6, other first 4, undecided 0 (0s)
domain band c=0 hypercube 10: type-1 first 5, other first 5, undecided 0 (0s)
domain band c=0 hypercube 10: type-1 first 6, other first 4, undecided 0 (0s)
domain band c=0 hypercube 10: type-1 first 5, other first 5, undecided 0 (0s)
domain band c=0 hypercube 10: type-1 first 3, other first 7, undecided 0 (0s)
domain band c=0 hypercube 10: type-1 first 3, other first 7, undecided 0 (0s)
domain band c=0 hypercube 10: type-1 first 7, other first 3, undecided 0 (0s)
domain band c=0 hypercube 10: type-1 first 5, other first 5, undecided 0 (0s)
domain band c=0 hypercube 10: type-1 first 8, other first 2, undecided 0 (0s)
domain band c=0.01 hypercube 10: type-1 first 7, other first 3, undecided 0 (0s)
domain band c=0.01 hypercube 10: type-1 first 9, other first 1, undecided 0 (0s)
domain band c=0.01 hypercube 10: type-1 first 6, other first 4, undecided 0 (0s)
domain band c=0.01 hypercube 10: type-1 first 6, other first 4, undecided 0 (0s)
domain band c=0.01 hypercube 10: type-1 first 5, other first 5, undecided 0 (0s)
domain band c=0.01 hypercube 10: type-1 first 3, other first 7, undecided 0 (0s)
domain band c=0.01 hypercube 10: type-1 first 7, other first 3, undecided 0 (0s)
domain band c=0.01 hypercube 10: type-1 first 5, other first 5, undecided 0 (0s)
domain band c=0.01 hypercube 10: type-1 first 6, other first 4, undecided 0 (0s)
domain band c=0.1 hypercube 10: type-1 first 10, other first 0, undecided 0 (0s)
domain band c=0.1 hypercube 10: type-1 first 10, other first 0, undecided 0 (0s)
domain band c=0.01 hypercube 10: type-1 first 8, other first 2, undecided 0 (0s)
domain band c=0.1 hypercube 10: type-1 first 10, other first 0, undecided 0 (0s)
domain band c=0.1 hypercube 10: type-1 first 10, other first 0, undecided 0 (0s)
domain band c=0.1 hypercube 10: type-1 first 9, other first 1, undecided 0 (0s)
domain band c=0.1 hypercube 10: type-1 first 10, other first 0, undecided 0 (0s)
domain band c=0.1 hypercube 10: type-1 first 10, other first 0, undecided 0 (0s)
domain band c=0.1 hypercube 10: type-1 first 10, other first 0, undecided 0 (0s)
domain band c=0.1 hypercube 10: type-1 first 10, other first 0, undecided 0 (0s)
domain band c=0.1 hypercube 10: type-1 first 10, other first 0, undecided 0 (0s)
domain disc-PS c=0 torus 32: type-1 first 0, other first 10, undecided 0 (0s)
domain disc-PS c=0 torus 32: type-1 first 1, other first 9, undecided 0 (0s)
domain disc-PS c=0 torus 32: type-1 first 1, other first 9, undecided 0 (0s)
domain disc-PS c=0 torus 32: type-1 first 0, other first 10, undecided 0 (0s)
domain disc-PS c=0 torus 32: type-1 first 0, other first 10, undecided 0 (0s)
domain disc-PS c=0 torus 32: type-1 first 0, other first 10, undecided 0 (0s)
domain disc-PS c=0 torus 32: type-1 first 0, other first 10, undecided 0 (0s)
domain disc-PS c=0 torus 32: type-1 first 0, other first 10, undecided 0 (0s)
domain disc-PS c=0 torus 32: type-1 first 1, other first 9, undecided 0 (0s)
domain disc-PS c=0 torus 32: type-1 first 0, other first 10, undecided 0 (0s)
domain disc-FB c=0 torus 32: type-1 first 1, other first 9, undecided 0 (0s)
domain disc-FB c=0 torus 32: type-1 first 0, other first 10, undecided 0 (0s)
domain disc-FB c=0 torus 32: type-1 first 1, other first 9, undecided 0 (0s)
domain disc-FB c=0 torus 32: type-1 first 0, other first 10, undecided 0 (0s)
domain disc-FB c=0 torus 32: type-1 first 0, other first 10, undecided 0 (0s)
domain disc-FB c=0 torus 32: type-1 first 0, other first 10, undecided 0 (0s)
domain disc-FB c=0 torus 32: type-1 first 0, other first 10, undecided 0 (0s)
domain disc-FB c=0 torus 32: type-1 first 1, other first 9, undecided 0 (0s)
domain disc-FB c=0 torus 32: type-1 first 0, other first 10, undecided 0 (0s)
domain disc-FB c=0 torus 32: type-1 first 0, other first 10, undecided 0 (0s)
domain disc-PS c=0.01 torus 32: type-1 first 0, other first 10, undecided 0 (0s)
domain disc-PS c=0.01 torus 32: type-1 first 0, other first 10, undecided 0 (0s)
domain disc-PS c=0.01 torus 32: type-1 first 0, other first 10, undecided 0 (0s)
domain disc-PS c=0.01 torus 32: type-1 first 0, other first 10, undecided 0 (0s)
domain disc-PS c=0.01 torus 32: type-1 first 0, other first 10, undecided 0 (0s)
domain disc-PS c=0.01 torus 32: type-1 first 0, other first 10, undecided 0 (0s)
domain disc-PS c=0.01 torus 32: type-1 first 0, other first 10, undecided 0 (0s)
domain disc-PS c=0.01 torus 32: type-1 first 0, other first 10, undecided 0 (0s)
domain disc-PS c=0.01 torus 32: type-1 first 0, other first 10, undecided 0 (0s)
domain disc-PS c=0.01 torus 32: type-1 first 0, other first 10, undecided 0 (0s)
domain disc-FB c=0.01 torus 32: type-1 first 1, other first 9, undecided 0 (0s)
domain disc-FB c=0.01 torus 32: type-1 first 1, other first 9, undecided 0 (0s)
domain disc-FB c=0.01 torus 32: type-1 first 1, other first 9, undecided 0 (0s)
domain disc-FB c=0.01 torus 32: type-1 first 0, other first 10, undecided 0 (0s)
domain disc-FB c=0.01 torus 32: type-1 first 1, other first 9, undecided 0 (0s)
domain disc-FB c=0.01 torus 32: type-1 first 0, other first 10, undecided 0 (0s)
domain disc-FB c=0.01 torus 32: type-1 first 0, other first 10, undecided 0 (0s)
domain disc-FB c=0.01 torus 32: type-1 first 0, other first 10, undecided 0 (0s)
domain disc-FB c=0.01 torus 32: type-1 first 1, other first 9, undecided 0 (0s)
domain disc-PS c=0.1 torus 32: type-1 first 0, other first 10, undecided 0 (0s)
domain disc-FB c=0.01 torus 32: type-1 first 0, other first 10, undecided 0 (0s)
domain disc-PS c=0.1 torus 32: type-1 first 0, other first 10, undecided 0 (0s)
domain disc-PS c=0.1 torus 32: type-1 first 0, other first 10, undecided 0 (0s)
domain disc-PS c=0.1 torus 32: type-1 first 0, other first 10, undecided 0 (0s)
domain disc-PS c=0.1 torus 32: type-1 first 0, other first 10, undecided 0 (0s)
domain disc-PS c=0.1 torus 32: type-1 first 0, other first 10, undecided 0 (0s)
domain disc-PS c=0.1 torus 32: type-1 first 0, other first 10, undecided 0 (0s)
domain disc-PS c=0.1 torus 32: type-1 first 0, other first 10, undecided 0 (0s)
domain disc-PS c=0.1 torus 32: type-1 first 0, other first 10, undecided 0 (0s)
domain disc-PS c=0.1 torus 32: type-1 first 0, other first 10, undecided 0 (0s)
domain disc-FB c=0.1 torus 32: type-1 first 9, other first 1, undecided 0 (0s)
domain disc-FB c=0.1 torus 32: type-1 first 10, other first 0, undecided 0 (0s)
domain disc-FB c=0.1 torus 32: type-1 first 7, other first 3, undecided 0 (0s)
domain disc-FB c=0.1 torus 32: type-1 first 7, other first 3, undecided 0 (0s)
domain disc-FB c=0.1 torus 32: type-1 first 10, other first 0, undecided 0 (0s)
domain disc-FB c=0.1 torus 32: type-1 first 9, other first 1, undecided 0 (0s)
domain disc-FB c=0.1 torus 32: type-1 first 8, other first 2, undecided 0 (0s)
domain disc-FB c=0.1 torus 32: type-1 first 9, other first 1, undecided 0 (0s)
domain band c=0 torus 16: type-1 first 20, other first 20, undecided 0 (0s)
domain disc-FB c=0.1 torus 32: type-1 first 10, other first 0, undecided 0 (0s)
domain disc-FB c=0.1 torus 32: type-1 first 7, other first 3, undecided 0 (0s)
domain band c=0 torus 16: type-1 first 19, other first 21, undecided 0 (0s)
domain band c=0 torus 16: type-1 first 23, other first 17, undecided 0 (0s)
domain band c=0 torus 16: type-1 first 21, other first 19, undecided 0 (0s)
domain band c=0 torus 16: type-1 first 19, other first 21, undecided 0 (0s)
domain band c=0 torus 16: type-1 first 18, other first 22, undecided 0 (0s)
domain band c=0 torus 16: type-1 first 19, other first 21, undecided 0 (0s)
domain band c=0 torus 16: type-1 first 26, other first 14, undecided 0 (0s)
domain band c=0 torus 16: type-1 first 22, other first 18, undecided 0 (0s)
domain band c=0 torus 16: type-1 first 22, other first 18, undecided 0 (0s)
domain band c=0.01 torus 16: type-1 first 22, other first 18, undecided 0 (0s)
domain band c=0.01 torus 16: type-1 first 22, other first 18, undecided 0 (0s)
domain band c=0.01 torus 16: type-1 first 24, other first 16, undecided 0 (0s)
domain band c=0.01 torus 16: type-1 first 23, other first 17, undecided 0 (0s)
domain band c=0.01 torus 16: type-1 first 19, other first 21, undecided 0 (0s)
domain band c=0.01 torus 16: type-1 first 17, other first 23, undecided 0 (0s)
domain band c=0.01 torus 16: type-1 first 20, other first 20, undecided 0 (0s)
domain band c=0.01 torus 16: type-1 first 28, other first 12, undecided 0 (0s)
domain band c=0.01 torus 16: type-1 first 25, other first 15, undecided 0 (0s)
domain band c=0.01 torus 16: type-1 first 23, other first 17, undecided 0 (0s)
domain band c=0.1 torus 16: type-1 first 36, other first 4, undecided 0 (0s)
domain band c=0.1 torus 16: type-1 first 37, other first 3, undecided 0 (0s)
domain band c=0.1 torus 16: type-1 first 37, other first 3, undecided 0 (0s)
domain band c=0.1 torus 16: type-1 first 36, other first 4, undecided 0 (0s)
domain band c=0.1 torus 16: type-1 first 33, other first 7, undecided 0 (0s)
domain band c=0.1 torus 16: type-1 first 35, other first 5, undecided 0 (0s)
domain band c=0.1 torus 16: type-1 first 36, other first 4, undecided 0 (0s)
domain band c=0.1 torus 16: type-1 first 36, other first 4, undecided 0 (0s)
domain band c=0 hypercube 8: type-1 first 9, other first 11, undecided 0 (0s)
domain band c=0.1 torus 16: type-1 first 36, other first 4, undecided 0 (0s)
domain band c=0 hypercube 8: type-1 first 14, other first 6, undecided 0 (0s)
domain band c=0.1 torus 16: type-1 first 37, other first 3, undecided 0 (0s)
domain band c=0 hypercube 8: type-1 first 13, other first 7, undecided 0 (0s)
domain band c=0 hypercube 8: type-1 first 9, other first 11, undecided 0 (0s)
domain band c=0 hypercube 8: type-1 first 10, other first 10, undecided 0 (0s)
domain band c=0 hypercube 8: type-1 first 12, other first 8, undecided 0 (0s)
domain band c=0 hypercube 8: type-1 first 5, other first 15, undecided 0 (0s)
domain band c=0 hypercube 8: type-1 first 13, other first 7, undecided 0 (0s)
domain band c=0 hypercube 8: type-1 first 10, other first 10, undecided 0 (0s)
domain band c=0 hypercube 8: type-1 first 13, other first 7, undecided 0 (0s)
domain band c=0.01 hypercube 8: type-1 first 8, other first 12, undecided 0 (0s)
domain band c=0.01 hypercube 8: type-1 first 13, other first 7, undecided 0 (0s)
domain band c=0.01 hypercube 8: type-1 first 13, other first 7, undecided 0 (0s)
domain band c=0.01 hypercube 8: type-1 first 11, other first 9, undecided 0 (0s)
domain band c=0.01 hypercube 8: type-1 first 10, other first 10, undecided 0 (0s)
domain band c=0.01 hypercube 8: type-1 first 14, other first 6, undecided 0 (0s)
domain band c=0.01 hypercube 8: type-1 first 7, other first 13, undecided 0 (0s)
domain band c=0.01 hypercube 8: type-1 first 14, other first 6, undecided 0 (0s)
domain band c=0.01 hypercube 8: type-1 first 10, other first 10, undecided 0 (0s)
domain band c=0.01 hypercube 8: type-1 first 15, other first 5, undecided 0 (0s)
domain band c=0.1 hypercube 8: type-1 first 16, other first 4, undecided 0 (0s)
domain band c=0.1 hypercube 8: type-1 first 18, other first 2, undecided 0 (0s)
domain band c=0.1 hypercube 8: type-1 first 16, other first 4, undecided 0 (0s)
domain band c=0.1 hypercube 8: type-1 first 17, other first 3, undecided 0 (0s)
domain band c=0.1 hypercube 8: type-1 first 16, other first 4, undecided 0 (0s)
domain band c=0.1 hypercube 8: type-1 first 19, other first 1, undecided 0 (0s)
domain band c=0.1 hypercube 8: type-1 first 17, other first 3, undecided 0 (0s)
domain band c=0.1 hypercube 8: type-1 first 18, other first 2, undecided 0 (0s)
domain band c=0 hypercube 6: type-1 first 19, other first 21, undecided 0 (0s)
domain band c=0.1 hypercube 8: type-1 first 16, other first 4, undecided 0 (0s)
domain band c=0.1 hypercube 8: type-1 first 16, other first 4, undecided 0 (0s)
domain band c=0 hypercube 6: type-1 first 26, other first 14, undecided 0 (0s)
domain band c=0 hypercube 6: type-1 first 22, other first 18, undecided 0 (0s)
domain band c=0 hypercube 6: type-1 first 21, other first 19, undecided 0 (0s)
domain band c=0 hypercube 6: type-1 first 25, other first 15, undecided 0 (0s)
domain band c=0 hypercube 6: type-1 first 14, other first 26, undecided 0 (0s)
domain band c=0 hypercube 6: type-1 first 24, other first 16, undecided 0 (0s)
domain band c=0 hypercube 6: type-1 first 19, other first 21, undecided 0 (0s)
domain band c=0 hypercube 6: type-1 first 18, other first 22, undecided 0 (0s)
domain band c=0 hypercube 6: type-1 first 21, other first 19, undecided 0 (0s)
domain band c=0.01 hypercube 6: type-1 first 20, other first 20, undecided 0 (0s)
domain band c=0.01 hypercube 6: type-1 first 21, other first 19, undecided 0 (0s)
domain band c=0.01 hypercube 6: type-1 first 27, other first 13, undecided 0 (0s)
domain band c=0.01 hypercube 6: type-1 first 22, other first 18, undecided 0 (0s)
domain band c=0.01 hypercube 6: type-1 first 26, other first 14, undecided 0 (0s)
domain band c=0.01 hypercube 6: type-1 first 15, other first 25, undecided 0 (0s)
domain band c=0.01 hypercube 6: type-1 first 19, other first 21, undecided 0 (0s)
domain band c=0.01 hypercube 6: type-1 first 24, other first 16, undecided 0 (0s)
domain band c=0.1 hypercube 6: type-1 first 23, other first 17, undecided 0 (0s)
domain band c=0.01 hypercube 6: type-1 first 19, other first 21, undecided 0 (0s)
domain band c=0.01 hypercube 6: type-1 first 21, other first 19, undecided 0 (0s)
domain band c=0.1 hypercube 6: type-1 first 24, other first 16, undecided 0 (0s)
domain band c=0.1 hypercube 6: type-1 first 32, other first 8, undecided 0 (0s)
domain band c=0.1 hypercube 6: type-1 first 28, other first 12, undecided 0 (0s)
domain band c=0.1 hypercube 6: type-1 first 30, other first 10, undecided 0 (0s)
domain band c=0.1 hypercube 6: type-1 first 23, other first 17, undecided 0 (0s)
domain band c=0.1 hypercube 6: type-1 first 25, other first 15, undecided 0 (0s)
domain band c=0.1 hypercube 6: type-1 first 27, other first 13, undecided 0 (0s)
domain band c=0.1 hypercube 6: type-1 first 29, other first 11, undecided 0 (0s)
domain band c=0.1 hypercube 6: type-1 first 30, other first 10, undecided 0 (0s)
