FN BOX(THEM(^not(BOX(THEM(ME))))) vs BOX(THEM(^BOX1(THEM(THEM)))) alt (11, 3) lost [('xz', 12, None)] 0s
FN BOX1(THEM(^not(BOX(THEM(ME))))) vs BOX(THEM(^BOX1(THEM(THEM)))) alt (14, 3) lost [('xz', 13, None)] 0s
FN BOX(THEM(^not(BOX(THEM(THEM))))) vs BOX(THEM(^BOX1(THEM(THEM)))) alt (11, 3) lost [('xz', 12, None)] 0s
FN BOX1(THEM(^not(BOX(THEM(THEM))))) vs BOX(THEM(^BOX1(THEM(THEM)))) alt (14, 3) lost [('xz', 13, None)] 0s
FN BOX(THEM(^not(BOX(THEM(^D))))) vs BOX(THEM(^BOX1(THEM(THEM)))) alt (11, 3) lost [('xz', 13, None)] 0s
FN BOX(THEM(^not(BOX(THEM(^C))))) vs BOX(THEM(^BOX1(THEM(THEM)))) alt (11, 3) lost [('xz', 13, None)] 0s
FN BOX1(THEM(^not(BOX(THEM(^D))))) vs BOX(THEM(^BOX1(THEM(THEM)))) alt (14, 3) lost [('xz', 14, None)] 0s
FN BOX1(THEM(^not(BOX(THEM(^C))))) vs BOX(THEM(^BOX1(THEM(THEM)))) alt (14, 3) lost [('xz', 14, None)] 0s
FN BOX(THEM(^not(BOX(THEM(ME))))) vs BOX1(THEM(^BOX1(THEM(THEM)))) alt None lost [('xz', 13, None)] 0s
FN BOX(THEM(^not(BOX(THEM(THEM))))) vs BOX1(THEM(^BOX1(THEM(THEM)))) alt None lost [('xz', 13, None)] 0s
FN BOX1(THEM(^not(BOX(THEM(ME))))) vs BOX1(THEM(^BOX1(THEM(THEM)))) alt None lost [('xz', 14, None)] 0s
FN BOX1(THEM(^not(BOX(THEM(THEM))))) vs BOX1(THEM(^BOX1(THEM(THEM)))) alt None lost [('xz', 14, None)] 0s
FN BOX(THEM(^not(BOX(THEM(^D))))) vs BOX1(THEM(^BOX1(THEM(THEM)))) alt None lost [('xz', 14, None)] 0s
FN BOX1(THEM(^not(BOX(THEM(^D))))) vs BOX1(THEM(^BOX1(THEM(THEM)))) alt None lost [('xz', 15, None)] 0s
FN not(BOX(THEM(THEM))) vs or(BOX(THEM(THEM)),BOX1(THEM(THEM))) alt (6, 1) lost [('xz', 8, None)] 0s
FN BOX(THEM(^not(BOX(THEM(^C))))) vs BOX1(THEM(^BOX1(THEM(THEM)))) alt None lost [('xz', 14, None)] 0s
FN BOX1(THEM(^not(BOX(THEM(^C))))) vs BOX1(THEM(^BOX1(THEM(THEM)))) alt None lost [('xz', 15, None)] 0s
FN not(BOX(THEM(^BOX(THEM(ME))))) vs or(BOX(THEM(THEM)),BOX1(THEM(THEM))) alt (8, 2) lost [('xz', 9, None)] 0s
FN not(BOX(THEM(^C))) vs or(BOX(THEM(THEM)),BOX1(THEM(THEM))) alt (8, 2) lost [('xz', 9, None)] 0s
FN not(BOX(THEM(^BOX(THEM(THEM))))) vs or(BOX(THEM(THEM)),BOX1(THEM(THEM))) alt (8, 2) lost [('xz', 9, None)] 0s
FN not(or(BOX(THEM(ME)),BOX(THEM(THEM)))) vs or(BOX(THEM(THEM)),BOX1(THEM(THEM))) alt (7, 1) lost [('zx', 18, None), ('xz', 15, None)] 0s
FN not(BOX(THEM(^BOX(THEM(^C))))) vs or(BOX(THEM(THEM)),BOX1(THEM(THEM))) alt (12, 4) lost [('xz', 9, None)] 0s
FN not(BOX(THEM(^BOX1(THEM(^C))))) vs or(BOX(THEM(THEM)),BOX1(THEM(THEM))) alt (14, 4) lost [('xz', 9, None)] 0s
FN BOX(THEM(^not(BOXD(THEM(ME))))) vs BOX(THEM(^BOX1(THEM(ME)))) alt (11, 3) lost [('xz', 11, None)] 0s
FN and(BOX1(THEM(ME)),not(BOX(THEM(ME)))) vs or(BOX(THEM(THEM)),BOX1(THEM(THEM))) alt (11, 2) lost [('zx', 15, None), ('zx', 14, None), ('xz', 22, None)] 0s
FN BOX(THEM(^not(BOXD(THEM(THEM))))) vs BOX(THEM(^BOX1(THEM(ME)))) alt (11, 3) lost [('xz', 13, None)] 0s
FN and(BOX1(THEM(ME)),not(BOX(THEM(THEM)))) vs or(BOX(THEM(THEM)),BOX1(THEM(THEM))) alt (7, 1) lost [('zx', 15, None), ('xz', 22, None)] 0s
FN BOX1(THEM(^not(BOXD(THEM(THEM))))) vs BOX(THEM(^BOX1(THEM(ME)))) alt (14, 3) lost [('xz', 14, None)] 0s
FN BOX1(THEM(^not(BOXD(THEM(ME))))) vs BOX(THEM(^BOX1(THEM(ME)))) alt (14, 3) lost [('xz', 13, None)] 0s
FN BOX(THEM(^not(BOXD(THEM(^C))))) vs BOX(THEM(^BOX1(THEM(ME)))) alt (11, 3) lost [('xz', 13, None)] 0s
FN BOX(THEM(^not(BOXD(THEM(^D))))) vs BOX(THEM(^BOX1(THEM(ME)))) alt (11, 3) lost [('xz', 13, None)] 0s
FN not(BOX(THEM(THEM))) vs BOX1(THEM(THEM)) alt (7, 2) lost [('xz', 8, None)] 0s
FN not(BOX(THEM(^C))) vs BOX1(THEM(THEM)) alt (8, 2) lost [('xz', 9, None)] 0s
FN BOX1(THEM(^not(BOXD(THEM(^C))))) vs BOX(THEM(^BOX1(THEM(ME)))) alt (14, 3) lost [('xz', 14, None)] 0s
FN BOX1(THEM(^not(BOXD(THEM(^D))))) vs BOX(THEM(^BOX1(THEM(ME)))) alt (14, 3) lost [('xz', 14, None)] 0s
FN not(BOX(THEM(^BOX(THEM(ME))))) vs BOX1(THEM(THEM)) alt (10, 3) lost [('xz', 9, None)] 0s
FN not(BOX(THEM(^BOX(THEM(THEM))))) vs BOX1(THEM(THEM)) alt (10, 3) lost [('xz', 9, None)] 0s
FN not(BOX(THEM(^BOX1(THEM(THEM))))) vs BOX1(THEM(THEM)) alt (7, 2) lost [('xz', 9, None)] 0s
FN not(or(BOX(THEM(ME)),BOX(THEM(THEM)))) vs BOX1(THEM(THEM)) alt (8, 2) lost [('zx', 17, None), ('xz', 15, None)] 0s
FN not(BOX(THEM(^BOX1(THEM(^C))))) vs BOX1(THEM(THEM)) alt (14, 4) lost [('xz', 9, None)] 0s
FN not(BOX(THEM(^BOX(THEM(^C))))) vs BOX1(THEM(THEM)) alt (12, 4) lost [('xz', 9, None)] 0s
FN and(BOX1(THEM(ME)),not(BOX(THEM(ME)))) vs BOX1(THEM(THEM)) alt (10, 2) lost [('zx', 14, None), ('zx', 13, None), ('xz', 22, None)] 0s
FN and(BOX1(THEM(ME)),not(BOX(THEM(THEM)))) vs BOX1(THEM(THEM)) alt (8, 2) lost [('zx', 14, None), ('xz', 22, None)] 0s
TP BOX1(THEM(^not(BOX(THEM(ME))))) vs and(BOX(THEM(THEM)),BOX1(THEM(THEM))) alt None lost [('xz', 13, None), ('xz', 14, None)] 0s
TP BOX1(THEM(^not(BOX(THEM(THEM))))) vs and(BOX(THEM(THEM)),BOX1(THEM(THEM))) alt None lost [('xz', 13, None), ('xz', 14, None)] 0s
TP not(BOX(THEM(ME))) vs or(BOX(THEM(THEM)),BOX1(THEM(THEM))) alt None lost [('zx', 11, None), ('xz', 8, None)] 0s
TP BOX1(THEM(^not(BOX(THEM(^C))))) vs and(BOX(THEM(THEM)),BOX1(THEM(THEM))) alt None lost [('xz', 14, None), ('xz', 15, None)] 0s
TP not(BOX(THEM(^BOX1(THEM(THEM))))) vs or(BOX(THEM(THEM)),BOX1(THEM(THEM))) alt (10, 3) lost [('xz', 9, None)] 0s
TP not(BOX(THEM(^BOX1(THEM(ME))))) vs or(BOX(THEM(THEM)),BOX1(THEM(THEM))) alt (10, 3) lost [('xz', 9, None)] 0s
TP BOX1(THEM(^not(BOX(THEM(^D))))) vs and(BOX(THEM(THEM)),BOX1(THEM(THEM))) alt None lost [('xz', 14, None), ('xz', 15, None)] 0s
TP not(and(BOX(THEM(ME)),BOX(THEM(THEM)))) vs or(BOX(THEM(THEM)),BOX1(THEM(THEM))) alt None lost [('zx', 14, None), ('xz', 11, None)] 0s
TP not(and(BOX(THEM(ME)),BOX1(THEM(THEM)))) vs or(BOX(THEM(THEM)),BOX1(THEM(THEM))) alt None lost [('zx', 14, None), ('xz', 11, None)] 0s
TP not(and(BOX(THEM(ME)),BOX1(THEM(ME)))) vs or(BOX(THEM(THEM)),BOX1(THEM(THEM))) alt None lost [('zx', 14, None), ('zx', 15, None), ('xz', 11, None)] 0s
TP not(and(BOX(THEM(THEM)),BOX1(THEM(THEM)))) vs or(BOX(THEM(THEM)),BOX1(THEM(THEM))) alt (15, 3) lost [('xz', 11, None)] 0s
TP not(and(BOX(THEM(THEM)),BOX1(THEM(ME)))) vs or(BOX(THEM(THEM)),BOX1(THEM(THEM))) alt None lost [('zx', 15, None), ('xz', 11, None)] 0s
TP not(BOX(THEM(^not(BOX(THEM(THEM)))))) vs or(BOX(THEM(THEM)),BOX1(THEM(THEM))) alt None lost [('zx', 11, None), ('xz', 9, None)] 0s
TP not(BOX(THEM(^not(BOX(THEM(ME)))))) vs or(BOX(THEM(THEM)),BOX1(THEM(THEM))) alt None lost [('zx', 11, None), ('xz', 9, None)] 0s
TP not(BOX(THEM(ME))) vs BOX1(THEM(THEM)) alt None lost [('zx', 10, None), ('xz', 8, None)] 0s
TP not(BOX(THEM(^BOX1(THEM(ME))))) vs BOX1(THEM(THEM)) alt (9, 2) lost [('xz', 9, None)] 0s
TP not(and(BOX(THEM(ME)),BOX(THEM(THEM)))) vs BOX1(THEM(THEM)) alt None lost [('zx', 13, None), ('xz', 11, None)] 0s
TP and(BOX1(THEM(THEM)),not(BOX(THEM(THEM)))) vs or(BOX(THEM(THEM)),BOX1(THEM(THEM))) alt (7, 1) lost [('xz', 22, None)] 0s
TP not(and(BOX(THEM(ME)),BOX1(THEM(ME)))) vs BOX1(THEM(THEM)) alt None lost [('zx', 13, None), ('zx', 14, None), ('xz', 11, None)] 0s
TP not(and(BOX(THEM(THEM)),BOX1(THEM(ME)))) vs BOX1(THEM(THEM)) alt None lost [('zx', 14, None), ('xz', 11, None)] 0s
TP not(and(BOX(THEM(ME)),BOX1(THEM(THEM)))) vs BOX1(THEM(THEM)) alt None lost [('zx', 13, None), ('xz', 11, None)] 0s
TP and(BOX1(THEM(THEM)),not(BOX(THEM(ME)))) vs or(BOX(THEM(THEM)),BOX1(THEM(THEM))) alt None lost [('zx', 14, None), ('xz', 22, None)] 0s
TP not(and(BOX(THEM(THEM)),BOX1(THEM(THEM)))) vs BOX1(THEM(THEM)) alt None lost [('xz', 11, None)] 0s
TP not(BOX(THEM(^not(BOX(THEM(THEM)))))) vs BOX1(THEM(THEM)) alt None lost [('zx', 10, None), ('xz', 9, None)] 0s
TP not(BOX(THEM(^not(BOX(THEM(ME)))))) vs BOX1(THEM(THEM)) alt None lost [('zx', 10, None), ('xz', 9, None)] 0s
TP BOX1(THEM(^not(BOX(THEM(ME))))) vs BOX(THEM(THEM)) alt None lost [('xz', 13, None)] 0s
TP and(BOX1(THEM(THEM)),not(BOX(THEM(THEM)))) vs BOX1(THEM(THEM)) alt (8, 2) lost [('xz', 22, None)] 0s
TP BOX1(THEM(^not(BOX(THEM(THEM))))) vs BOX(THEM(THEM)) alt None lost [('xz', 13, None)] 0s
TP and(BOX1(THEM(THEM)),not(BOX(THEM(ME)))) vs BOX1(THEM(THEM)) alt None lost [('zx', 13, None), ('xz', 22, None)] 0s
TP BOX1(THEM(^not(BOX(THEM(^D))))) vs BOX(THEM(THEM)) alt None lost [('xz', 14, None)] 0s
TP BOX1(THEM(^not(BOX(THEM(^C))))) vs BOX(THEM(THEM)) alt None lost [('xz', 14, None)] 0s
