CC 0 0.1 whack {'unstable': 0, 'encounters': 60678288, 'strikes_at_positive_wage': 30597939, 'strikes_total': 45715266, 'source_targeting_implemented': 20226096} 11s
CC 0 0.5 whack {'unstable': 0, 'encounters': 60678288, 'strikes_at_positive_wage': 30597939, 'strikes_total': 45715266, 'source_targeting_implemented': 20226096} 10s
CC 1 0.1 whack {'unstable': 0, 'encounters': 60678288, 'strikes_at_positive_wage': 30597939, 'strikes_total': 45715266, 'source_targeting_implemented': 20226096} 10s
CC 1 0.1 nowhack {'unstable': 0, 'encounters': 60678288, 'strikes_at_positive_wage': 30597939, 'strikes_total': 45715266, 'source_targeting_implemented': 20226096} 10s
CC 1 0.5 whack {'unstable': 0, 'encounters': 60678288, 'strikes_at_positive_wage': 30597939, 'strikes_total': 45715266, 'source_targeting_implemented': 20226096} 10s
CC 1 0.5 nowhack {'unstable': 0, 'encounters': 60678288, 'strikes_at_positive_wage': 30597939, 'strikes_total': 45715266, 'source_targeting_implemented': 20226096} 12s
RC 0 0.1 whack {'unstable': 0, 'encounters': 60678288, 'strikes_at_positive_wage': 30576339, 'strikes_total': 45682866, 'source_targeting_implemented': 0} 10s
RC 0 0.5 whack {'unstable': 0, 'encounters': 60678288, 'strikes_at_positive_wage': 30576339, 'strikes_total': 45682866, 'source_targeting_implemented': 0} 10s
RC 1 0.1 whack {'unstable': 0, 'encounters': 60678288, 'strikes_at_positive_wage': 30576339, 'strikes_total': 45682866, 'source_targeting_implemented': 0} 9s
RC 1 0.1 nowhack {'unstable': 0, 'encounters': 60678288, 'strikes_at_positive_wage': 30576339, 'strikes_total': 45682866, 'source_targeting_implemented': 0} 10s
RC 1 0.5 whack {'unstable': 0, 'encounters': 60678288, 'strikes_at_positive_wage': 30576339, 'strikes_total': 45682866, 'source_targeting_implemented': 0} 11s
RC 1 0.5 nowhack {'unstable': 0, 'encounters': 60678288, 'strikes_at_positive_wage': 30592539, 'strikes_total': 45699066, 'source_targeting_implemented': 0} 10s
CR 0 0.1 whack {'unstable': 0, 'encounters': 60678288, 'strikes_at_positive_wage': 0, 'strikes_total': 7796658, 'source_targeting_implemented': 19555146} 26s
CR 0 0.5 whack {'unstable': 0, 'encounters': 60678288, 'strikes_at_positive_wage': 0, 'strikes_total': 7796658, 'source_targeting_implemented': 19555146} 26s
CR 1 0.1 whack {'unstable': 0, 'encounters': 60678288, 'strikes_at_positive_wage': 0, 'strikes_total': 7796658, 'source_targeting_implemented': 19555146} 29s
CR 1 0.1 nowhack {'unstable': 0, 'encounters': 60678288, 'strikes_at_positive_wage': 0, 'strikes_total': 7796658, 'source_targeting_implemented': 19555146} 32s
CR 1 0.5 whack {'unstable': 0, 'encounters': 60678288, 'strikes_at_positive_wage': 0, 'strikes_total': 7796658, 'source_targeting_implemented': 19555146} 37s
CR 1 0.5 nowhack {'unstable': 0, 'encounters': 60678288, 'strikes_at_positive_wage': 0, 'strikes_total': 7796658, 'source_targeting_implemented': 19555146} 35s
RR 0 0.1 whack {'unstable': 0, 'encounters': 60678288, 'strikes_at_positive_wage': 0, 'strikes_total': 12199167, 'source_targeting_implemented': 0} 29s
RR 0 0.5 whack {'unstable': 0, 'encounters': 60678288, 'strikes_at_positive_wage': 0, 'strikes_total': 12199167, 'source_targeting_implemented': 0} 30s
RR 1 0.1 whack {'unstable': 0, 'encounters': 60678288, 'strikes_at_positive_wage': 0, 'strikes_total': 0, 'source_targeting_implemented': 0} 32s
RR 1 0.1 nowhack {'unstable': 0, 'encounters': 60678288, 'strikes_at_positive_wage': 0, 'strikes_total': 0, 'source_targeting_implemented': 0} 34s
RR 1 0.5 whack {'unstable': 0, 'encounters': 60678288, 'strikes_at_positive_wage': 0, 'strikes_total': 0, 'source_targeting_implemented': 0} 31s
RR 1 0.5 nowhack {'unstable': 0, 'encounters': 60678288, 'strikes_at_positive_wage': 0, 'strikes_total': 0, 'source_targeting_implemented': 0} 34s
