classes: boss 27 worker 122 (11s)
  [quorum N=1000 hybrid] round 0: core 75, ring 1394, ring mass 8.098e-02, cut rel 1.42e-02, outcome-changing cut rel 1.38e-02, promoted 194, new 4570, 0s
  [quorum N=1000 hybrid] round 1: core 269, ring 5770, ring mass 6.050e-03, cut rel 2.56e-03, outcome-changing cut rel 2.64e-03, promoted 47, new 2423, 20s
  [quorum N=1000 hybrid] round 2: core 316, ring 8146, ring mass 3.698e-03, cut rel 1.23e-04, outcome-changing cut rel 8.55e-05, promoted 2, new 52, 153s
  [quorum N=1000 hybrid] round 3: core 318, ring 8196, ring mass 3.676e-03, cut rel 1.29e-04, outcome-changing cut rel 9.26e-05, promoted 0, new 6, 217s
{
 "states": 8514,
 "rel_cut_change": 9.26377220437854e-05,
 "summary": {
  "fair": 0.004781177780850567,
  "intermediate": 0.019111396004136152,
  "zero wage": 0.3254135307957762,
  "strike": 0.14648039226570805,
  "scab split": 0.5042135031535293,
  "repression:strike": 0.0,
  "repression:source": 0.0
 },
 "efficiency": 1.2028257123150545,
 "total_surplus": 1.2028257123150545,
 "mean_payoff": {
  "boss": 1.187893840734592,
  "W1": 0.007465935790233345,
  "W2": 0.007465935790233359
 },
 "strike_incidence": 0.6506938954192374,
 "repression_given_strike": 0.0,
 "time_s": 228.05209589004517
}
