classes: boss 297 worker 364 (11s)
  [quorum N=1000 hybrid] round 0: core 225, ring 1020, ring mass 1.575e-01, cut rel 7.83e-01, outcome-changing cut rel 7.93e-01, promoted 750, new 3306, 0s
  [quorum N=1000 hybrid] round 1: core 975, ring 3576, ring mass 5.780e-02, cut rel 6.05e-01, outcome-changing cut rel 6.19e-01, promoted 124, new 1008, 9s
  [quorum N=1000 hybrid] round 2: core 1099, ring 4460, ring mass 1.932e-03, cut rel 8.30e-03, outcome-changing cut rel 4.74e-03, promoted 4, new 6, 20s
  [quorum N=1000 hybrid] round 3: core 1103, ring 4462, ring mass 1.882e-03, cut rel 8.29e-03, outcome-changing cut rel 4.72e-03, promoted 0, new 0, 27s
{
 "states": 5565,
 "rel_cut_change": 0.004721593279038677,
 "summary": {
  "fair": 0.0032347939336212586,
  "intermediate": 0.013204440527764367,
  "zero wage": 0.47579098580744583,
  "strike": 0.12466067083169283,
  "scab split": 0.3830916573593485,
  "repression:strike": 1.741957853612959e-05,
  "repression:source": 3.1961590796847304e-08
 },
 "efficiency": 1.367543403954658,
 "total_surplus": 1.367543403954658,
 "mean_payoff": {
  "boss": 1.3573029659338052,
  "W1": 0.00512021901043975,
  "W2": 0.005120219010439749
 },
 "strike_incidence": 0.50776974789962,
 "repression_given_strike": 3.4306065767334056e-05,
 "time_s": 38.37004590034485
}
