classes: boss 13 worker 62 (29s)
  [quorum N=1000 hybrid] round 0: core 75, ring 637, ring mass 6.741e-02, cut rel 2.54e-03, outcome-changing cut rel 2.48e-03, promoted 134, new 2123, 0s
  [quorum N=1000 hybrid] round 1: core 209, ring 2626, ring mass 3.366e-03, cut rel 1.19e-03, outcome-changing cut rel 2.41e-03, promoted 24, new 756, 4s
  [quorum N=1000 hybrid] round 2: core 233, ring 3358, ring mass 2.397e-03, cut rel 3.86e-05, outcome-changing cut rel 3.37e-05, promoted 0, new 0, 8s
{
 "states": 3591,
 "rel_cut_change": 3.3697948297929175e-05,
 "summary": {
  "fair": 0.0001037820165332015,
  "intermediate": 0.7533860540289019,
  "zero wage": 0.24147283744912224,
  "strike": 2.083070177105329e-05,
  "scab split": 0.005016495803671551,
  "repression:strike": 0.0,
  "repression:source": 0.0
 },
 "efficiency": 1.9949418427927879,
 "total_surplus": 1.9949418427927879,
 "mean_payoff": {
  "boss": 1.618145033761796,
  "W1": 0.18839840451549242,
  "W2": 0.18839840451549242
 },
 "strike_incidence": 0.0050373265054426035,
 "repression_given_strike": 0.0,
 "time_s": 37.47021698951721
}
