classes: boss 297 worker 364 (12s)
  [quorum N=1000 hybrid] round 0: core 225, ring 810, ring mass 1.211e-01, cut rel 7.36e-01, outcome-changing cut rel 7.56e-01, promoted 602, new 1734, 3s
  [quorum N=1000 hybrid] round 1: core 827, ring 1942, ring mass 3.784e-02, cut rel 6.60e-01, outcome-changing cut rel 6.83e-01, promoted 54, new 314, 4s
  [quorum N=1000 hybrid] round 2: core 881, ring 2202, ring mass 2.509e-03, cut rel 6.16e-03, outcome-changing cut rel 4.83e-03, promoted 0, new 16, 6s
{
 "states": 3083,
 "rel_cut_change": 0.004826103771365882,
 "summary": {
  "fair": 2.8343841162547107e-05,
  "intermediate": 0.0021406568463540627,
  "zero wage": 0.9859530354529477,
  "strike": 0.0001321463293848739,
  "scab split": 0.010497132402257737,
  "repression:strike": 0.0012480146342468822,
  "repression:source": 6.704936466568212e-07
 },
 "efficiency": 1.9873257350341036,
 "total_surplus": 1.9873335136088939,
 "mean_payoff": {
  "boss": 1.987482211843372,
  "W1": -7.82384046291653e-05,
  "W2": -7.823840462917057e-05
 },
 "strike_incidence": 0.011877923513732546,
 "repression_given_strike": 0.10512315350874994,
 "time_s": 17.889655828475952
}
