classes: boss 27 worker 122 (11s)
  [quorum N=1000 hybrid] round 0: core 75, ring 124, ring mass 7.743e-02, cut rel 1.61e-01, outcome-changing cut rel 1.00e+00, promoted 124, new 246, 3s
  [quorum N=1000 hybrid] round 1: core 199, ring 246, ring mass 3.231e-02, cut rel 6.39e-01, outcome-changing cut rel 9.63e-01, promoted 41, new 146, 3s
  [quorum N=1000 hybrid] round 2: core 240, ring 351, ring mass 1.292e-03, cut rel 1.14e-02, outcome-changing cut rel 1.22e-01, promoted 16, new 19, 3s
  [quorum N=1000 hybrid] round 3: core 256, ring 354, ring mass 9.398e-04, cut rel 5.73e-03, outcome-changing cut rel 5.21e-02, promoted 0, new 0, 3s
{
 "states": 610,
 "rel_cut_change": 0.05209041289323087,
 "summary": {
  "fair": 1.2547624608317608e-05,
  "intermediate": 0.00033495838161189606,
  "zero wage": 0.999649940768328,
  "strike": 0.0,
  "scab split": 0.0,
  "repression:strike": 2.5532254516945383e-06,
  "repression:source": 0.0
 },
 "efficiency": 1.9999961691073547,
 "total_surplus": 1.9999961701617872,
 "mean_payoff": {
  "boss": 1.9998186944629819,
  "W1": 8.87373221858509e-05,
  "W2": 8.873732218585092e-05
 },
 "strike_incidence": 2.5532254516945383e-06,
 "repression_given_strike": 1.0,
 "time_s": 14.048272848129272
}
