classes: boss 27 worker 122 (10s)
  [quorum N=1000 hybrid] round 0: core 75, ring 188, ring mass 8.677e-02, cut rel 1.97e-01, outcome-changing cut rel 1.00e+00, promoted 124, new 2023, 0s
  [quorum N=1000 hybrid] round 1: core 199, ring 2087, ring mass 4.369e-03, cut rel 1.55e-01, outcome-changing cut rel 6.51e-01, promoted 86, new 1755, 1s
  [quorum N=1000 hybrid] round 2: core 285, ring 3756, ring mass 1.053e-03, cut rel 4.87e-02, outcome-changing cut rel 3.35e-01, promoted 7, new 804, 7s
  [quorum N=1000 hybrid] round 3: core 292, ring 4553, ring mass 8.840e-04, cut rel 1.50e-03, outcome-changing cut rel 1.34e-02, promoted 0, new 76, 16s
  [quorum N=1000 hybrid] round 4: core 292, ring 4629, ring mass 8.824e-04, cut rel 4.62e-04, outcome-changing cut rel 3.28e-03, promoted 0, new 2, 24s
{
 "states": 4921,
 "rel_cut_change": 0.0032816836587679196,
 "summary": {
  "fair": 1.3680648510161344e-05,
  "intermediate": 0.0003216787207318964,
  "zero wage": 0.9996438091021628,
  "strike": 1.0985126815866214e-07,
  "scab split": 8.560724789448395e-06,
  "repression:strike": 1.2160952537277362e-05,
  "repression:source": 0.0
 },
 "efficiency": 1.999972374829954,
 "total_surplus": 1.9999728759552517,
 "mean_payoff": {
  "boss": 1.9998053071779853,
  "W1": 8.353382598257911e-05,
  "W2": 8.353382598257905e-05
 },
 "strike_incidence": 2.0831528594884417e-05,
 "repression_given_strike": 0.5837762928383334,
 "time_s": 33.637913942337036
}
