classes: boss 27 worker 122 (11s)
  [quorum N=1000 hybrid] round 0: core 75, ring 128, ring mass 7.743e-02, cut rel 1.61e-01, outcome-changing cut rel 1.00e+00, promoted 124, new 1856, 0s
  [quorum N=1000 hybrid] round 1: core 199, ring 1860, ring mass 4.994e-03, cut rel 3.71e-01, outcome-changing cut rel 9.05e-01, promoted 85, new 1641, 1s
  [quorum N=1000 hybrid] round 2: core 284, ring 3416, ring mass 1.119e-03, cut rel 1.01e-02, outcome-changing cut rel 1.21e-01, promoted 4, new 620, 4s
  [quorum N=1000 hybrid] round 3: core 288, ring 4032, ring mass 1.012e-03, cut rel 4.90e-04, outcome-changing cut rel 4.95e-03, promoted 0, new 36, 8s
{
 "states": 4320,
 "rel_cut_change": 0.004947992344954363,
 "summary": {
  "fair": 1.3050868438835603e-05,
  "intermediate": 0.0003194473868128828,
  "zero wage": 0.9996644860192543,
  "strike": 0.0,
  "scab split": 0.0,
  "repression:strike": 3.0157254938403937e-06,
  "repression:source": 0.0
 },
 "efficiency": 1.9999954306237213,
 "total_surplus": 1.999995474258058,
 "mean_payoff": {
  "boss": 1.9998256295888222,
  "W1": 8.490051744372367e-05,
  "W2": 8.490051744372364e-05
 },
 "strike_incidence": 3.0157254938403937e-06,
 "repression_given_strike": 1.0,
 "time_s": 19.102629899978638
}
