classes: boss 13 worker 62 (28s)
  [quorum N=100 hybrid] round 0: core 75, ring 1319, ring mass 6.613e-02, cut rel 1.86e-03, outcome-changing cut rel 1.08e-03, promoted 174, new 4942, 0s
  [quorum N=100 hybrid] round 1: core 249, ring 6087, ring mass 2.794e-03, cut rel 2.81e-05, outcome-changing cut rel 3.14e-05, promoted 20, new 1897, 40s
  [quorum N=100 hybrid] round 2: core 269, ring 7964, ring mass 2.514e-03, cut rel 3.44e-06, outcome-changing cut rel 3.55e-06, promoted 0, new 10, 100s
{
 "states": 8233,
 "rel_cut_change": 3.5468633079197663e-06,
 "summary": {
  "fair": 0.003986512754994675,
  "intermediate": 0.7544637027563631,
  "zero wage": 0.2062091015870045,
  "strike": 0.0008593013363226716,
  "scab split": 0.034481381565315015,
  "repression:strike": 0.0,
  "repression:source": 0.0
 },
 "efficiency": 1.963800015762043,
 "total_surplus": 1.963800015762043,
 "mean_payoff": {
  "boss": 1.5825816516288436,
  "W1": 0.19060918206658806,
  "W2": 0.19060918206658806
 },
 "strike_incidence": 0.03534068290163767,
 "repression_given_strike": 0.0,
 "time_s": 129.08981585502625
}
