classes: boss 13 worker 62 (38s)
  [quorum N=10000 hybrid] round 0: core 75, ring 519, ring mass 7.248e-02, cut rel 6.59e-01, outcome-changing cut rel 8.02e-01, promoted 106, new 1055, 0s
  [quorum N=10000 hybrid] round 1: core 181, ring 1468, ring mass 4.901e-03, cut rel 1.32e-02, outcome-changing cut rel 2.69e-02, promoted 32, new 450, 1s
  [quorum N=10000 hybrid] round 2: core 213, ring 1886, ring mass 2.145e-03, cut rel 9.47e-05, outcome-changing cut rel 6.23e-05, promoted 0, new 4, 2s
{
 "states": 2099,
 "rel_cut_change": 6.229886369780202e-05,
 "summary": {
  "fair": 5.363234211506813e-06,
  "intermediate": 0.7515731994707506,
  "zero wage": 0.24789216403101444,
  "strike": 1.0401681674172025e-06,
  "scab split": 0.0005282330958555979,
  "repression:strike": 0.0,
  "repression:source": 0.0
 },
 "efficiency": 1.9994696865678034,
 "total_surplus": 1.9994696865678034,
 "mean_payoff": {
  "boss": 1.6236777235982194,
  "W1": 0.18789598148479253,
  "W2": 0.18789598148479253
 },
 "strike_incidence": 0.0005292732640230153,
 "repression_given_strike": 0.0,
 "time_s": 40.41352295875549
}
