classes: boss 87 worker 260 (28s)
  [quorum N=1000 hybrid] round 0: core 225, ring 2930, ring mass 7.561e-02, cut rel 4.43e-02, outcome-changing cut rel 2.39e-01, promoted 236, new 10337, 2s
  [quorum N=1000 hybrid] round 1: core 461, ring 13031, ring mass 6.355e-03, cut rel 1.15e-03, outcome-changing cut rel 6.37e-03, promoted 0, new 3259, 72s
  [quorum N=1000 hybrid] round 2: core 461, ring 16290, ring mass 6.328e-03, cut rel 2.90e-04, outcome-changing cut rel 2.83e-04, promoted 0, new 0, 493s
{
 "states": 16751,
 "rel_cut_change": 0.00028266437508938735,
 "summary": {
  "fair": 8.377470060805397e-06,
  "intermediate": 0.0016565271247705987,
  "zero wage": 0.9977866345954312,
  "strike": 2.4604269942478173e-06,
  "scab split": 0.0005459648291860366,
  "repression:strike": 0.0,
  "repression:source": 3.555355717933411e-08
 },
 "efficiency": 1.9994490594593457,
 "total_surplus": 1.9994490594593457,
 "mean_payoff": {
  "boss": 1.9986124333321877,
  "W1": 0.000418313063567013,
  "W2": 0.00041831306356701295
 },
 "strike_incidence": 0.0005484265208773457,
 "repression_given_strike": 9.634940460495683e-07,
 "time_s": 522.1018660068512
}
