    triples: first index 0 / 78, kept 984
[dollar5-norole N=10000] invasion closure: {'nodes_full': 6000, 'complete_full': False, 'nodes_branch2': 5005, 'complete_branch2': True, 'saturated': 15, 'added': 5, 'added_by_size': {'2': 2, '3': 0, '4': 2, '5': 1, '6': 0, '7': 0, '8': 0}, 'time_s': 653.2312099933624}
[dollar5-norole N=10000] discovery: 4138 candidates (4130 stable), deep strict 0 / mod twins 2 / penalty only 1 ({'deep': {1: 0, 2: 0, 3: 0, 4: 0, 5: 0, 6: 0, 7: 0, 8: 0}, 'deep_mod_twins': {1: 0, 2: 0, 3: 0, 4: 2, 5: 0, 6: 0, 7: 0, 8: 0}, 'deep_penalty_only': {1: 0, 2: 0, 3: 1, 4: 0, 5: 0, 6: 0, 7: 0, 8: 0}}), 653s
[dollar5-norole N=10000] published re-run: {'eff': 0.4135, 'half': 0.0004, 'third': 0.0382, 'sixth': 0.3749, 'clash': 0.5779, 'ineff': 0.0087} near_closed 0 terminal 1 (49s)
[dollar5-norole N=10000] rates: same set True, max |dlog| 2.40e-01, underflow 283 | solver on published generator: log {'eff': 0.4135, 'half': 0.0004, 'third': 0.0382, 'sixth': 0.3749, 'clash': 0.5779, 'ineff': 0.0087} vs linear {'eff': 0.4135, 'half': 0.0004, 'third': 0.0382, 'sixth': 0.3749, 'clash': 0.5779, 'ineff': 0.0087}, TV 0.0004
    log round 0: 166 expanded, 8 candidates, log10 cut -13.2, closed 1
    log round 1: 174 expanded, 4 candidates, log10 cut -13.2, closed 1
    log round 2: 178 expanded, 0 candidates, log10 cut -13.5, closed 1
[dollar5-norole N=10000] re-solve: {'eff': 0.4134, 'half': 0.0002, 'third': 0.0382, 'sixth': 0.375, 'clash': 0.578, 'ineff': 0.0087} | states 178, log10 cut -13.486001539329717, closed 1, deep mass 0.0000 | top S5:0.750 + flip(THEM(THEM)):0.083 + flip(THEM(^S4)):0.125 + flip(THEM(^S2)):0.042 (0.5344) | discrepancy {'eff': -0.0001, 'half': -0.0002} (815s)
    triples: first index 0 / 78, kept 984
[dollar5-norole N=30000] invasion closure: {'nodes_full': 6000, 'complete_full': False, 'nodes_branch2': 5005, 'complete_branch2': True, 'saturated': 15, 'added': 5, 'added_by_size': {'2': 2, '3': 0, '4': 2, '5': 1, '6': 0, '7': 0, '8': 0}, 'time_s': 0.002547025680541992}
[dollar5-norole N=30000] discovery: 4138 candidates (4130 stable), deep strict 0 / mod twins 2 / penalty only 1 ({'deep': {1: 0, 2: 0, 3: 0, 4: 0, 5: 0, 6: 0, 7: 0, 8: 0}, 'deep_mod_twins': {1: 0, 2: 0, 3: 0, 4: 2, 5: 0, 6: 0, 7: 0, 8: 0}, 'deep_penalty_only': {1: 0, 2: 0, 3: 1, 4: 0, 5: 0, 6: 0, 7: 0, 8: 0}}), 0s
[dollar5-norole N=30000] published re-run: {'eff': 0.4132, 'half': 0.0, 'third': 0.0382, 'sixth': 0.375, 'clash': 0.5781, 'ineff': 0.0087} near_closed 0 terminal 1 (58s)
[dollar5-norole N=30000] rates: same set True, max |dlog| 2.05e-01, underflow 2917 | solver on published generator: log {'eff': 0.4132, 'half': 0.0, 'third': 0.0382, 'sixth': 0.375, 'clash': 0.5781, 'ineff': 0.0087} vs linear {'eff': 0.4132, 'half': 0.0, 'third': 0.0382, 'sixth': 0.375, 'clash': 0.5781, 'ineff': 0.0087}, TV 0.2008
    log round 0: 171 expanded, 0 candidates, log10 cut -32.5, closed 1
[dollar5-norole N=30000] re-solve: {'eff': 0.4132, 'half': 0.0, 'third': 0.0382, 'sixth': 0.375, 'clash': 0.5781, 'ineff': 0.0087} | states 171, log10 cut -32.525817379600966, closed 1, deep mass 0.0000 | top S5:0.750 + flip(THEM(THEM)):0.083 + flip(THEM(^S4)):0.125 + flip(THEM(^S2)):0.042 (0.7992) | discrepancy {'eff': 0.0, 'half': 0.0} (174s)
    triples: first index 0 / 78, kept 984
[dollar5-norole N=1000] invasion closure: {'nodes_full': 6000, 'complete_full': False, 'nodes_branch2': 5005, 'complete_branch2': True, 'saturated': 15, 'added': 5, 'added_by_size': {'2': 2, '3': 0, '4': 2, '5': 1, '6': 0, '7': 0, '8': 0}, 'time_s': 0.0024797916412353516}
[dollar5-norole N=1000] discovery: 4138 candidates (4130 stable), deep strict 0 / mod twins 2 / penalty only 1 ({'deep': {1: 0, 2: 0, 3: 0, 4: 0, 5: 0, 6: 0, 7: 0, 8: 0}, 'deep_mod_twins': {1: 0, 2: 0, 3: 0, 4: 2, 5: 0, 6: 0, 7: 0, 8: 0}, 'deep_penalty_only': {1: 0, 2: 0, 3: 1, 4: 0, 5: 0, 6: 0, 7: 0, 8: 0}}), 0s
[dollar5-norole N=1000] published re-run: {'eff': 0.9995, 'half': 0.999, 'third': 0.0, 'sixth': 0.0005, 'clash': 0.0005, 'ineff': 0.0} near_closed 0 terminal 1 (41s)
[dollar5-norole N=1000] rates: same set True, max |dlog| 2.84e-14, underflow 0 | solver on published generator: log {'eff': 0.9995, 'half': 0.999, 'third': 0.0, 'sixth': 0.0005, 'clash': 0.0005, 'ineff': 0.0} vs linear {'eff': 0.9995, 'half': 0.999, 'third': 0.0, 'sixth': 0.0005, 'clash': 0.0005, 'ineff': 0.0}, TV 0.0000
    log round 0: 141 expanded, 49 candidates, log10 cut -12.5, closed 1
    log round 1: 190 expanded, 17 candidates, log10 cut -12.5, closed 1
    log round 2: 207 expanded, 9 candidates, log10 cut -12.5, closed 1
    log round 3: 216 expanded, 0 candidates, log10 cut -12.5, closed 1
[dollar5-norole N=1000] re-solve: {'eff': 0.9995, 'half': 0.999, 'third': 0.0, 'sixth': 0.0005, 'clash': 0.0005, 'ineff': 0.0} | states 216, log10 cut -12.52174706246957, closed 1, deep mass 0.0000 | top S3:1.000 (0.9977) | discrepancy {'eff': 0.0, 'half': 0.0} (156s)
