    triples: first index 0 / 140, kept 3088
    triples: first index 100 / 140, kept 16250
[dollar5-role N=1000] discovery: 16497 candidates (16478 stable), deep strict 0 / mod twins 0 / penalty only 0 ({'deep': {1: 0, 2: 0, 3: 0}, 'deep_mod_twins': {1: 0, 2: 0, 3: 0}, 'deep_penalty_only': {1: 0, 2: 0, 3: 0}}), 1s
[dollar5-role N=1000] published re-run: {'eff': 0.9995, 'half': 0.6928, 'third': 0.0044, 'sixth': 0.3023, 'clash': 0.0005, 'ineff': 0.0} near_closed 0 terminal 1 (106s)
[dollar5-role N=1000] rates: same set True, max |dlog| 1.42e-14, underflow 0 | solver on published generator: log {'eff': 0.9995, 'half': 0.6928, 'third': 0.0044, 'sixth': 0.3023, 'clash': 0.0005, 'ineff': 0.0} vs linear {'eff': 0.9995, 'half': 0.6928, 'third': 0.0044, 'sixth': 0.3023, 'clash': 0.0005, 'ineff': 0.0}, TV 0.0000
    log round 0: 226 expanded, 31 candidates, log10 cut -10.8, closed 1
    log round 1: 257 expanded, 1 candidates, log10 cut -10.8, closed 1
    log round 2: 258 expanded, 2 candidates, log10 cut -10.8, closed 1
    log round 3: 260 expanded, 0 candidates, log10 cut -10.8, closed 1
[dollar5-role N=1000] re-solve: {'eff': 0.9994, 'half': 0.693, 'third': 0.0044, 'sixth': 0.302, 'clash': 0.0005, 'ineff': 0.0001} | states 260, log10 cut -10.79323297028682, closed 1, deep mass 0.0000 | top S3:1.000 (0.6922) | discrepancy {'eff': -0.0001, 'half': 0.0002} (312s)
    triples: first index 0 / 140, kept 3088
    triples: first index 100 / 140, kept 16250
[dollar5-role N=10000] discovery: 16497 candidates (16478 stable), deep strict 0 / mod twins 0 / penalty only 0 ({'deep': {1: 0, 2: 0, 3: 0}, 'deep_mod_twins': {1: 0, 2: 0, 3: 0}, 'deep_penalty_only': {1: 0, 2: 0, 3: 0}}), 1s
[dollar5-role N=10000] published re-run: {'eff': 0.9682, 'half': 0.8062, 'third': 0.0648, 'sixth': 0.0972, 'clash': 0.0263, 'ineff': 0.0054} near_closed 0 terminal 1 (128s)
[dollar5-role N=10000] rates: same set True, max |dlog| 3.99e-01, underflow 545 | solver on published generator: log {'eff': 0.9682, 'half': 0.8062, 'third': 0.0648, 'sixth': 0.0972, 'clash': 0.0263, 'ineff': 0.0054} vs linear {'eff': 0.9682, 'half': 0.8062, 'third': 0.0648, 'sixth': 0.0972, 'clash': 0.0263, 'ineff': 0.0054}, TV 0.0000
    log round 0: 263 expanded, 51 candidates, log10 cut -10.5, closed 1
    log round 1: 314 expanded, 11 candidates, log10 cut -10.5, closed 1
    log round 2: 325 expanded, 6 candidates, log10 cut -10.5, closed 1
    log round 3: 331 expanded, 2 candidates, log10 cut -10.5, closed 1
    log round 4: 333 expanded, 0 candidates, log10 cut -10.5, closed 1
[dollar5-role N=10000] re-solve: {'eff': 0.9567, 'half': 0.7442, 'third': 0.0868, 'sixth': 0.1257, 'clash': 0.0271, 'ineff': 0.0163} | states 333, log10 cut -10.53894908921322, closed 1, deep mass 0.0000 | top S3:1.000 (0.7397) | discrepancy {'eff': -0.0115, 'half': -0.062} (448s)
    triples: first index 0 / 140, kept 3088
    triples: first index 100 / 140, kept 16250
[dollar5-role N=30000] discovery: 16497 candidates (16478 stable), deep strict 0 / mod twins 0 / penalty only 0 ({'deep': {1: 0, 2: 0, 3: 0}, 'deep_mod_twins': {1: 0, 2: 0, 3: 0}, 'deep_penalty_only': {1: 0, 2: 0, 3: 0}}), 1s
[dollar5-role N=30000] published re-run: {'eff': 0.462, 'half': 0.074, 'third': 0.0387, 'sixth': 0.3493, 'clash': 0.5296, 'ineff': 0.0083} near_closed 0 terminal 1 (171s)
[dollar5-role N=30000] rates: same set True, max |dlog| 3.83e-01, underflow 8295 | solver on published generator: log {'eff': 0.4617, 'half': 0.0735, 'third': 0.0387, 'sixth': 0.3495, 'clash': 0.53, 'ineff': 0.0083} vs linear {'eff': 0.462, 'half': 0.074, 'third': 0.0387, 'sixth': 0.3493, 'clash': 0.5296, 'ineff': 0.0083}, TV 0.0006
    log round 0: 269 expanded, 8 candidates, log10 cut -11.2, closed 1
    log round 1: 277 expanded, 2 candidates, log10 cut -11.3, closed 1
    log round 2: 279 expanded, 0 candidates, log10 cut -11.3, closed 1
[dollar5-role N=30000] re-solve: {'eff': 0.486, 'half': 0.0329, 'third': 0.1805, 'sixth': 0.2726, 'clash': 0.2154, 'ineff': 0.2986} | states 279, log10 cut -11.296673625706973, closed 1, deep mass 0.0000 | top S2:0.059 + max(S4,THEM(THEM)):0.706 + flip(THEM(^ROLE)):0.235 (0.5883) | discrepancy {'eff': 0.024, 'half': -0.0411} (561s)
