    triples: first index 0 / 140, kept 3088
    triples: first index 100 / 140, kept 16250
[dollar5-role N=10000] invasion closure: {'nodes_full': 6000, 'complete_full': False, 'nodes_branch2': 18000, 'complete_branch2': False, 'saturated': 23, 'added': 12, 'added_by_size': {'2': 4, '3': 0, '4': 4, '5': 3, '6': 1, '7': 0, '8': 0}, 'time_s': 498.01463890075684}
[dollar5-role N=10000] discovery: 16509 candidates (16484 stable), deep strict 0 / mod twins 4 / penalty only 2 ({'deep': {1: 0, 2: 0, 3: 0, 4: 0, 5: 0, 6: 0, 7: 0, 8: 0}, 'deep_mod_twins': {1: 0, 2: 0, 3: 0, 4: 2, 5: 2, 6: 0, 7: 0, 8: 0}, 'deep_penalty_only': {1: 0, 2: 0, 3: 0, 4: 2, 5: 0, 6: 0, 7: 0, 8: 0}}), 499s
[dollar5-role N=10000] published re-run: {'eff': 0.9682, 'half': 0.8062, 'third': 0.0648, 'sixth': 0.0972, 'clash': 0.0263, 'ineff': 0.0054} near_closed 0 terminal 1 (120s)
[dollar5-role N=10000] rates: same set True, max |dlog| 3.99e-01, underflow 545 | solver on published generator: log {'eff': 0.9682, 'half': 0.8062, 'third': 0.0648, 'sixth': 0.0972, 'clash': 0.0263, 'ineff': 0.0054} vs linear {'eff': 0.9682, 'half': 0.8062, 'third': 0.0648, 'sixth': 0.0972, 'clash': 0.0263, 'ineff': 0.0054}, TV 0.0000
    log round 0: 276 expanded, 344 candidates, log10 cut -11.8, closed 1
    log round 1: 620 expanded, 83 candidates, log10 cut -11.8, closed 1
    log round 2: 703 expanded, 30 candidates, log10 cut -11.8, closed 1
    log round 3: 733 expanded, 0 candidates, log10 cut -16.4, closed 1
[dollar5-role N=10000] re-solve: {'eff': 0.5849, 'half': 0.0, 'third': 0.3574, 'sixth': 0.2275, 'clash': 0.3981, 'ineff': 0.017} | states 733, log10 cut -16.373237490800044, closed 1, deep mass 0.0000 | top max(S4,ROLE):0.550 + flip(min(S4,ROLE)):0.100 + flip(THEM(THEM)):0.117 + flip(THEM(^S2)):0.058 + flip(THEM(^S4)):0.175 (0.5261) | discrepancy {'eff': -0.3833, 'half': -0.8062} (1303s)
    triples: first index 0 / 140, kept 3088
    triples: first index 100 / 140, kept 16250
[dollar5-role N=30000] invasion closure: {'nodes_full': 6000, 'complete_full': False, 'nodes_branch2': 18000, 'complete_branch2': False, 'saturated': 23, 'added': 12, 'added_by_size': {'2': 4, '3': 0, '4': 4, '5': 3, '6': 1, '7': 0, '8': 0}, 'time_s': 0.010486125946044922}
[dollar5-role N=30000] discovery: 16509 candidates (16484 stable), deep strict 0 / mod twins 4 / penalty only 2 ({'deep': {1: 0, 2: 0, 3: 0, 4: 0, 5: 0, 6: 0, 7: 0, 8: 0}, 'deep_mod_twins': {1: 0, 2: 0, 3: 0, 4: 2, 5: 2, 6: 0, 7: 0, 8: 0}, 'deep_penalty_only': {1: 0, 2: 0, 3: 0, 4: 2, 5: 0, 6: 0, 7: 0, 8: 0}}), 1s
[dollar5-role N=30000] published re-run: {'eff': 0.462, 'half': 0.074, 'third': 0.0387, 'sixth': 0.3493, 'clash': 0.5296, 'ineff': 0.0083} near_closed 0 terminal 1 (109s)
[dollar5-role N=30000] rates: same set True, max |dlog| 3.83e-01, underflow 8295 | solver on published generator: log {'eff': 0.4617, 'half': 0.0735, 'third': 0.0387, 'sixth': 0.3495, 'clash': 0.53, 'ineff': 0.0083} vs linear {'eff': 0.462, 'half': 0.074, 'third': 0.0387, 'sixth': 0.3493, 'clash': 0.5296, 'ineff': 0.0083}, TV 0.0006
    log round 0: 280 expanded, 67 candidates, log10 cut -12.3, closed 1
    log round 1: 347 expanded, 0 candidates, log10 cut -13.9, closed 1
[dollar5-role N=30000] re-solve: {'eff': 0.4137, 'half': 0.0003, 'third': 0.0391, 'sixth': 0.3743, 'clash': 0.5757, 'ineff': 0.0106} | states 342, log10 cut -13.864201537853875, closed 1, deep mass 0.0000 | top S5:0.750 + flip(THEM(THEM)):0.083 + flip(THEM(^S2)):0.042 + flip(THEM(^S4)):0.125 (0.5077) | discrepancy {'eff': -0.0483, 'half': -0.0737} (392s)
    triples: first index 0 / 140, kept 3088
    triples: first index 100 / 140, kept 16250
[dollar5-role N=1000] invasion closure: {'nodes_full': 6000, 'complete_full': False, 'nodes_branch2': 18000, 'complete_branch2': False, 'saturated': 23, 'added': 12, 'added_by_size': {'2': 4, '3': 0, '4': 4, '5': 3, '6': 1, '7': 0, '8': 0}, 'time_s': 0.00799703598022461}
[dollar5-role N=1000] discovery: 16509 candidates (16484 stable), deep strict 0 / mod twins 4 / penalty only 2 ({'deep': {1: 0, 2: 0, 3: 0, 4: 0, 5: 0, 6: 0, 7: 0, 8: 0}, 'deep_mod_twins': {1: 0, 2: 0, 3: 0, 4: 2, 5: 2, 6: 0, 7: 0, 8: 0}, 'deep_penalty_only': {1: 0, 2: 0, 3: 0, 4: 2, 5: 0, 6: 0, 7: 0, 8: 0}}), 1s
[dollar5-role N=1000] published re-run: {'eff': 0.9995, 'half': 0.6928, 'third': 0.0044, 'sixth': 0.3023, 'clash': 0.0005, 'ineff': 0.0} near_closed 0 terminal 1 (69s)
[dollar5-role N=1000] rates: same set True, max |dlog| 1.42e-14, underflow 0 | solver on published generator: log {'eff': 0.9995, 'half': 0.6928, 'third': 0.0044, 'sixth': 0.3023, 'clash': 0.0005, 'ineff': 0.0} vs linear {'eff': 0.9995, 'half': 0.6928, 'third': 0.0044, 'sixth': 0.3023, 'clash': 0.0005, 'ineff': 0.0}, TV 0.0000
    log round 0: 239 expanded, 132 candidates, log10 cut -12.3, closed 1
    log round 1: 371 expanded, 30 candidates, log10 cut -12.2, closed 1
    log round 2: 401 expanded, 5 candidates, log10 cut -12.2, closed 1
    log round 3: 406 expanded, 0 candidates, log10 cut -12.2, closed 1
[dollar5-role N=1000] re-solve: {'eff': 0.9994, 'half': 0.693, 'third': 0.0044, 'sixth': 0.302, 'clash': 0.0005, 'ineff': 0.0001} | states 401, log10 cut -12.153271439258825, closed 1, deep mass 0.0000 | top S3:1.000 (0.6922) | discrepancy {'eff': -0.0001, 'half': 0.0002} (350s)
