    triples: first index 0 / 80, kept 807
[dollar3-role N=10000] invasion closure: {'nodes_full': 6000, 'complete_full': False, 'nodes_branch2': 2462, 'complete_branch2': True, 'saturated': 27, 'added': 9, 'added_by_size': {'2': 6, '3': 2, '4': 1, '5': 0, '6': 0, '7': 0, '8': 0}, 'time_s': 561.5872430801392}
[dollar3-role N=10000] discovery: 2107 candidates (2092 stable), deep strict 0 / mod twins 0 / penalty only 0 ({'deep': {1: 0, 2: 0, 3: 0, 4: 0, 5: 0, 6: 0, 7: 0, 8: 0}, 'deep_mod_twins': {1: 0, 2: 0, 3: 0, 4: 0, 5: 0, 6: 0, 7: 0, 8: 0}, 'deep_penalty_only': {1: 0, 2: 0, 3: 0, 4: 0, 5: 0, 6: 0, 7: 0, 8: 0}}), 562s
[dollar3-role N=10000] published re-run: {'eff': 0.9858, 'half': 0.7882, 'third': 0.1977, 'sixth': 0.0, 'clash': 0.0059, 'ineff': 0.0082} near_closed 0 terminal 1 (33s)
[dollar3-role N=10000] rates: same set True, max |dlog| 9.11e-07, underflow 89 | solver on published generator: log {'eff': 0.9858, 'half': 0.7882, 'third': 0.1977, 'sixth': 0.0, 'clash': 0.0059, 'ineff': 0.0082} vs linear {'eff': 0.9858, 'half': 0.7882, 'third': 0.1977, 'sixth': 0.0, 'clash': 0.0059, 'ineff': 0.0082}, TV 0.0000
    log round 0: 131 expanded, 135 candidates, log10 cut -12.3, closed 1
    log round 1: 266 expanded, 23 candidates, log10 cut -12.3, closed 1
    log round 2: 289 expanded, 0 candidates, log10 cut -12.2, closed 1
[dollar3-role N=10000] re-solve: {'eff': 0.9858, 'half': 0.7929, 'third': 0.1929, 'sixth': 0.0, 'clash': 0.0059, 'ineff': 0.0083} | states 289, log10 cut -12.245373158287233, closed 1, deep mass 0.0000 | top M:1.000 (0.7772) | discrepancy {'eff': 0.0, 'half': 0.0047} (760s)
    triples: first index 0 / 80, kept 807
[dollar3-role N=30000] invasion closure: {'nodes_full': 6000, 'complete_full': False, 'nodes_branch2': 2462, 'complete_branch2': True, 'saturated': 27, 'added': 9, 'added_by_size': {'2': 6, '3': 2, '4': 1, '5': 0, '6': 0, '7': 0, '8': 0}, 'time_s': 0.0014119148254394531}
[dollar3-role N=30000] discovery: 2107 candidates (2092 stable), deep strict 0 / mod twins 0 / penalty only 0 ({'deep': {1: 0, 2: 0, 3: 0, 4: 0, 5: 0, 6: 0, 7: 0, 8: 0}, 'deep_mod_twins': {1: 0, 2: 0, 3: 0, 4: 0, 5: 0, 6: 0, 7: 0, 8: 0}, 'deep_penalty_only': {1: 0, 2: 0, 3: 0, 4: 0, 5: 0, 6: 0, 7: 0, 8: 0}}), 0s
[dollar3-role N=30000] published re-run: {'eff': 0.9898, 'half': 0.8173, 'third': 0.1725, 'sixth': 0.0, 'clash': 0.0035, 'ineff': 0.0067} near_closed 0 terminal 1 (31s)
[dollar3-role N=30000] rates: same set True, max |dlog| 6.61e-01, underflow 1814 | solver on published generator: log {'eff': 0.9898, 'half': 0.8173, 'third': 0.1725, 'sixth': 0.0, 'clash': 0.0035, 'ineff': 0.0067} vs linear {'eff': 0.9898, 'half': 0.8173, 'third': 0.1725, 'sixth': 0.0, 'clash': 0.0035, 'ineff': 0.0067}, TV 0.0000
    log round 0: 131 expanded, 94 candidates, log10 cut -12.4, closed 1
    log round 1: 225 expanded, 13 candidates, log10 cut -12.3, closed 1
    log round 2: 238 expanded, 0 candidates, log10 cut -12.3, closed 1
[dollar3-role N=30000] re-solve: {'eff': 0.9898, 'half': 0.822, 'third': 0.1678, 'sixth': 0.0, 'clash': 0.0035, 'ineff': 0.0067} | states 238, log10 cut -12.340380649253342, closed 1, deep mass 0.0000 | top M:1.000 (0.8122) | discrepancy {'half': 0.005} (160s)
    triples: first index 0 / 80, kept 807
[dollar3-role N=1000] invasion closure: {'nodes_full': 6000, 'complete_full': False, 'nodes_branch2': 2462, 'complete_branch2': True, 'saturated': 27, 'added': 9, 'added_by_size': {'2': 6, '3': 2, '4': 1, '5': 0, '6': 0, '7': 0, '8': 0}, 'time_s': 0.0025250911712646484}
[dollar3-role N=1000] discovery: 2107 candidates (2092 stable), deep strict 0 / mod twins 0 / penalty only 0 ({'deep': {1: 0, 2: 0, 3: 0, 4: 0, 5: 0, 6: 0, 7: 0, 8: 0}, 'deep_mod_twins': {1: 0, 2: 0, 3: 0, 4: 0, 5: 0, 6: 0, 7: 0, 8: 0}, 'deep_penalty_only': {1: 0, 2: 0, 3: 0, 4: 0, 5: 0, 6: 0, 7: 0, 8: 0}}), 0s
[dollar3-role N=1000] published re-run: {'eff': 0.9992, 'half': 0.1568, 'third': 0.8424, 'sixth': 0.0, 'clash': 0.0005, 'ineff': 0.0003} near_closed 0 terminal 1 (33s)
[dollar3-role N=1000] rates: same set True, max |dlog| 1.42e-14, underflow 0 | solver on published generator: log {'eff': 0.9992, 'half': 0.1568, 'third': 0.8424, 'sixth': 0.0, 'clash': 0.0005, 'ineff': 0.0003} vs linear {'eff': 0.9992, 'half': 0.1568, 'third': 0.8424, 'sixth': 0.0, 'clash': 0.0005, 'ineff': 0.0003}, TV 0.0000
    log round 0: 129 expanded, 100 candidates, log10 cut -12.4, closed 1
    log round 1: 229 expanded, 16 candidates, log10 cut -12.4, closed 1
    log round 2: 245 expanded, 2 candidates, log10 cut -12.4, closed 1
    log round 3: 247 expanded, 0 candidates, log10 cut -12.4, closed 1
[dollar3-role N=1000] re-solve: {'eff': 0.9992, 'half': 0.1574, 'third': 0.8418, 'sixth': 0.0, 'clash': 0.0005, 'ineff': 0.0003} | states 247, log10 cut -12.364924787987738, closed 1, deep mass 0.0000 | top ROLE:1.000 (0.6711) | discrepancy {'eff': -0.0, 'half': 0.0006} (168s)
