    triples: first index 0 / 45, kept 272
[dollar3-norole N=10000] invasion closure: {'nodes_full': 1278, 'complete_full': True, 'nodes_branch2': 583, 'complete_branch2': True, 'saturated': 20, 'added': 6, 'added_by_size': {'2': 3, '3': 2, '4': 1, '5': 0, '6': 0, '7': 0, '8': 0}, 'time_s': 78.7493588924408}
[dollar3-norole N=10000] discovery: 541 candidates (529 stable), deep strict 0 / mod twins 0 / penalty only 1 ({'deep': {1: 0, 2: 0, 3: 0, 4: 0, 5: 0, 6: 0, 7: 0, 8: 0}, 'deep_mod_twins': {1: 0, 2: 0, 3: 0, 4: 0, 5: 0, 6: 0, 7: 0, 8: 0}, 'deep_penalty_only': {1: 0, 2: 0, 3: 1, 4: 0, 5: 0, 6: 0, 7: 0, 8: 0}}), 79s
[dollar3-norole N=10000] published re-run: {'eff': 0.6251, 'half': 0.0, 'third': 0.6251, 'sixth': 0.0, 'clash': 0.3125, 'ineff': 0.0625} near_closed 0 terminal 1 (9s)
[dollar3-norole N=10000] rates: same set True, max |dlog| 1.30e-06, underflow 33 | solver on published generator: log {'eff': 0.6251, 'half': 0.0, 'third': 0.6251, 'sixth': 0.0, 'clash': 0.3125, 'ineff': 0.0625} vs linear {'eff': 0.6251, 'half': 0.0, 'third': 0.6251, 'sixth': 0.0, 'clash': 0.3125, 'ineff': 0.0625}, TV 0.0000
    log round 0: 73 expanded, 0 candidates, log10 cut -17.2, closed 1
[dollar3-norole N=10000] re-solve: {'eff': 0.6251, 'half': 0.0, 'third': 0.6251, 'sixth': 0.0, 'clash': 0.3125, 'ineff': 0.0625} | states 73, log10 cut -17.237263082759995, closed 1, deep mass 0.0000 | top H:0.500 + flip(THEM(THEM)):0.250 + flip(THEM(^H)):0.250 (1.0000) | discrepancy {'eff': -0.0, 'half': 0.0} (108s)
    triples: first index 0 / 45, kept 272
[dollar3-norole N=30000] invasion closure: {'nodes_full': 1278, 'complete_full': True, 'nodes_branch2': 583, 'complete_branch2': True, 'saturated': 20, 'added': 6, 'added_by_size': {'2': 3, '3': 2, '4': 1, '5': 0, '6': 0, '7': 0, '8': 0}, 'time_s': 0.0005822181701660156}
[dollar3-norole N=30000] discovery: 541 candidates (529 stable), deep strict 0 / mod twins 0 / penalty only 1 ({'deep': {1: 0, 2: 0, 3: 0, 4: 0, 5: 0, 6: 0, 7: 0, 8: 0}, 'deep_mod_twins': {1: 0, 2: 0, 3: 0, 4: 0, 5: 0, 6: 0, 7: 0, 8: 0}, 'deep_penalty_only': {1: 0, 2: 0, 3: 1, 4: 0, 5: 0, 6: 0, 7: 0, 8: 0}}), 0s
[dollar3-norole N=30000] published re-run: {'eff': 0.625, 'half': 0.0, 'third': 0.625, 'sixth': 0.0, 'clash': 0.3125, 'ineff': 0.0625} near_closed 0 terminal 1 (8s)
[dollar3-norole N=30000] rates: same set True, max |dlog| 2.59e-01, underflow 530 | solver on published generator: log {'eff': 0.625, 'half': 0.0, 'third': 0.625, 'sixth': 0.0, 'clash': 0.3125, 'ineff': 0.0625} vs linear {'eff': 0.625, 'half': 0.0, 'third': 0.625, 'sixth': 0.0, 'clash': 0.3125, 'ineff': 0.0625}, TV 0.0000
    log round 0: 76 expanded, 0 candidates, log10 cut -42.8, closed 1
[dollar3-norole N=30000] re-solve: {'eff': 0.625, 'half': 0.0, 'third': 0.625, 'sixth': 0.0, 'clash': 0.3125, 'ineff': 0.0625} | states 76, log10 cut -42.8131970150378, closed 1, deep mass 0.0000 | top H:0.500 + flip(THEM(THEM)):0.250 + flip(THEM(^H)):0.250 (1.0000) | discrepancy {} (26s)
    triples: first index 0 / 45, kept 272
[dollar3-norole N=1000] invasion closure: {'nodes_full': 1278, 'complete_full': True, 'nodes_branch2': 583, 'complete_branch2': True, 'saturated': 20, 'added': 6, 'added_by_size': {'2': 3, '3': 2, '4': 1, '5': 0, '6': 0, '7': 0, '8': 0}, 'time_s': 0.001093149185180664}
[dollar3-norole N=1000] discovery: 541 candidates (529 stable), deep strict 0 / mod twins 0 / penalty only 1 ({'deep': {1: 0, 2: 0, 3: 0, 4: 0, 5: 0, 6: 0, 7: 0, 8: 0}, 'deep_mod_twins': {1: 0, 2: 0, 3: 0, 4: 0, 5: 0, 6: 0, 7: 0, 8: 0}, 'deep_penalty_only': {1: 0, 2: 0, 3: 1, 4: 0, 5: 0, 6: 0, 7: 0, 8: 0}}), 0s
[dollar3-norole N=1000] published re-run: {'eff': 0.9959, 'half': 0.9853, 'third': 0.0106, 'sixth': 0.0, 'clash': 0.0026, 'ineff': 0.0014} near_closed 0 terminal 1 (8s)
[dollar3-norole N=1000] rates: same set True, max |dlog| 7.11e-15, underflow 0 | solver on published generator: log {'eff': 0.9959, 'half': 0.9853, 'third': 0.0106, 'sixth': 0.0, 'clash': 0.0026, 'ineff': 0.0014} vs linear {'eff': 0.9959, 'half': 0.9853, 'third': 0.0106, 'sixth': 0.0, 'clash': 0.0026, 'ineff': 0.0014}, TV 0.0000
    log round 0: 72 expanded, 76 candidates, log10 cut -12.6, closed 1
    log round 1: 148 expanded, 12 candidates, log10 cut -12.5, closed 1
    log round 2: 160 expanded, 0 candidates, log10 cut -12.5, closed 1
[dollar3-norole N=1000] re-solve: {'eff': 0.9959, 'half': 0.9853, 'third': 0.0106, 'sixth': 0.0, 'clash': 0.0026, 'ineff': 0.0014} | states 160, log10 cut -12.497920309346043, closed 1, deep mass 0.0000 | top M:1.000 (0.9729) | discrepancy {'eff': 0.0, 'half': 0.0} (59s)
