    triples: first index 0 / 80, kept 807
[dollar3-role N=1000] discovery: 2098 candidates (2092 stable), deep strict 0 / mod twins 0 / penalty only 0 ({'deep': {1: 0, 2: 0, 3: 0}, 'deep_mod_twins': {1: 0, 2: 0, 3: 0}, 'deep_penalty_only': {1: 0, 2: 0, 3: 0}}), 0s
[dollar3-role N=1000] published re-run: {'eff': 0.9992, 'half': 0.1568, 'third': 0.8424, 'sixth': 0.0, 'clash': 0.0005, 'ineff': 0.0003} near_closed 0 terminal 1 (45s)
[dollar3-role N=1000] rates: same set True, max |dlog| 1.42e-14, underflow 0 | solver on published generator: log {'eff': 0.9992, 'half': 0.1568, 'third': 0.8424, 'sixth': 0.0, 'clash': 0.0005, 'ineff': 0.0003} vs linear {'eff': 0.9992, 'half': 0.1568, 'third': 0.8424, 'sixth': 0.0, 'clash': 0.0005, 'ineff': 0.0003}, TV 0.0000
    log round 0: 129 expanded, 18 candidates, log10 cut -11.0, closed 1
    log round 1: 147 expanded, 2 candidates, log10 cut -11.0, closed 1
    log round 2: 149 expanded, 0 candidates, log10 cut -11.0, closed 1
[dollar3-role N=1000] re-solve: {'eff': 0.9992, 'half': 0.1574, 'third': 0.8418, 'sixth': 0.0, 'clash': 0.0005, 'ineff': 0.0003} | states 149, log10 cut -10.982154236262698, closed 1, deep mass 0.0000 | top ROLE:1.000 (0.6711) | discrepancy {'eff': -0.0, 'half': 0.0006} (118s)
    triples: first index 0 / 80, kept 807
[dollar3-role N=10000] discovery: 2098 candidates (2092 stable), deep strict 0 / mod twins 0 / penalty only 0 ({'deep': {1: 0, 2: 0, 3: 0}, 'deep_mod_twins': {1: 0, 2: 0, 3: 0}, 'deep_penalty_only': {1: 0, 2: 0, 3: 0}}), 0s
[dollar3-role N=10000] published re-run: {'eff': 0.9858, 'half': 0.7882, 'third': 0.1977, 'sixth': 0.0, 'clash': 0.0059, 'ineff': 0.0082} near_closed 0 terminal 1 (27s)
[dollar3-role N=10000] rates: same set True, max |dlog| 9.11e-07, underflow 89 | solver on published generator: log {'eff': 0.9858, 'half': 0.7882, 'third': 0.1977, 'sixth': 0.0, 'clash': 0.0059, 'ineff': 0.0082} vs linear {'eff': 0.9858, 'half': 0.7882, 'third': 0.1977, 'sixth': 0.0, 'clash': 0.0059, 'ineff': 0.0082}, TV 0.0000
    log round 0: 131 expanded, 22 candidates, log10 cut -10.8, closed 1
    log round 1: 153 expanded, 2 candidates, log10 cut -10.7, closed 1
    log round 2: 155 expanded, 0 candidates, log10 cut -10.7, closed 1
[dollar3-role N=10000] re-solve: {'eff': 0.9858, 'half': 0.7926, 'third': 0.1932, 'sixth': 0.0, 'clash': 0.0059, 'ineff': 0.0083} | states 155, log10 cut -10.744725412582943, closed 1, deep mass 0.0000 | top M:1.000 (0.7768) | discrepancy {'eff': 0.0, 'half': 0.0044} (123s)
    triples: first index 0 / 80, kept 807
[dollar3-role N=30000] discovery: 2098 candidates (2092 stable), deep strict 0 / mod twins 0 / penalty only 0 ({'deep': {1: 0, 2: 0, 3: 0}, 'deep_mod_twins': {1: 0, 2: 0, 3: 0}, 'deep_penalty_only': {1: 0, 2: 0, 3: 0}}), 0s
[dollar3-role N=30000] published re-run: {'eff': 0.9898, 'half': 0.8173, 'third': 0.1725, 'sixth': 0.0, 'clash': 0.0035, 'ineff': 0.0067} near_closed 0 terminal 1 (37s)
[dollar3-role N=30000] rates: same set True, max |dlog| 6.61e-01, underflow 1814 | solver on published generator: log {'eff': 0.9898, 'half': 0.8173, 'third': 0.1725, 'sixth': 0.0, 'clash': 0.0035, 'ineff': 0.0067} vs linear {'eff': 0.9898, 'half': 0.8173, 'third': 0.1725, 'sixth': 0.0, 'clash': 0.0035, 'ineff': 0.0067}, TV 0.0000
    log round 0: 131 expanded, 11 candidates, log10 cut -10.9, closed 1
    log round 1: 142 expanded, 2 candidates, log10 cut -10.9, closed 1
    log round 2: 144 expanded, 0 candidates, log10 cut -10.9, closed 1
[dollar3-role N=30000] re-solve: {'eff': 0.9898, 'half': 0.8206, 'third': 0.1692, 'sixth': 0.0, 'clash': 0.0035, 'ineff': 0.0067} | states 144, log10 cut -10.885826139737253, closed 1, deep mass 0.0000 | top M:1.000 (0.8108) | discrepancy {'half': 0.0036} (130s)
