    triples: first index 0 / 863, kept 30
    triples: first index 100 / 863, kept 30
    triples: first index 200 / 863, kept 30
    triples: first index 300 / 863, kept 30
    triples: first index 400 / 863, kept 30
    triples: first index 500 / 863, kept 30
    triples: first index 600 / 863, kept 30
    triples: first index 700 / 863, kept 30
    triples: first index 800 / 863, kept 30
[pd-modal9 N=10000] discovery: 30 candidates (30 stable), deep strict 0 / mod twins 5 / penalty only 0 ({'deep': {1: 0, 2: 0, 3: 0}, 'deep_mod_twins': {1: 5, 2: 0, 3: 0}, 'deep_penalty_only': {1: 0, 2: 0, 3: 0}}), 87s
[pd-modal9 N=10000] published re-run: {'pcc': 0.6224} near_closed 0 terminal 1 (234s)
[pd-modal9 N=10000] rates: same set True, max |dlog| 5.68e-14, underflow 288633 | solver on published generator: log {'pcc': 0.6224} vs linear {'pcc': 0.6224}, TV 0.0000
    log round 0: 890 expanded, 441 candidates, log10 cut -9.6, closed 1
    log round 1: 1331 expanded, 0 candidates, log10 cut -9.7, closed 1
[pd-modal9 N=10000] re-solve: {'pcc': 0.6224} | states 1331, log10 cut -9.65523493473653, closed 1, deep mass 0.0000 | top D:1.000 (0.3774) | discrepancy {'pcc': 0.0004} (4479s)
    triples: first index 0 / 863, kept 30
    triples: first index 100 / 863, kept 30
    triples: first index 200 / 863, kept 30
    triples: first index 300 / 863, kept 30
    triples: first index 400 / 863, kept 30
    triples: first index 500 / 863, kept 30
    triples: first index 600 / 863, kept 30
    triples: first index 700 / 863, kept 30
    triples: first index 800 / 863, kept 30
[pd-modal9 N=30000] discovery: 30 candidates (30 stable), deep strict 0 / mod twins 5 / penalty only 0 ({'deep': {1: 0, 2: 0, 3: 0}, 'deep_mod_twins': {1: 5, 2: 0, 3: 0}, 'deep_penalty_only': {1: 0, 2: 0, 3: 0}}), 111s
[pd-modal9 N=30000] published re-run: {'pcc': 0.727} near_closed 0 terminal 1 (192s)
[pd-modal9 N=30000] rates: same set True, max |dlog| 3.55e-15, underflow 288799 | solver on published generator: log {'pcc': 0.727} vs linear {'pcc': 0.727}, TV 0.0000
    log round 0: 890 expanded, 251 candidates, log10 cut -9.7, closed 1
    log round 1: 1141 expanded, 1 candidates, log10 cut -9.7, closed 1
    log round 2: 1142 expanded, 0 candidates, log10 cut -9.7, closed 1
[pd-modal9 N=30000] re-solve: {'pcc': 0.727} | states 1142, log10 cut -9.729877716440424, closed 1, deep mass 0.0000 | top D:1.000 (0.2729) | discrepancy {'pcc': -0.0} (2268s)
