K_g1     b=32  sound 0/504 self 000001111110 inv-panel G 0 C 0 check {'goals': 6, 'mismatch': 0, 'dist': 0, 'replayed': 0, 'fail': 0} 1s
Kc_g1    b=32  sound 0/614 self 000001111110 inv-panel G 0 C 0 check {'goals': 6, 'mismatch': 0, 'dist': 0, 'replayed': 0, 'fail': 0} 34s
Kc4m     b=32  sound 0/614 self 000001111110 inv-panel G 0 C 0 check {'goals': 6, 'mismatch': 0, 'dist': 0, 'replayed': 0, 'fail': 0} 36s
Kc4m_g1  b=32  sound 0/704 self 000011111110 inv-panel G 0 C 0 check {'goals': 8, 'mismatch': 0, 'dist': 0, 'replayed': 0, 'fail': 0} 37s
K_g1     b=24  sound 0/501 self 000001111110 inv-panel G 0 C 0 check {'goals': 6, 'mismatch': 0, 'dist': 0, 'replayed': 0, 'fail': 0} 1s
Kc_g1    b=24  sound 0/614 self 000001111110 inv-panel G 0 C 0 check {'goals': 6, 'mismatch': 0, 'dist': 0, 'replayed': 0, 'fail': 0} 31s
Kc4m     b=24  sound 0/614 self 000001111110 inv-panel G 0 C 0 check {'goals': 6, 'mismatch': 0, 'dist': 0, 'replayed': 0, 'fail': 0} 35s
Kc4m_g1  b=24  sound 0/704 self 000011111110 inv-panel G 0 C 0 check {'goals': 8, 'mismatch': 0, 'dist': 0, 'replayed': 0, 'fail': 0} 35s
K_g1     b=16  sound 0/495 self 000001111110 inv-panel G 0 C 0 check {'goals': 6, 'mismatch': 0, 'dist': 0, 'replayed': 0, 'fail': 0} 1s
Kc_g1    b=16  sound 0/602 self 000001111110 inv-panel G 0 C 0 check {'goals': 6, 'mismatch': 0, 'dist': 0, 'replayed': 0, 'fail': 0} 31s
Kc4m     b=16  sound 0/606 self 000001111110 inv-panel G 0 C 0 check {'goals': 6, 'mismatch': 0, 'dist': 0, 'replayed': 0, 'fail': 0} 33s
Kc4m_g1  b=16  sound 0/676 self 000011111110 inv-panel G 0 C 0 check {'goals': 8, 'mismatch': 0, 'dist': 0, 'replayed': 0, 'fail': 0} 33s
K_g1     b=12  sound 0/486 self 000001111110 inv-panel G 0 C 0 check {'goals': 6, 'mismatch': 0, 'dist': 0, 'replayed': 0, 'fail': 0} 1s
Kc_g1    b=12  sound 0/592 self 000001111110 inv-panel G 0 C 0 check {'goals': 6, 'mismatch': 0, 'dist': 0, 'replayed': 0, 'fail': 0} 33s
Kc4m     b=12  sound 0/588 self 000001111110 inv-panel G 0 C 0 check {'goals': 6, 'mismatch': 0, 'dist': 0, 'replayed': 0, 'fail': 0} 34s
Kc4m_g1  b=12  sound 0/659 self 000011111110 inv-panel G 0 C 0 check {'goals': 8, 'mismatch': 0, 'dist': 0, 'replayed': 0, 'fail': 0} 35s
K_g1     b=11  sound 0/476 self 000001111110 inv-panel G 0 C 0 check {'goals': 6, 'mismatch': 0, 'dist': 0, 'replayed': 0, 'fail': 0} 1s
Kc_g1    b=11  sound 0/579 self 000001111110 inv-panel G 0 C 0 check {'goals': 6, 'mismatch': 0, 'dist': 0, 'replayed': 0, 'fail': 0} 31s
Kc4m     b=11  sound 0/571 self 000001111110 inv-panel G 0 C 0 check {'goals': 6, 'mismatch': 0, 'dist': 0, 'replayed': 0, 'fail': 0} 34s
Kc4m_g1  b=11  sound 0/636 self 000011111110 inv-panel G 0 C 0 check {'goals': 8, 'mismatch': 0, 'dist': 0, 'replayed': 0, 'fail': 0} 34s
K_g1     b=10  sound 0/456 self 000000111110 inv-panel G 0 C 0 check {'goals': 5, 'mismatch': 0, 'dist': 0, 'replayed': 0, 'fail': 0} 1s
Kc_g1    b=10  sound 0/555 self 000000111110 inv-panel G 0 C 0 check {'goals': 5, 'mismatch': 0, 'dist': 0, 'replayed': 0, 'fail': 0} 31s
Kc4m     b=10  sound 0/550 self 000000111110 inv-panel G 0 C 0 check {'goals': 5, 'mismatch': 0, 'dist': 0, 'replayed': 0, 'fail': 0} 33s
Kc4m_g1  b=10  sound 0/599 self 000000111110 inv-panel G 0 C 0 check {'goals': 6, 'mismatch': 0, 'dist': 0, 'replayed': 0, 'fail': 0} 31s
K_g1     b=8   sound 0/381 self 000000111110 inv-panel G 0 C 0 check {'goals': 5, 'mismatch': 0, 'dist': 0, 'replayed': 0, 'fail': 0} 1s
Kc_g1    b=8   sound 0/467 self 000000111110 inv-panel G 0 C 0 check {'goals': 5, 'mismatch': 0, 'dist': 0, 'replayed': 0, 'fail': 0} 30s
Kc4m     b=8   sound 0/458 self 000000111110 inv-panel G 0 C 0 check {'goals': 5, 'mismatch': 0, 'dist': 0, 'replayed': 0, 'fail': 0} 32s
Kc4m_g1  b=8   sound 0/527 self 000000111110 inv-panel G 0 C 0 check {'goals': 6, 'mismatch': 0, 'dist': 0, 'replayed': 0, 'fail': 0} 33s
K_g1     b=4   sound 0/198 self 000000111110 inv-panel G 0 C 0 check {'goals': 4, 'mismatch': 0, 'dist': 0, 'replayed': 0, 'fail': 0} 1s
Kc_g1    b=4   sound 0/238 self 000000111110 inv-panel G 0 C 0 check {'goals': 4, 'mismatch': 0, 'dist': 0, 'replayed': 0, 'fail': 0} 2s
Kc4m     b=4   sound 0/169 self 000000111110 inv-panel G 0 C 0 check {'goals': 4, 'mismatch': 0, 'dist': 0, 'replayed': 0, 'fail': 0} 2s
Kc4m_g1  b=4   sound 0/250 self 000000111110 inv-panel G 0 C 0 check {'goals': 4, 'mismatch': 0, 'dist': 0, 'replayed': 0, 'fail': 0} 2s
