16 jobs
mixed joint u                N=30000  P(C,C) 0.761093 pi(D) 0.239 active-L 0.1838 neutral-L 0.2984 alloc 0.5000 coop(g0/Lneu/Lact) 0.398/0.179/0.184 blocks 903 states 1166 deep 0 resid 2.2e-14 lazy 0.7610902293467329 (1617s)
    support: [('D 1.00', 0.23879406095789843), ('BOX(THEM(ME)) 1.00', 0.19573635511215015), ('BOX(THEM(THEM)) 1.00', 0.1581030723962926), ('BOX1(THEM(ME)) 1.00', 0.09743084702488161), ('BOX1(THEM(ME))/L 1.00', 0.09690851083847046), ('BOX1(THEM(THEM)) 1.00', 0.0747458325791908)]
mixed separate u             N=30000  P(C,C) 0.752964 pi(D) 0.247 active-L 0.1943 neutral-L 0.3243 alloc 0.5264 coop(g0/Lneu/Lact) 0.370/0.189/0.194 blocks 1158 states 1359 deep 0 resid 1.1e-14 lazy 0.7529992917477925 (1039s)
    support: [('D/L 1.00', 0.1352834877351445), ('D 1.00', 0.11163560531108976), ('BOX(THEM(ME))/L 1.00', 0.10405066507128982), ('BOX1(THEM(ME))/L 1.00', 0.1034217562597068), ('BOX(THEM(ME)) 1.00', 0.09785622600077534), ('BOX1(THEM(ME)) 1.00', 0.09729890094324337)]
mixed separate u             N=1000   P(C,C) 0.384508 pi(D) 0.615 active-L 0.1015 neutral-L 0.4104 alloc 0.5064 coop(g0/Lneu/Lact) 0.184/0.097/0.101 blocks 1158 states 1734 deep 0 resid 3.1e-14 lazy 0.3845298888131366 (2854s)
    support: [('D/L 1.00', 0.3121395647635546), ('D 1.00', 0.30286447286055995), ('BOX(THEM(ME))/L 1.00', 0.04589927085799946), ('BOX1(THEM(ME))/L 1.00', 0.045711831977851246), ('BOX(THEM(THEM))/L 1.00', 0.04552924397426192), ('BOX(THEM(ME)) 1.00', 0.045423553177905286)]
g0 joint u                   N=30000  P(C,C) 0.790923 pi(D) 0.209 active-L 0.0000 neutral-L 0.0000 alloc nan coop(g0/Lneu/Lact) 0.791/0.000/0.000 blocks 479 states 598 deep 0 resid 1.5e-14 lazy 0.7909215320137201 (366s)
    support: [('D 1.00', 0.20897234113833854), ('BOX(THEM(ME)) 1.00', 0.17342850530017453), ('BOX1(THEM(ME)) 1.00', 0.17107435332185836), ('and(BOX(THEM(ME)),BOXD1(THEM(^D))) 1.00', 0.14768207359612542), ('BOX(THEM(THEM)) 1.00', 0.1470329208164357), ('BOX1(THEM(THEM)) 1.00', 0.1379587535140614)]
g0 joint u                   N=1000   P(C,C) 0.392046 pi(D) 0.607 active-L 0.0000 neutral-L 0.0000 alloc nan coop(g0/Lneu/Lact) 0.390/0.000/0.000 blocks 479 states 923 deep 0 resid 1.5e-14 lazy 0.39204515957001895 (1804s)
    support: [('D 1.00', 0.6074574819788726), ('BOX(THEM(ME)) 1.00', 0.09089851754769772), ('BOX1(THEM(ME)) 1.00', 0.0904247557993775), ('BOX(THEM(THEM)) 1.00', 0.0898650942049894), ('BOX1(THEM(THEM)) 1.00', 0.08957396308353983), ('BOX(THEM(^C)) 1.00', 0.009743589591476524)]
L joint u                    N=30000  P(C,C) 0.737776 pi(D) 0.262 active-L 1.0000 neutral-L 0.0000 alloc nan coop(g0/Lneu/Lact) 0.000/0.000/0.738 blocks 579 states 777 deep 0 resid 2.4e-14 lazy 0.7377718207015864 (461s)
    support: [('D/L 1.00', 0.26210755737378594), ('BOX(THEM(ME))/L 1.00', 0.21373379544318713), ('BOX1(THEM(ME))/L 1.00', 0.21238581744202725), ('BOX(THEM(THEM))/L 1.00', 0.16403509646417652), ('and(BOX1(THEM(ME)),not(BOX(THEM(ME))))/L 1.00', 0.060303546920393476), ('and(BOX1(THEM(ME)),not(BOX(THEM(THEM))))/L 1.00', 0.06025096758558825)]
L joint u                    N=1000   P(C,C) 0.381343 pi(D) 0.618 active-L 1.0000 neutral-L 0.0000 alloc nan coop(g0/Lneu/Lact) 0.000/0.000/0.380 blocks 579 states 1178 deep 0 resid 1.2e-14 lazy 0.3813405786909812 (2671s)
    support: [('D/L 1.00', 0.6181771375178841), ('BOX(THEM(ME))/L 1.00', 0.09173735969169491), ('BOX1(THEM(ME))/L 1.00', 0.09120218853416057), ('BOX(THEM(THEM))/L 1.00', 0.09086558694453221), ('BOX1(THEM(THEM))/L 1.00', 0.03634707887779822), ('and(BOX1(THEM(ME)),not(BOX(THEM(ME))))/L 1.00', 0.017726876052227857)]
mixed joint 91               N=10000  P(C,C) 0.665545 pi(D) 0.334 active-L 0.0265 neutral-L 0.0647 alloc 0.1000 coop(g0/Lneu/Lact) 0.608/0.031/0.026 blocks 903 states 1184 deep 0 resid 9.5e-15 lazy 0.6655426147322333 (1327s)
    support: [('D 1.00', 0.33426732996207253), ('BOX(THEM(ME)) 1.00', 0.15833252560134717), ('BOX(THEM(THEM)) 1.00', 0.14915644278695203), ('BOX1(THEM(ME)) 1.00', 0.14202612909490528), ('BOX1(THEM(THEM)) 1.00', 0.13104794904935635), ('and(BOX(THEM(ME)),BOXD1(THEM(^D))) 1.00', 0.04369512065411067)]
mixed joint u                N=1000   P(C,C) 0.383551 pi(D) 0.616 active-L 0.0880 neutral-L 0.4059 alloc 0.5000 coop(g0/Lneu/Lact) 0.197/0.097/0.088 blocks 903 states 1767 deep 0 resid 9.1e-15 lazy 0.38354931065547815 (6486s)
    support: [('D 1.00', 0.615958093937961), ('BOX(THEM(ME)) 1.00', 0.09150227975205719), ('BOX(THEM(THEM)) 1.00', 0.09081035789447267), ('BOX1(THEM(ME)) 1.00', 0.045738521460552434), ('BOX1(THEM(ME))/L 1.00', 0.045494024981681945), ('BOX1(THEM(THEM)) 1.00', 0.04528128575017976)]
mixed separate 91            N=10000  P(C,C) 0.661803 pi(D) 0.338 active-L 0.0396 neutral-L 0.0736 alloc 0.1125 coop(g0/Lneu/Lact) 0.589/0.033/0.040 blocks 1158 states 1369 deep 0 resid 1.4e-14 lazy 0.661918784932096 (696s)
    support: [('D 1.00', 0.2978131768860938), ('BOX(THEM(ME)) 1.00', 0.14297238846725766), ('BOX1(THEM(ME)) 1.00', 0.14247510893111287), ('BOX(THEM(THEM)) 1.00', 0.1348356237031807), ('BOX1(THEM(THEM)) 1.00', 0.1128234138240928), ('and(BOX(THEM(ME)),BOXD1(THEM(^D))) 1.00', 0.041572072875653295)]
sham joint 91                N=10000  P(C,C) 0.670962 pi(D) 0.329 active-L 0.0000 neutral-L 0.1000 alloc 0.1000 coop(g0/Lneu/Lact) 0.604/0.067/0.000 blocks 479 states 661 deep 0 resid 9.1e-15 lazy 0.6709593383965544 (440s)
    support: [('D 1.00', 0.3288521167984498), ('BOX(THEM(ME)) 1.00', 0.15683624148961356), ('BOX1(THEM(ME)) 1.00', 0.15554245706849643), ('BOX(THEM(THEM)) 1.00', 0.14746466757040144), ('BOX1(THEM(THEM)) 1.00', 0.1438814944456046), ('and(BOX(THEM(ME)),BOXD1(THEM(^D))) 1.00', 0.0526648427638344)]
sham separate 91             N=10000  P(C,C) 0.670962 pi(D) 0.329 active-L 0.0000 neutral-L 0.1000 alloc 0.1000 coop(g0/Lneu/Lact) 0.604/0.067/0.000 blocks 958 states 1120 deep 0 resid 2.2e-14 lazy 0.6709593283407425 (475s)
    support: [('D 1.00', 0.29596690451302937), ('BOX(THEM(ME)) 1.00', 0.141152616324575), ('BOX1(THEM(ME)) 1.00', 0.13998821026534422), ('BOX(THEM(THEM)) 1.00', 0.1327181980736826), ('BOX1(THEM(THEM)) 1.00', 0.12949334397990941), ('and(BOX(THEM(ME)),BOXD1(THEM(^D))) 1.00', 0.04739835822458932)]
price:0 joint u              N=10000  P(C,C) 0.646739 pi(D) 0.353 active-L 0.1404 neutral-L 0.3401 alloc 0.5000 coop(g0/Lneu/Lact) 0.343/0.163/0.140 blocks 903 states 1229 deep 0 resid 1.8e-14 lazy 0.6467350816098153 (1504s)
    support: [('D 1.00', 0.3530710309564834), ('BOX(THEM(ME)) 1.00', 0.1667836011266896), ('BOX(THEM(THEM)) 1.00', 0.15456283000312884), ('BOX1(THEM(ME)) 1.00', 0.0832308615418576), ('BOX1(THEM(ME))/L 1.00', 0.08278382460668876), ('BOX1(THEM(THEM)) 1.00', 0.07558661891674509)]
price:1 joint u              N=10000  P(C,C) 0.597298 pi(D) 0.403 active-L 0.0140 neutral-L 0.3898 alloc 0.5000 coop(g0/Lneu/Lact) 0.395/0.188/0.014 blocks 982 states 1834 deep 0 resid 1.6e-14 lazy 0.5971949395056191 (2862s)
    support: [('D 1.00', 0.4025359711554745), ('BOX(THEM(ME)) 1.00', 0.19246446319587693), ('BOX(THEM(THEM)) 1.00', 0.17820456365609358), ('BOX1(THEM(ME)) 1.00', 0.09604372218398724), ('BOX1(THEM(THEM)) 1.00', 0.08713352278373737), ('and(BOX(THEM(ME)),BOXD1(THEM(^D))) 1.00', 0.017096599254524888)]
price:0.01 joint u           N=10000  P(C,C) 0.643972 pi(D) 0.356 active-L 0.1334 neutral-L 0.3428 alloc 0.5000 coop(g0/Lneu/Lact) 0.346/0.165/0.133 blocks 982 states 1389 deep 0 resid 1.5e-14 lazy 0.6439687087237504 (5375s)
    support: [('D 1.00', 0.35583768655424913), ('BOX(THEM(ME)) 1.00', 0.1682114609685087), ('BOX(THEM(THEM)) 1.00', 0.15587764302587395), ('BOX1(THEM(ME)) 1.00', 0.08394312825008945), ('BOX1(THEM(ME))/L 1.00', 0.07837828519035087), ('BOX1(THEM(THEM)) 1.00', 0.0762284559808791)]
