24 chunks to run (wmin 0.0001) [('00', 98), ('LL', 150), ('LL', 150), ('LL', 150), ('LL', 150), ('0L', 150), ('L0', 150), ('L0', 150), ('L0', 150), ('L0', 150), ('LL', 150), ('LL', 150), ('0L', 150), ('L0', 150), ('L0', 150), ('LL', 150), ('LL', 150), ('LL', 150), ('LL', 150), ('0L', 105), ('L0', 150), ('L0', 150), ('LL', 70), ('L0', 107)]
block LL chunk 1: 150 goals, 150 matched, 74 derived within cap, 74 within b, sound 0/399, checker {'goals': 74, 'size_mismatch': 0, 'dist': 88, 'replayed': 5, 'fail': 0, 'nodes': 856}, 3s
block LL chunk 2: 150 goals, 150 matched, 54 derived within cap, 54 within b, sound 0/440, checker {'goals': 54, 'size_mismatch': 0, 'dist': 77, 'replayed': 11, 'fail': 0, 'nodes': 782}, 15s
block LL chunk 3: 150 goals, 150 matched, 91 derived within cap, 91 within b, sound 0/635, checker {'goals': 91, 'size_mismatch': 0, 'dist': 109, 'replayed': 9, 'fail': 0, 'nodes': 1154}, 29s
block LL chunk 4: 150 goals, 150 matched, 45 derived within cap, 45 within b, sound 0/459, checker {'goals': 45, 'size_mismatch': 0, 'dist': 47, 'replayed': 1, 'fail': 0, 'nodes': 577}, 30s
block L0 chunk 15: 150 goals, 150 matched, 65 derived within cap, 65 within b, sound 0/407, checker {'goals': 65, 'size_mismatch': 0, 'dist': 86, 'replayed': 9, 'fail': 0, 'nodes': 758}, 3s
block L0 chunk 16: 150 goals, 150 matched, 65 derived within cap, 65 within b, sound 0/572, checker {'goals': 65, 'size_mismatch': 0, 'dist': 102, 'replayed': 17, 'fail': 0, 'nodes': 944}, 33s
block 00 chunk 0: 98 goals, 98 matched, 12 derived within cap, 12 within b, sound 0/584, checker {'goals': 12, 'size_mismatch': 0, 'dist': 24, 'replayed': 12, 'fail': 0, 'nodes': 404}, 109s
block 0L chunk 12: 150 goals, 150 matched, 72 derived within cap, 72 within b, sound 0/636, checker {'goals': 72, 'size_mismatch': 0, 'dist': 80, 'replayed': 5, 'fail': 0, 'nodes': 977}, 77s
block LL chunk 5: 150 goals, 150 matched, 124 derived within cap, 124 within b, sound 0/545, checker {'goals': 124, 'size_mismatch': 0, 'dist': 126, 'replayed': 0, 'fail': 0, 'nodes': 1210}, 2s
block L0 chunk 18: 150 goals, 150 matched, 110 derived within cap, 110 within b, sound 0/530, checker {'goals': 110, 'size_mismatch': 0, 'dist': 111, 'replayed': 0, 'fail': 0, 'nodes': 1077}, 4s
block LL chunk 6: 150 goals, 150 matched, 108 derived within cap, 108 within b, sound 0/594, checker {'goals': 108, 'size_mismatch': 0, 'dist': 112, 'replayed': 0, 'fail': 0, 'nodes': 1228}, 4s
block L0 chunk 19: 150 goals, 150 matched, 113 derived within cap, 113 within b, sound 0/591, checker {'goals': 113, 'size_mismatch': 0, 'dist': 118, 'replayed': 0, 'fail': 0, 'nodes': 1218}, 2s
block L0 chunk 17: 150 goals, 150 matched, 47 derived within cap, 47 within b, sound 0/599, checker {'goals': 47, 'size_mismatch': 0, 'dist': 53, 'replayed': 3, 'fail': 0, 'nodes': 613}, 51s
block LL chunk 7: 150 goals, 150 matched, 69 derived within cap, 69 within b, sound 3/479, checker {'goals': 69, 'size_mismatch': 0, 'dist': 77, 'replayed': 3, 'fail': 0, 'nodes': 884}, 38s
block L0 chunk 20: 150 goals, 150 matched, 61 derived within cap, 61 within b, sound 3/539, checker {'goals': 61, 'size_mismatch': 0, 'dist': 69, 'replayed': 3, 'fail': 0, 'nodes': 755}, 71s
block LL chunk 8: 150 goals, 150 matched, 74 derived within cap, 74 within b, sound 0/437, checker {'goals': 74, 'size_mismatch': 0, 'dist': 74, 'replayed': 0, 'fail': 0, 'nodes': 876}, 39s
block LL chunk 10: 150 goals, 150 matched, 81 derived within cap, 81 within b, sound 0/666, checker {'goals': 81, 'size_mismatch': 0, 'dist': 81, 'replayed': 0, 'fail': 0, 'nodes': 1034}, 9s
block 0L chunk 13: 150 goals, 150 matched, 73 derived within cap, 73 within b, sound 0/646, checker {'goals': 73, 'size_mismatch': 0, 'dist': 99, 'replayed': 26, 'fail': 0, 'nodes': 1482}, 125s
block LL chunk 9: 150 goals, 150 matched, 48 derived within cap, 48 within b, sound 0/711, checker {'goals': 48, 'size_mismatch': 0, 'dist': 76, 'replayed': 20, 'fail': 0, 'nodes': 917}, 76s
block 0L chunk 14: 105 goals, 105 matched, 40 derived within cap, 40 within b, sound 0/619, checker {'goals': 40, 'size_mismatch': 0, 'dist': 44, 'replayed': 4, 'fail': 0, 'nodes': 639}, 53s
block LL chunk 11: 70 goals, 70 matched, 29 derived within cap, 29 within b, sound 0/315, checker {'goals': 29, 'size_mismatch': 0, 'dist': 29, 'replayed': 0, 'fail': 0, 'nodes': 383}, 8s
block L0 chunk 23: 107 goals, 107 matched, 47 derived within cap, 47 within b, sound 0/487, checker {'goals': 47, 'size_mismatch': 0, 'dist': 47, 'replayed': 0, 'fail': 0, 'nodes': 591}, 10s
block L0 chunk 21: 150 goals, 150 matched, 89 derived within cap, 89 within b, sound 0/645, checker {'goals': 89, 'size_mismatch': 0, 'dist': 114, 'replayed': 17, 'fail': 0, 'nodes': 1335}, 79s
block L0 chunk 22: 150 goals, 150 matched, 50 derived within cap, 50 within b, sound 0/696, checker {'goals': 50, 'size_mismatch': 0, 'dist': 69, 'replayed': 19, 'fail': 0, 'nodes': 1031}, 71s
29 chunks to run (wmin 1e-05) [('00', 173), ('LL', 200), ('LL', 200), ('LL', 200), ('LL', 200), ('LL', 200), ('LL', 200), ('LL', 200), ('LL', 200), ('LL', 200), ('LL', 200), ('LL', 200), ('LL', 200), ('LL', 110), ('0L', 200), ('0L', 200), ('0L', 200), ('0L', 200), ('0L', 59), ('L0', 200), ('L0', 200), ('L0', 200), ('L0', 200), ('L0', 200), ('L0', 200), ('L0', 200), ('L0', 200), ('L0', 200), ('L0', 136)]
block LL chunk 25: 200 goals, 200 matched, 101 derived within cap, 101 within b, sound 0/665, checker {'goals': 101, 'size_mismatch': 0, 'dist': 142, 'replayed': 20, 'fail': 0, 'nodes': 1369}, 37s
block LL chunk 27: 200 goals, 200 matched, 56 derived within cap, 56 within b, sound 0/400, checker {'goals': 56, 'size_mismatch': 0, 'dist': 61, 'replayed': 3, 'fail': 0, 'nodes': 847}, 16s
block LL chunk 28: 200 goals, 200 matched, 73 derived within cap, 73 within b, sound 0/447, checker {'goals': 73, 'size_mismatch': 0, 'dist': 102, 'replayed': 11, 'fail': 0, 'nodes': 1076}, 15s
block LL chunk 26: 200 goals, 200 matched, 100 derived within cap, 100 within b, sound 0/868, checker {'goals': 100, 'size_mismatch': 0, 'dist': 161, 'replayed': 35, 'fail': 0, 'nodes': 1642}, 250s
block LL chunk 30: 200 goals, 200 matched, 111 derived within cap, 111 within b, sound 0/785, checker {'goals': 111, 'size_mismatch': 0, 'dist': 123, 'replayed': 6, 'fail': 0, 'nodes': 1351}, 36s
block LL chunk 31: 200 goals, 200 matched, 89 derived within cap, 89 within b, sound 0/496, checker {'goals': 89, 'size_mismatch': 0, 'dist': 121, 'replayed': 16, 'fail': 0, 'nodes': 1165}, 32s
block LL chunk 29: 200 goals, 200 matched, 77 derived within cap, 77 within b, sound 0/709, checker {'goals': 77, 'size_mismatch': 0, 'dist': 96, 'replayed': 9, 'fail': 0, 'nodes': 1050}, 253s
block LL chunk 32: 200 goals, 200 matched, 98 derived within cap, 98 within b, sound 0/899, checker {'goals': 98, 'size_mismatch': 0, 'dist': 123, 'replayed': 11, 'fail': 0, 'nodes': 1349}, 237s
block LL chunk 34: 200 goals, 200 matched, 28 derived within cap, 28 within b, sound 0/779, checker {'goals': 28, 'size_mismatch': 0, 'dist': 40, 'replayed': 5, 'fail': 0, 'nodes': 461}, 70s
block LL chunk 35: 200 goals, 200 matched, 42 derived within cap, 42 within b, sound 0/842, checker {'goals': 42, 'size_mismatch': 0, 'dist': 55, 'replayed': 7, 'fail': 0, 'nodes': 719}, 688s
block LL chunk 36: 200 goals, 200 matched, 38 derived within cap, 38 within b, sound 0/491, checker {'goals': 38, 'size_mismatch': 0, 'dist': 42, 'replayed': 4, 'fail': 0, 'nodes': 648}, 76s
block LL chunk 37: 110 goals, 110 matched, 46 derived within cap, 46 within b, sound 0/284, checker {'goals': 46, 'size_mismatch': 0, 'dist': 48, 'replayed': 0, 'fail': 0, 'nodes': 677}, 5s
block LL chunk 33: 200 goals, 200 matched, 90 derived within cap, 90 within b, sound 0/1426, checker {'goals': 90, 'size_mismatch': 0, 'dist': 100, 'replayed': 9, 'fail': 0, 'nodes': 1298}, 1425s
block 00 chunk 24: 173 goals, 173 matched, 31 derived within cap, 31 within b, sound 0/1235, checker {'goals': 31, 'size_mismatch': 0, 'dist': 83, 'replayed': 39, 'fail': 0, 'nodes': 964}, 2373s
block 0L chunk 39: 200 goals, 200 matched, 110 derived within cap, 110 within b, sound 0/1068, checker {'goals': 110, 'size_mismatch': 0, 'dist': 131, 'replayed': 13, 'fail': 0, 'nodes': 1637}, 749s
block 0L chunk 38: 200 goals, 200 matched, 104 derived within cap, 104 within b, sound 0/1135, checker {'goals': 104, 'size_mismatch': 0, 'dist': 159, 'replayed': 34, 'fail': 0, 'nodes': 1724}, 1159s
block 0L chunk 42: 59 goals, 59 matched, 25 derived within cap, 25 within b, sound 0/249, checker {'goals': 25, 'size_mismatch': 0, 'dist': 26, 'replayed': 1, 'fail': 0, 'nodes': 379}, 10s
block L0 chunk 43: 200 goals, 200 matched, 88 derived within cap, 88 within b, sound 0/652, checker {'goals': 88, 'size_mismatch': 0, 'dist': 159, 'replayed': 35, 'fail': 0, 'nodes': 1302}, 170s
block 0L chunk 40: 200 goals, 200 matched, 127 derived within cap, 127 within b, sound 0/1176, checker {'goals': 127, 'size_mismatch': 0, 'dist': 142, 'replayed': 11, 'fail': 0, 'nodes': 1736}, 376s
block L0 chunk 45: 200 goals, 200 matched, 56 derived within cap, 56 within b, sound 0/445, checker {'goals': 56, 'size_mismatch': 0, 'dist': 85, 'replayed': 13, 'fail': 0, 'nodes': 915}, 23s
block L0 chunk 46: 200 goals, 200 matched, 77 derived within cap, 77 within b, sound 0/660, checker {'goals': 77, 'size_mismatch': 0, 'dist': 100, 'replayed': 12, 'fail': 0, 'nodes': 1000}, 557s
block L0 chunk 47: 200 goals, 200 matched, 60 derived within cap, 60 within b, sound 0/339, checker {'goals': 60, 'size_mismatch': 0, 'dist': 66, 'replayed': 3, 'fail': 0, 'nodes': 701}, 18s
block L0 chunk 48: 200 goals, 200 matched, 102 derived within cap, 102 within b, sound 0/538, checker {'goals': 102, 'size_mismatch': 0, 'dist': 163, 'replayed': 30, 'fail': 0, 'nodes': 1362}, 79s
block L0 chunk 44: 200 goals, 200 matched, 72 derived within cap, 72 within b, sound 0/1115, checker {'goals': 72, 'size_mismatch': 0, 'dist': 109, 'replayed': 22, 'fail': 0, 'nodes': 1282}, 825s
block L0 chunk 50: 200 goals, 200 matched, 38 derived within cap, 38 within b, sound 0/924, checker {'goals': 38, 'size_mismatch': 0, 'dist': 57, 'replayed': 10, 'fail': 0, 'nodes': 663}, 1147s
block L0 chunk 51: 200 goals, 200 matched, 28 derived within cap, 28 within b, sound 0/614, checker {'goals': 28, 'size_mismatch': 0, 'dist': 40, 'replayed': 6, 'fail': 0, 'nodes': 494}, 223s
block L0 chunk 52: 136 goals, 136 matched, 50 derived within cap, 50 within b, sound 0/482, checker {'goals': 50, 'size_mismatch': 0, 'dist': 58, 'replayed': 6, 'fail': 0, 'nodes': 868}, 68s
block 0L chunk 41: 200 goals, 200 matched, 36 derived within cap, 36 within b, sound 0/1517, checker {'goals': 36, 'size_mismatch': 0, 'dist': 61, 'replayed': 24, 'fail': 0, 'nodes': 876}, 5654s
block L0 chunk 49: 200 goals, 200 matched, 46 derived within cap, 46 within b, sound 0/1595, checker {'goals': 46, 'size_mismatch': 0, 'dist': 73, 'replayed': 23, 'fail': 0, 'nodes': 981}, 5061s
