g0 u 0 efficient certified-frozen 64 0s
g0 u 1 efficient certified-frozen 64 0s
g0 u 2 efficient certified-frozen 64 0s
g0 u 3 efficient certified-frozen 64 0s
g0 u 4 efficient certified-frozen 64 0s
g0 u 5 efficient certified-frozen 64 0s
g0 u 6 efficient certified-frozen 64 0s
g0 u 7 efficient certified-frozen 64 0s
g0 u 8 efficient certified-frozen 64 0s
g0 u 9 efficient certified-frozen 64 0s
g0 u 10 efficient certified-frozen 64 0s
g0 u 11 efficient certified-frozen 64 0s
g0 u 12 efficient certified-frozen 64 0s
g0 u 13 efficient certified-frozen 64 0s
g0 u 14 efficient certified-frozen 64 0s
g0 u 15 efficient certified-frozen 64 0s
g0 u 16 efficient certified-frozen 64 0s
g0 u 17 efficient certified-frozen 64 0s
g0 u 18 efficient certified-frozen 64 0s
g0 u 19 efficient certified-frozen 64 0s
mixed u 0 efficient certified-frozen 64 0s
mixed u 1 efficient certified-frozen 64 0s
mixed u 2 efficient certified-frozen 64 0s
mixed u 3 efficient certified-frozen 64 0s
mixed u 4 efficient certified-frozen 64 0s
mixed u 5 efficient certified-frozen 64 0s
mixed u 6 efficient certified-frozen 64 0s
mixed u 7 efficient certified-frozen 64 0s
mixed u 8 efficient certified-frozen 64 0s
mixed u 9 efficient certified-frozen 64 0s
mixed u 10 efficient certified-frozen 64 0s
mixed u 11 efficient certified-frozen 64 0s
mixed u 12 efficient certified-frozen 64 0s
mixed u 13 efficient certified-frozen 64 0s
mixed u 14 efficient certified-frozen 64 0s
mixed u 15 efficient certified-frozen 64 0s
mixed u 16 efficient certified-frozen 64 0s
mixed u 17 efficient certified-frozen 64 0s
mixed u 18 efficient certified-frozen 64 0s
mixed u 19 efficient certified-frozen 64 0s
mixed 91 0 efficient certified-frozen 64 0s
mixed 91 1 efficient certified-frozen 64 0s
mixed 91 2 efficient certified-frozen 64 0s
mixed 91 3 efficient certified-frozen 64 0s
mixed 91 4 efficient certified-frozen 64 0s
mixed 91 5 efficient certified-frozen 64 0s
mixed 91 6 efficient certified-frozen 64 0s
mixed 91 7 efficient certified-frozen 64 0s
mixed 91 8 efficient certified-frozen 64 0s
mixed 91 9 efficient certified-frozen 64 0s
mixed 91 10 efficient certified-frozen 64 0s
mixed 91 11 efficient certified-frozen 64 0s
mixed 91 12 efficient certified-frozen 64 0s
mixed 91 13 efficient certified-frozen 64 0s
mixed 91 14 efficient certified-frozen 64 0s
mixed 91 15 efficient certified-frozen 64 0s
mixed 91 16 efficient certified-frozen 64 0s
mixed 91 17 efficient certified-frozen 64 0s
mixed 91 18 efficient certified-frozen 64 0s
mixed 91 19 efficient certified-frozen 64 0s
{'arm': 'g0', 'prior': 'u', 'n': 20, 'efficient': 20, 'frac': 1.0, 'wilson': [0.8388698745050667, 1.0], 'censored': 0, 'holders': 1280, 'holders_g0': 1280, 'holders_L_active': 0, 'holders_L_twin': 0, 'share_g0': 1.0, 'share_L_active': 0.0, 'share_L_by_bit': 0.0, 'mean_eff_islands': 64.0, 'mean_stop': 243.0, 'losses': 0}
{'arm': 'mixed', 'prior': 'u', 'n': 20, 'efficient': 20, 'frac': 1.0, 'wilson': [0.8388698745050667, 1.0], 'censored': 0, 'holders': 1280, 'holders_g0': 528, 'holders_L_active': 426, 'holders_L_twin': 326, 'share_g0': 0.4125, 'share_L_active': 0.3328125, 'share_L_by_bit': 0.5875, 'mean_eff_islands': 64.0, 'mean_stop': 264.0, 'losses': 6}
{'arm': 'mixed', 'prior': '91', 'n': 20, 'efficient': 20, 'frac': 1.0, 'wilson': [0.8388698745050667, 1.0], 'censored': 0, 'holders': 1280, 'holders_g0': 1150, 'holders_L_active': 76, 'holders_L_twin': 54, 'share_g0': 0.8984375, 'share_L_active': 0.059375, 'share_L_by_bit': 0.1015625, 'mean_eff_islands': 64.0, 'mean_stop': 259.0, 'losses': 5}
{'u': {'n': 20, 'diff_efficient': 0.0, 'ci95': [0.0, 0.0], 'diff_island_frac': 0.0, 'ci95_island': [0.0, 0.0], 'discordant': 0}, '91': {'n': 20, 'diff_efficient': 0.0, 'ci95': [0.0, 0.0], 'diff_island_frac': 0.0, 'ci95_island': [0.0, 0.0], 'discordant': 0}}
