  [blind N=10000 hybrid] round 0: core 81, ring 412, ring mass 3.382e-01, cut rel 9.96e-01, outcome-changing cut rel 9.96e-01, promoted 318, new 3784, 0s
  [blind N=10000 hybrid] round 1: core 399, ring 3878, ring mass 3.151e-02, cut rel 4.24e-01, outcome-changing cut rel 4.36e-01, promoted 318, new 450, 106s
  [blind N=10000 hybrid] round 2: core 717, ring 4010, ring mass 1.659e-03, cut rel 1.33e-02, outcome-changing cut rel 1.04e-02, promoted 16, new 0, 140s
  [blind N=10000 hybrid] round 3: core 733, ring 3994, ring mass 9.859e-04, cut rel 1.33e-02, outcome-changing cut rel 1.04e-02, promoted 0, new 0, 620s
explored 4727 states in 620s
{
 "arm": "blind",
 "c": 0.1,
 "N": 10000.0,
 "states": 4727,
 "rel_cut_change": 0.010426260563535248,
 "summary": {
  "fair": 0.0022544240398709356,
  "intermediate": 0.009153039966699389,
  "zero wage": 0.49124372745386363,
  "strike": 0.12217592468346021,
  "scab split": 0.375165517033029,
  "repression:strike": 7.366823076624809e-06,
  "repression:source": 0.0
 },
 "efficiency": 1.3804671632715964,
 "mean_payoff": {
  "boss": 1.373555910387775,
  "W1": 0.0034556264419056885,
  "W2": 0.003455626441905689
 },
 "dwell_events": {
  "fair": 3417.3131043827484,
  "intermediate": 6945.717926462942,
  "zero wage": 59095.83521479246,
  "strike": 19806.1147149254,
  "scab split": 26286.212835877584,
  "repression:strike": 20.716251151029347,
  "repression:source": null
 },
 "time_s": 619.8337581157684
}
