  [blind N=1000 hybrid] round 0: core 81, ring 934, ring mass 1.469e-01, cut rel 7.88e-01, outcome-changing cut rel 7.97e-01, promoted 702, new 2892, 0s
  [blind N=1000 hybrid] round 1: core 783, ring 3124, ring mass 5.830e-02, cut rel 6.12e-01, outcome-changing cut rel 6.25e-01, promoted 122, new 808, 246s
  [blind N=1000 hybrid] round 2: core 905, ring 3810, ring mass 1.838e-03, cut rel 5.93e-03, outcome-changing cut rel 3.54e-03, promoted 4, new 8, 354s
  [blind N=1000 hybrid] round 3: core 909, ring 3814, ring mass 1.795e-03, cut rel 5.91e-03, outcome-changing cut rel 3.52e-03, promoted 0, new 0, 382s
explored 4723 states in 382s
{
 "arm": "blind",
 "c": 0.1,
 "N": 1000.0,
 "states": 4723,
 "rel_cut_change": 0.003516377006713415,
 "summary": {
  "fair": 0.0029875401931986944,
  "intermediate": 0.013097997418587314,
  "zero wage": 0.48869018839594414,
  "strike": 0.12138589017428711,
  "scab split": 0.3737640729202122,
  "repression:strike": 7.431089777068653e-05,
  "repression:source": 0.0
 },
 "efficiency": 1.3833080938458937,
 "mean_payoff": {
  "boss": 1.3734757174519914,
  "W1": 0.004916188196942681,
  "W2": 0.004916188196942681
 },
 "dwell_events": {
  "fair": 456.68205163489523,
  "intermediate": 1019.9776859991066,
  "zero wage": 5939.993369693867,
  "strike": 1973.7472491526005,
  "scab split": 2628.868071047173,
  "repression:strike": 20.592474351148837,
  "repression:source": null
 },
 "time_s": 382.3392207622528
}
