  [blind N=100 hybrid] round 0: core 81, ring 3174, ring mass 9.894e-02, cut rel 7.17e-02, outcome-changing cut rel 7.42e-02, promoted 712, new 5566, 2s
  [blind N=100 hybrid] round 1: core 793, ring 8028, ring mass 7.905e-03, cut rel 2.45e-03, outcome-changing cut rel 2.03e-03, promoted 14, new 761, 40s
  [blind N=100 hybrid] round 2: core 807, ring 8775, ring mass 7.573e-03, cut rel 1.65e-03, outcome-changing cut rel 1.22e-03, promoted 0, new 0, 81s
explored 9582 states in 81s
{
 "arm": "blind",
 "c": 0.5,
 "N": 100.0,
 "states": 9582,
 "rel_cut_change": 0.0012215177572655923,
 "summary": {
  "fair": 0.004741960655832534,
  "intermediate": 0.02218459668355399,
  "zero wage": 0.45794283695530397,
  "strike": 0.12949985933435512,
  "scab split": 0.38547604491584664,
  "repression:strike": 0.0001547014551077299,
  "repression:source": 0.0
 },
 "efficiency": 1.3551374827776796,
 "mean_payoff": {
  "boss": 1.3361871251290074,
  "W1": 0.009475178824333285,
  "W2": 0.009475178824333285
 },
 "dwell_events": {
  "fair": 70.05307174535862,
  "intermediate": 176.73220043660797,
  "zero wage": 566.1003088703218,
  "strike": 208.44784757565307,
  "scab split": 270.48365942920555,
  "repression:strike": 17.687840579133898,
  "repression:source": null
 },
 "time_s": 81.07329940795898
}
