  [blind N=100 hybrid] round 0: core 81, ring 3368, ring mass 9.959e-02, cut rel 7.12e-02, outcome-changing cut rel 7.37e-02, promoted 682, new 5353, 6s
  [blind N=100 hybrid] round 1: core 763, ring 8039, ring mass 7.687e-03, cut rel 2.39e-03, outcome-changing cut rel 1.96e-03, promoted 12, new 780, 1559s
  [blind N=100 hybrid] round 2: core 775, ring 8807, ring mass 7.620e-03, cut rel 1.71e-03, outcome-changing cut rel 1.28e-03, promoted 0, new 0, 1873s
explored 9582 states in 1873s
{
 "arm": "blind",
 "c": 0.1,
 "N": 100.0,
 "states": 9582,
 "rel_cut_change": 0.0012841291027474659,
 "summary": {
  "fair": 0.004520579929109277,
  "intermediate": 0.02094368544084183,
  "zero wage": 0.4911054486103826,
  "strike": 0.12089285889134295,
  "scab split": 0.36136069323027886,
  "repression:strike": 0.0011767338980444902,
  "repression:source": 0.0
 },
 "efficiency": 1.3943460561864731,
 "mean_payoff": {
  "boss": 1.3778053769960574,
  "W1": 0.008270339595219504,
  "W2": 0.00827033959521951
 },
 "dwell_events": {
  "fair": 76.13959384493234,
  "intermediate": 184.00487942283718,
  "zero wage": 621.8762844712725,
  "strike": 206.86717595676072,
  "scab split": 264.8473126654921,
  "repression:strike": 20.87268669223689,
  "repression:source": null
 },
 "time_s": 1873.6306159496307
}
