  [blind N=10000 hybrid] round 0: core 81, ring 414, ring mass 2.964e-01, cut rel 9.95e-01, outcome-changing cut rel 9.95e-01, promoted 320, new 3310, 0s
  [blind N=10000 hybrid] round 1: core 401, ring 3404, ring mass 2.378e-02, cut rel 6.20e-01, outcome-changing cut rel 6.33e-01, promoted 286, new 464, 485s
  [blind N=10000 hybrid] round 2: core 687, ring 3582, ring mass 1.254e-03, cut rel 1.33e-02, outcome-changing cut rel 1.06e-02, promoted 20, new 0, 1403s
  [blind N=10000 hybrid] round 3: core 707, ring 3562, ring mass 7.213e-04, cut rel 1.33e-02, outcome-changing cut rel 1.06e-02, promoted 0, new 0, 1408s
explored 4269 states in 1408s
{
 "arm": "blind",
 "c": 0.0,
 "N": 10000.0,
 "states": 4269,
 "rel_cut_change": 0.01058870206375824,
 "summary": {
  "fair": 0.001440598349035751,
  "intermediate": 0.007332133637962323,
  "zero wage": 0.6378087974384987,
  "strike": 0.07442235690663462,
  "scab split": 0.27894357645375745,
  "repression:strike": 5.25372141110402e-05,
  "repression:source": 0.0
 },
 "efficiency": 1.5720907172224758,
 "mean_payoff": {
  "boss": 1.5670050128440076,
  "W1": 0.0025428521892401066,
  "W2": 0.002542852189240106
 },
 "dwell_events": {
  "fair": 2309.7458091596386,
  "intermediate": 6092.225756995392,
  "zero wage": 81410.5125775121,
  "strike": 16209.470249748221,
  "scab split": 24253.611597583862,
  "repression:strike": 24.97942039256089,
  "repression:source": null
 },
 "time_s": 1408.4816749095917
}
