  [blind N=1000 hybrid] round 0: core 81, ring 1390, ring mass 1.573e-01, cut rel 8.25e-01, outcome-changing cut rel 8.34e-01, promoted 628, new 2466, 0s
  [blind N=1000 hybrid] round 1: core 709, ring 3228, ring mass 4.386e-03, cut rel 6.88e-03, outcome-changing cut rel 5.01e-03, promoted 70, new 184, 6s
  [blind N=1000 hybrid] round 2: core 779, ring 3342, ring mass 3.483e-03, cut rel 5.21e-03, outcome-changing cut rel 3.28e-03, promoted 8, new 0, 39s
  [blind N=1000 hybrid] round 3: core 787, ring 3334, ring mass 3.402e-03, cut rel 5.21e-03, outcome-changing cut rel 3.28e-03, promoted 0, new 0, 49s
explored 4121 states in 49s
{
 "arm": "blind",
 "c": 0.0,
 "N": 1000.0,
 "states": 4121,
 "rel_cut_change": 0.003279243983639894,
 "summary": {
  "fair": 0.0020228615784773267,
  "intermediate": 0.01065621297055337,
  "zero wage": 0.6360261208003348,
  "strike": 0.07339090509493153,
  "scab split": 0.2773774617192116,
  "repression:strike": 0.0005264378364917365,
  "repression:source": 0.0
 },
 "efficiency": 1.574627886734499,
 "mean_payoff": {
  "boss": 1.5676213142893292,
  "W1": 0.003503286222585063,
  "W2": 0.0035032862225850628
 },
 "dwell_events": {
  "fair": 326.6775994077275,
  "intermediate": 901.5726495006554,
  "zero wage": 8188.717491961606,
  "strike": 1608.704499493648,
  "scab split": 2422.8283610068434,
  "repression:strike": 24.633641331271473,
  "repression:source": null
 },
 "time_s": 49.44437885284424
}
