  [blind N=10000 hybrid] round 0: core 81, ring 412, ring mass 3.423e-01, cut rel 9.96e-01, outcome-changing cut rel 9.96e-01, promoted 318, new 3478, 0s
  [blind N=10000 hybrid] round 1: core 399, ring 3572, ring mass 3.545e-02, cut rel 5.67e-01, outcome-changing cut rel 5.79e-01, promoted 346, new 422, 148s
  [blind N=10000 hybrid] round 2: core 745, ring 3648, ring mass 1.635e-03, cut rel 1.35e-02, outcome-changing cut rel 1.07e-02, promoted 16, new 0, 629s
  [blind N=10000 hybrid] round 3: core 761, ring 3632, ring mass 9.523e-04, cut rel 1.35e-02, outcome-changing cut rel 1.07e-02, promoted 0, new 0, 640s
explored 4393 states in 640s
{
 "arm": "blind",
 "c": 0.5,
 "N": 10000.0,
 "states": 4393,
 "rel_cut_change": 0.010659415604992187,
 "summary": {
  "fair": 0.002318636058885897,
  "intermediate": 0.009362563712951822,
  "zero wage": 0.4786772213209344,
  "strike": 0.12517630598286705,
  "scab split": 0.38446357494878375,
  "repression:strike": 1.6979755767647528e-06,
  "repression:source": 0.0
 },
 "efficiency": 1.3651795681465304,
 "mean_payoff": {
  "boss": 1.35808250500144,
  "W1": 0.0035485315725564993,
  "W2": 0.0035485315725564998
 },
 "dwell_events": {
  "fair": 3167.057609578123,
  "intermediate": 6640.692480390118,
  "zero wage": 56752.444463225685,
  "strike": 19807.59592715538,
  "scab split": 26374.20734333765,
  "repression:strike": 20.100590625605715,
  "repression:source": null
 },
 "time_s": 639.8732481002808
}
