  [blind N=1000 hybrid] round 0: core 81, ring 934, ring mass 1.481e-01, cut rel 7.86e-01, outcome-changing cut rel 7.96e-01, promoted 710, new 2702, 1016s
  [blind N=1000 hybrid] round 1: core 791, ring 2926, ring mass 5.878e-02, cut rel 6.12e-01, outcome-changing cut rel 6.25e-01, promoted 122, new 754, 1981s
  [blind N=1000 hybrid] round 2: core 913, ring 3558, ring mass 1.887e-03, cut rel 5.72e-03, outcome-changing cut rel 3.35e-03, promoted 4, new 6, 2131s
  [blind N=1000 hybrid] round 3: core 917, ring 3560, ring mass 1.843e-03, cut rel 5.69e-03, outcome-changing cut rel 3.32e-03, promoted 0, new 0, 2193s
explored 4477 states in 2193s
{
 "arm": "blind",
 "c": 0.5,
 "N": 1000.0,
 "states": 4477,
 "rel_cut_change": 0.0033189692629749176,
 "summary": {
  "fair": 0.0030421671201208422,
  "intermediate": 0.013450744057372926,
  "zero wage": 0.4760777503667919,
  "strike": 0.12442428355005959,
  "scab split": 0.38298750469623166,
  "repression:strike": 1.755020942319217e-05,
  "repression:source": 0.0
 },
 "efficiency": 1.3681200526800836,
 "mean_payoff": {
  "boss": 1.3579471805930752,
  "W1": 0.005086436043518654,
  "W2": 0.005086436043518656
 },
 "dwell_events": {
  "fair": 419.190200464962,
  "intermediate": 977.4662797849195,
  "zero wage": 5704.060646873644,
  "strike": 1975.1617384554359,
  "scab split": 2636.847066009488,
  "repression:strike": 18.731775938248422,
  "repression:source": null
 },
 "time_s": 2193.607052087784
}
