  [blind N=100 hybrid] round 0: core 81, ring 3506, ring mass 1.017e-01, cut rel 8.80e-02, outcome-changing cut rel 9.15e-02, promoted 650, new 5353, 4s
  [blind N=100 hybrid] round 1: core 731, ring 8209, ring mass 7.649e-03, cut rel 2.28e-03, outcome-changing cut rel 1.89e-03, promoted 30, new 634, 2023s
  [blind N=100 hybrid] round 2: core 761, ring 8813, ring mass 7.399e-03, cut rel 1.69e-03, outcome-changing cut rel 1.31e-03, promoted 0, new 16, 2967s
explored 9574 states in 2967s
{
 "arm": "blind",
 "c": 0.0,
 "N": 100.0,
 "states": 9574,
 "rel_cut_change": 0.0013063286582077884,
 "summary": {
  "fair": 0.0035490580787682618,
  "intermediate": 0.018352095888315524,
  "zero wage": 0.6170955379029804,
  "strike": 0.07660572691416598,
  "scab split": 0.2791962467462118,
  "repression:strike": 0.005201334469558432,
  "repression:source": 0.0
 },
 "efficiency": 1.5555666229653622,
 "mean_payoff": {
  "boss": 1.5468284184075687,
  "W1": 0.004369102278899494,
  "W2": 0.0043691022788995065
 },
 "dwell_events": {
  "fair": 60.768096532433695,
  "intermediate": 167.9269971224068,
  "zero wage": 815.21766566105,
  "strike": 168.59983110446638,
  "scab split": 247.12393901451156,
  "repression:strike": 24.07486048490101,
  "repression:source": null
 },
 "time_s": 2967.0294740200043
}
