  [noquorum N=1000 hybrid] round 0: core 144, ring 1002, ring mass 1.555e-01, cut rel 7.84e-01, outcome-changing cut rel 7.94e-01, promoted 742, new 3132, 1s
  [noquorum N=1000 hybrid] round 1: core 886, ring 3392, ring mass 5.812e-02, cut rel 6.08e-01, outcome-changing cut rel 6.21e-01, promoted 122, new 952, 8s
  [noquorum N=1000 hybrid] round 2: core 1008, ring 4222, ring mass 1.918e-03, cut rel 7.76e-03, outcome-changing cut rel 4.48e-03, promoted 4, new 12, 19s
  [noquorum N=1000 hybrid] round 3: core 1012, ring 4230, ring mass 1.869e-03, cut rel 7.73e-03, outcome-changing cut rel 4.45e-03, promoted 0, new 0, 25s
explored 5242 states in 25s
{
 "arm": "noquorum",
 "c": 0.5,
 "N": 1000.0,
 "states": 5242,
 "rel_cut_change": 0.0044477657481694025,
 "summary": {
  "fair": 0.0030109508265791125,
  "intermediate": 0.013301773156811938,
  "zero wage": 0.4757041690235718,
  "strike": 0.12466063779472145,
  "scab split": 0.3833049421390266,
  "repression:strike": 1.7527059288751724e-05,
  "repression:source": 0.0
 },
 "efficiency": 1.367329964623308,
 "mean_payoff": {
  "boss": 1.3572638180888907,
  "W1": 0.0050330732672113345,
  "W2": 0.005033073267211335
 },
 "dwell_events": {
  "fair": 414.7657194076191,
  "intermediate": 968.2426432025836,
  "zero wage": 5708.275378620264,
  "strike": 1978.0791768663096,
  "scab split": 2652.747852831145,
  "repression:strike": 18.8617673576043,
  "repression:source": null
 },
 "time_s": 25.643123149871826
}
