  [noquorum N=100 hybrid] round 0: core 144, ring 4174, ring mass 1.085e-01, cut rel 7.20e-02, outcome-changing cut rel 7.47e-02, promoted 756, new 6895, 5s
  [noquorum N=100 hybrid] round 1: core 900, ring 10313, ring mass 1.030e-02, cut rel 4.06e-03, outcome-changing cut rel 3.57e-03, promoted 14, new 1217, 96s
  [noquorum N=100 hybrid] round 2: core 914, ring 11516, ring mass 9.873e-03, cut rel 2.11e-03, outcome-changing cut rel 1.55e-03, promoted 0, new 6, 172s
explored 12430 states in 172s
{
 "arm": "noquorum",
 "c": 0.5,
 "N": 100.0,
 "states": 12430,
 "rel_cut_change": 0.0015544248277537735,
 "summary": {
  "fair": 0.0047438490365850315,
  "intermediate": 0.022254602415360095,
  "zero wage": 0.45808187872421907,
  "strike": 0.12948739114355534,
  "scab split": 0.3852734852107072,
  "repression:strike": 0.00015879346957368387,
  "repression:source": 0.0
 },
 "efficiency": 1.3553547488282378,
 "mean_payoff": {
  "boss": 1.3363723530657896,
  "W1": 0.009491197881234224,
  "W2": 0.009491197881234224
 },
 "dwell_events": {
  "fair": 69.93027973011165,
  "intermediate": 176.81471092359703,
  "zero wage": 566.6014262090853,
  "strike": 208.3570685422463,
  "scab split": 271.77278646245304,
  "repression:strike": 17.88082841401151,
  "repression:source": null
 },
 "time_s": 172.86452293395996
}
