  [noquorum N=10000 hybrid] round 0: core 144, ring 448, ring mass 3.425e-01, cut rel 9.96e-01, outcome-changing cut rel 9.96e-01, promoted 354, new 4304, 0s
  [noquorum N=10000 hybrid] round 1: core 498, ring 4398, ring mass 3.128e-02, cut rel 4.22e-01, outcome-changing cut rel 4.35e-01, promoted 318, new 474, 8s
  [noquorum N=10000 hybrid] round 2: core 816, ring 4554, ring mass 1.639e-03, cut rel 1.66e-02, outcome-changing cut rel 1.29e-02, promoted 16, new 0, 20s
  [noquorum N=10000 hybrid] round 3: core 832, ring 4538, ring mass 9.731e-04, cut rel 1.66e-02, outcome-changing cut rel 1.29e-02, promoted 0, new 0, 27s
explored 5370 states in 27s
{
 "arm": "noquorum",
 "c": 0.1,
 "N": 10000.0,
 "states": 5370,
 "rel_cut_change": 0.012943188882885856,
 "summary": {
  "fair": 0.0022363742001244207,
  "intermediate": 0.009082019388257152,
  "zero wage": 0.4909308653131629,
  "strike": 0.12239037836511163,
  "scab split": 0.37535300466624877,
  "repression:strike": 7.358067095066312e-06,
  "repression:source": 0.0
 },
 "efficiency": 1.3798507866626422,
 "mean_payoff": {
  "boss": 1.372993904305392,
  "W1": 0.0034284411786157623,
  "W2": 0.003428441178615761
 },
 "dwell_events": {
  "fair": 3384.89177809453,
  "intermediate": 6904.146528489304,
  "zero wage": 59150.39562948451,
  "strike": 19833.410120337678,
  "scab split": 26435.724854864635,
  "repression:strike": 20.820824372836004,
  "repression:source": null
 },
 "time_s": 27.433907985687256
}
