  [noquorum N=10000 hybrid] round 0: core 144, ring 448, ring mass 3.465e-01, cut rel 9.96e-01, outcome-changing cut rel 9.96e-01, promoted 354, new 3998, 0s
  [noquorum N=10000 hybrid] round 1: core 498, ring 4092, ring mass 3.520e-02, cut rel 5.64e-01, outcome-changing cut rel 5.78e-01, promoted 338, new 450, 8s
  [noquorum N=10000 hybrid] round 2: core 836, ring 4204, ring mass 1.616e-03, cut rel 1.68e-02, outcome-changing cut rel 1.32e-02, promoted 16, new 0, 22s
  [noquorum N=10000 hybrid] round 3: core 852, ring 4188, ring mass 9.405e-04, cut rel 1.68e-02, outcome-changing cut rel 1.32e-02, promoted 0, new 0, 30s
explored 5040 states in 30s
{
 "arm": "noquorum",
 "c": 0.5,
 "N": 10000.0,
 "states": 5040,
 "rel_cut_change": 0.013246640584692845,
 "summary": {
  "fair": 0.0022986988829663186,
  "intermediate": 0.009287856797789628,
  "zero wage": 0.4784206835313606,
  "strike": 0.1253774079002658,
  "scab split": 0.3846136530921221,
  "repression:strike": 1.699795495488693e-06,
  "repression:source": 0.0
 },
 "efficiency": 1.3646272816185974,
 "mean_payoff": {
  "boss": 1.3575884316579971,
  "W1": 0.0035194249803227576,
  "W2": 0.003519424980322757
 },
 "dwell_events": {
  "fair": 3136.3336648375507,
  "intermediate": 6600.506942814304,
  "zero wage": 56814.33077380692,
  "strike": 19834.821791195573,
  "scab split": 26523.92680641172,
  "repression:strike": 20.323893664685848,
  "repression:source": null
 },
 "time_s": 30.170650959014893
}
