  [noquorum N=100 hybrid] round 0: core 144, ring 4384, ring mass 1.091e-01, cut rel 7.16e-02, outcome-changing cut rel 7.43e-02, promoted 726, new 6730, 4s
  [noquorum N=100 hybrid] round 1: core 870, ring 10388, ring mass 1.006e-02, cut rel 4.36e-03, outcome-changing cut rel 3.90e-03, promoted 12, new 1174, 76s
  [noquorum N=100 hybrid] round 2: core 882, ring 11550, ring mass 9.887e-03, cut rel 2.20e-03, outcome-changing cut rel 1.64e-03, promoted 0, new 18, 2131s
explored 12432 states in 2131s
{
 "arm": "noquorum",
 "c": 0.1,
 "N": 100.0,
 "states": 12432,
 "rel_cut_change": 0.001637433236630791,
 "summary": {
  "fair": 0.004522154929425628,
  "intermediate": 0.021012180881689917,
  "zero wage": 0.4912315515820599,
  "strike": 0.12090121243712483,
  "scab split": 0.3611476191960602,
  "repression:strike": 0.0011852809736397046,
  "repression:source": 0.0
 },
 "efficiency": 1.3945244433528423,
 "mean_payoff": {
  "boss": 1.3779569815137946,
  "W1": 0.00828373091951384,
  "W2": 0.00828373091951385
 },
 "dwell_events": {
  "fair": 75.91697281585097,
  "intermediate": 184.0048686361733,
  "zero wage": 622.3242393749222,
  "strike": 206.76706030770364,
  "scab split": 266.08003967641446,
  "repression:strike": 20.989106417243264,
  "repression:source": null
 },
 "time_s": 2131.2151050567627
}
