  [noquorum N=10000 hybrid] round 0: core 144, ring 450, ring mass 3.015e-01, cut rel 9.95e-01, outcome-changing cut rel 9.95e-01, promoted 356, new 3822, 0s
  [noquorum N=10000 hybrid] round 1: core 500, ring 3916, ring mass 2.355e-02, cut rel 6.16e-01, outcome-changing cut rel 6.30e-01, promoted 286, new 516, 6s
  [noquorum N=10000 hybrid] round 2: core 786, ring 4146, ring mass 1.246e-03, cut rel 1.70e-02, outcome-changing cut rel 1.34e-02, promoted 20, new 4, 15s
  [noquorum N=10000 hybrid] round 3: core 806, ring 4130, ring mass 7.094e-04, cut rel 1.69e-02, outcome-changing cut rel 1.33e-02, promoted 0, new 0, 21s
explored 4936 states in 21s
{
 "arm": "noquorum",
 "c": 0.0,
 "N": 10000.0,
 "states": 4936,
 "rel_cut_change": 0.013319341606316185,
 "summary": {
  "fair": 0.0014321966047130845,
  "intermediate": 0.0072877364577727,
  "zero wage": 0.637662987083696,
  "strike": 0.07458107254568577,
  "scab split": 0.2789832243356411,
  "repression:strike": 5.278297249160603e-05,
  "repression:source": 0.0
 },
 "efficiency": 1.571732996845927,
 "mean_payoff": {
  "boss": 1.5666784260117992,
  "W1": 0.0025272854170805435,
  "W2": 0.0025272854170805435
 },
 "dwell_events": {
  "fair": 2302.747502885273,
  "intermediate": 6072.416862099642,
  "zero wage": 81522.09232768718,
  "strike": 16229.423444041047,
  "scab split": 24367.312819718696,
  "repression:strike": 25.077001859070588,
  "repression:source": null
 },
 "time_s": 20.898037910461426
}
