  [noquorum N=1000 hybrid] round 0: core 144, ring 1574, ring mass 1.655e-01, cut rel 8.24e-01, outcome-changing cut rel 8.34e-01, promoted 668, new 2955, 1s
  [noquorum N=1000 hybrid] round 1: core 812, ring 3861, ring mass 5.206e-03, cut rel 8.69e-03, outcome-changing cut rel 6.18e-03, promoted 68, new 178, 9s
  [noquorum N=1000 hybrid] round 2: core 880, ring 3971, ring mass 4.333e-03, cut rel 7.02e-03, outcome-changing cut rel 4.44e-03, promoted 0, new 0, 13s
explored 4851 states in 13s
{
 "arm": "noquorum",
 "c": 0.0,
 "N": 1000.0,
 "states": 4851,
 "rel_cut_change": 0.0044350607146486296,
 "summary": {
  "fair": 0.0019971546320002175,
  "intermediate": 0.01053548731816942,
  "zero wage": 0.6362518505738183,
  "strike": 0.07353056863921814,
  "scab split": 0.27715720882844097,
  "repression:strike": 0.0005277300083529962,
  "repression:source": 0.0
 },
 "efficiency": 1.5745657606208079,
 "mean_payoff": {
  "boss": 1.5676479417331184,
  "W1": 0.003458909443825528,
  "W2": 0.0034589094438255267
 },
 "dwell_events": {
  "fair": 322.18489330960074,
  "intermediate": 892.4091473706069,
  "zero wage": 8207.631730844063,
  "strike": 1611.0108188478312,
  "scab split": 2435.3688946137954,
  "repression:strike": 24.70325229768964,
  "repression:source": null
 },
 "time_s": 13.645167827606201
}
