  [noquorum N=100 hybrid] round 0: core 144, ring 4530, ring mass 1.110e-01, cut rel 8.80e-02, outcome-changing cut rel 9.18e-02, promoted 694, new 6690, 6s
  [noquorum N=100 hybrid] round 1: core 838, ring 10526, ring mass 1.001e-02, cut rel 4.20e-03, outcome-changing cut rel 3.80e-03, promoted 16, new 919, 76s
  [noquorum N=100 hybrid] round 2: core 854, ring 11429, ring mass 9.803e-03, cut rel 2.24e-03, outcome-changing cut rel 1.74e-03, promoted 8, new 14, 2820s
  [noquorum N=100 hybrid] round 3: core 862, ring 11435, ring mass 9.727e-03, cut rel 2.24e-03, outcome-changing cut rel 1.73e-03, promoted 0, new 4, 5122s
explored 12297 states in 5122s
{
 "arm": "noquorum",
 "c": 0.0,
 "N": 100.0,
 "states": 12297,
 "rel_cut_change": 0.0017314903612105255,
 "summary": {
  "fair": 0.0035518870970884515,
  "intermediate": 0.01841557041382867,
  "zero wage": 0.6171279641692917,
  "strike": 0.07674418604734434,
  "scab split": 0.27894537480128456,
  "repression:strike": 0.00521501747116274,
  "repression:source": 0.0
 },
 "efficiency": 1.5555125656387552,
 "mean_payoff": {
  "boss": 1.5467545835181307,
  "W1": 0.004378991060300614,
  "W2": 0.0043789910603006165
 },
 "dwell_events": {
  "fair": 60.626588512803906,
  "intermediate": 167.97791523906224,
  "zero wage": 815.6037284540877,
  "strike": 168.6232826833214,
  "scab split": 248.13133792138657,
  "repression:strike": 24.138026313784774,
  "repression:source": null
 },
 "time_s": 5122.481331348419
}
