  [noquorum N=1000 hybrid] round 0: core 144, ring 1002, ring mass 1.544e-01, cut rel 7.85e-01, outcome-changing cut rel 7.95e-01, promoted 738, new 3336, 0s
  [noquorum N=1000 hybrid] round 1: core 882, ring 3600, ring mass 5.760e-02, cut rel 6.08e-01, outcome-changing cut rel 6.22e-01, promoted 122, new 1024, 8s
  [noquorum N=1000 hybrid] round 2: core 1004, ring 4502, ring mass 1.846e-03, cut rel 7.94e-03, outcome-changing cut rel 4.63e-03, promoted 4, new 2, 19s
  [noquorum N=1000 hybrid] round 3: core 1008, ring 4500, ring mass 1.803e-03, cut rel 7.93e-03, outcome-changing cut rel 4.62e-03, promoted 0, new 0, 25s
explored 5508 states in 25s
{
 "arm": "noquorum",
 "c": 0.1,
 "N": 1000.0,
 "states": 5508,
 "rel_cut_change": 0.004624396208828704,
 "summary": {
  "fair": 0.0029580860251856855,
  "intermediate": 0.012958834688772482,
  "zero wage": 0.48832918659819113,
  "strike": 0.12162216787437144,
  "scab split": 0.3740572050483137,
  "repression:strike": 7.451976516568957e-05,
  "repression:source": 0.0
 },
 "efficiency": 1.3825419676960933,
 "mean_payoff": {
  "boss": 1.3728099214305476,
  "W1": 0.004866023132778575,
  "W2": 0.004866023132778574
 },
 "dwell_events": {
  "fair": 451.9280677877328,
  "intermediate": 1010.771340762324,
  "zero wage": 5944.283328486479,
  "strike": 1976.6828038835552,
  "scab split": 2644.548247431937,
  "repression:strike": 20.727813242609166,
  "repression:source": null
 },
 "time_s": 25.568992137908936
}
