quorum 0.5 1000 rc 0
quorum 0.5 10000 rc 0
quorum 0 1000 rc 0
quorum 0.5 100 rc 0
quorum 0 10000 rc 0
quorum 0.1 1000 rc 0
quorum 0.1 10000 rc 0
quorum 0.1 100 rc 0
noquorum 0.5 1000 rc 0
noquorum 0.5 10000 rc 0
noquorum 0.5 100 rc 0
quorum 0 100 rc 0
noquorum 0 1000 rc 0
noquorum 0 10000 rc 0
noquorum 0.1 1000 rc 0
noquorum 0.1 10000 rc 0
blind 0.5 100 rc 0
noquorum 0.1 100 rc 0
blind 0.5 1000 rc 0
blind 0.5 10000 rc 0
blind 0 1000 rc 0
blind 0 10000 rc 0
noquorum 0 100 rc 0
blind 0 100 rc 0
blind 0.1 1000 rc 0
blind 0.1 10000 rc 0
blind 0.1 100 rc 0
all done
