abm_c0.5_low_s1 time 4s {'fair': 0.036, 'intermediate': 0.023, 'zero wage': 0.502, 'strike': 0.082, 'scab split': 0.354, 'repression:strike': 0.002, 'repression:source': 0.0}  rc 0
abm_c0.5_low_s2 time 4s {'fair': 0.022, 'intermediate': 0.017, 'zero wage': 0.376, 'strike': 0.161, 'scab split': 0.423, 'repression:strike': 0.002, 'repression:source': 0.0}  rc 0
abm_c0.5_low_s0 time 4s {'fair': 0.014, 'intermediate': 0.018, 'zero wage': 0.237, 'strike': 0.237, 'scab split': 0.493, 'repression:strike': 0.001, 'repression:source': 0.0}  rc 0
abm_c0.5_fair_s1 time 3s {'fair': 0.047, 'intermediate': 0.003, 'zero wage': 0.546, 'strike': 0.073, 'scab split': 0.33, 'repression:strike': 0.002, 'repression:source': 0.0}  rc 0
abm_c0.5_fair_s0 time 3s {'fair': 0.02, 'intermediate': 0.018, 'zero wage': 0.234, 'strike': 0.229, 'scab split': 0.498, 'repression:strike': 0.001, 'repression:source': 0.0}  rc 0
abm_c0.5_fair_s2 time 3s {'fair': 0.021, 'intermediate': 0.018, 'zero wage': 0.447, 'strike': 0.164, 'scab split': 0.348, 'repression:strike': 0.002, 'repression:source': 0.0}  rc 0
abm_c0_low_s0 time 3s {'fair': 0.001, 'intermediate': 0.002, 'zero wage': 0.56, 'strike': 0.069, 'scab split': 0.354, 'repression:strike': 0.013, 'repression:source': 0.0}  rc 0
abm_c0_low_s1 time 3s {'fair': 0.001, 'intermediate': 0.002, 'zero wage': 0.646, 'strike': 0.079, 'scab split': 0.264, 'repression:strike': 0.008, 'repression:source': 0.0}  rc 0
abm_c0_low_s2 time 3s {'fair': 0.02, 'intermediate': 0.048, 'zero wage': 0.526, 'strike': 0.083, 'scab split': 0.314, 'repression:strike': 0.009, 'repression:source': 0.0}  rc 0
abm_c0_fair_s0 time 3s {'fair': 0.007, 'intermediate': 0.008, 'zero wage': 0.55, 'strike': 0.077, 'scab split': 0.342, 'repression:strike': 0.015, 'repression:source': 0.001}  rc 0
abm_c0_fair_s1 time 3s {'fair': 0.042, 'intermediate': 0.016, 'zero wage': 0.648, 'strike': 0.046, 'scab split': 0.242, 'repression:strike': 0.006, 'repression:source': 0.0}  rc 0
abm_c0_fair_s2 time 3s {'fair': 0.021, 'intermediate': 0.091, 'zero wage': 0.502, 'strike': 0.077, 'scab split': 0.295, 'repression:strike': 0.013, 'repression:source': 0.0}  rc 0
abm_c0.1_low_s1 time 3s {'fair': 0.001, 'intermediate': 0.016, 'zero wage': 0.564, 'strike': 0.107, 'scab split': 0.308, 'repression:strike': 0.005, 'repression:source': 0.0}  rc 0
abm_c0.1_low_s0 time 3s {'fair': 0.013, 'intermediate': 0.016, 'zero wage': 0.261, 'strike': 0.239, 'scab split': 0.466, 'repression:strike': 0.005, 'repression:source': 0.0}  rc 0
abm_c0.1_low_s2 time 3s {'fair': 0.023, 'intermediate': 0.093, 'zero wage': 0.34, 'strike': 0.137, 'scab split': 0.404, 'repression:strike': 0.004, 'repression:source': 0.0}  rc 0
abm_c0.1_fair_s0 time 3s {'fair': 0.019, 'intermediate': 0.019, 'zero wage': 0.281, 'strike': 0.217, 'scab split': 0.459, 'repression:strike': 0.005, 'repression:source': 0.001}  rc 0
abm_c0.1_fair_s1 time 3s {'fair': 0.047, 'intermediate': 0.005, 'zero wage': 0.584, 'strike': 0.059, 'scab split': 0.301, 'repression:strike': 0.004, 'repression:source': 0.0}  rc 0
abm_c0.1_fair_s2 time 3s {'fair': 0.021, 'intermediate': 0.095, 'zero wage': 0.428, 'strike': 0.121, 'scab split': 0.33, 'repression:strike': 0.005, 'repression:source': 0.0}  rc 0
islands_c0.5_low_s0_wg0-0-0 time 85s {'fair': 0.001, 'intermediate': 0.012, 'zero wage': 0.507, 'strike': 0.082, 'scab split': 0.396, 'repression:strike': 0.002, 'repression:source': 0.0}  rc 0
islands_c0.5_low_s2_wg0-0-0 time 86s {'fair': 0.001, 'intermediate': 0.014, 'zero wage': 0.472, 'strike': 0.108, 'scab split': 0.404, 'repression:strike': 0.002, 'repression:source': 0.0}  rc 0
islands_c0.5_low_s1_wg0-0-0 time 86s {'fair': 0.002, 'intermediate': 0.002, 'zero wage': 0.475, 'strike': 0.109, 'scab split': 0.41, 'repression:strike': 0.002, 'repression:source': 0.0}  rc 0
islands_c0.5_low_s0_wg10-0-0 time 78s {'fair': 0.001, 'intermediate': 0.003, 'zero wage': 0.675, 'strike': 0.071, 'scab split': 0.247, 'repression:strike': 0.003, 'repression:source': 0.0}  rc 0
islands_c0.5_low_s2_wg10-0-0 time 78s {'fair': 0.001, 'intermediate': 0.002, 'zero wage': 0.723, 'strike': 0.049, 'scab split': 0.222, 'repression:strike': 0.003, 'repression:source': 0.0}  rc 0
islands_c0.5_low_s1_wg10-0-0 time 78s {'fair': 0.001, 'intermediate': 0.003, 'zero wage': 0.634, 'strike': 0.081, 'scab split': 0.278, 'repression:strike': 0.003, 'repression:source': 0.0}  rc 0
islands_c0.5_low_s0_wg10-10-10 time 78s {'fair': 0.001, 'intermediate': 0.017, 'zero wage': 0.819, 'strike': 0.021, 'scab split': 0.139, 'repression:strike': 0.003, 'repression:source': 0.0}  rc 0
islands_c0.5_low_s2_wg10-10-10 time 79s {'fair': 0.001, 'intermediate': 0.032, 'zero wage': 0.731, 'strike': 0.038, 'scab split': 0.193, 'repression:strike': 0.004, 'repression:source': 0.0}  rc 0
islands_c0.5_low_s1_wg10-10-10 time 79s {'fair': 0.001, 'intermediate': 0.024, 'zero wage': 0.816, 'strike': 0.017, 'scab split': 0.138, 'repression:strike': 0.003, 'repression:source': 0.0}  rc 0
islands_c0_low_s0_wg0-0-0 time 70s {'fair': 0.001, 'intermediate': 0.002, 'zero wage': 0.935, 'strike': 0.007, 'scab split': 0.051, 'repression:strike': 0.004, 'repression:source': 0.0}  rc 0
islands_c0_low_s2_wg0-0-0 time 69s {'fair': 0.001, 'intermediate': 0.002, 'zero wage': 0.926, 'strike': 0.007, 'scab split': 0.06, 'repression:strike': 0.004, 'repression:source': 0.0}  rc 0
islands_c0_low_s1_wg0-0-0 time 73s {'fair': 0.001, 'intermediate': 0.003, 'zero wage': 0.855, 'strike': 0.014, 'scab split': 0.123, 'repression:strike': 0.004, 'repression:source': 0.0}  rc 0
islands_c0_low_s0_wg10-0-0 time 72s {'fair': 0.001, 'intermediate': 0.002, 'zero wage': 0.974, 'strike': 0.001, 'scab split': 0.017, 'repression:strike': 0.004, 'repression:source': 0.0}  rc 0
islands_c0_low_s1_wg10-0-0 time 73s {'fair': 0.001, 'intermediate': 0.002, 'zero wage': 0.972, 'strike': 0.0, 'scab split': 0.02, 'repression:strike': 0.004, 'repression:source': 0.0}  rc 0
islands_c0_low_s2_wg10-0-0 time 71s {'fair': 0.001, 'intermediate': 0.002, 'zero wage': 0.969, 'strike': 0.001, 'scab split': 0.022, 'repression:strike': 0.004, 'repression:source': 0.0}  rc 0
islands_c0_low_s0_wg10-10-10 time 73s {'fair': 0.001, 'intermediate': 0.002, 'zero wage': 0.976, 'strike': 0.001, 'scab split': 0.016, 'repression:strike': 0.004, 'repression:source': 0.0}  rc 0
islands_c0_low_s2_wg10-10-10 time 72s {'fair': 0.001, 'intermediate': 0.009, 'zero wage': 0.964, 'strike': 0.002, 'scab split': 0.021, 'repression:strike': 0.004, 'repression:source': 0.0}  rc 0
islands_c0_low_s1_wg10-10-10 time 74s {'fair': 0.001, 'intermediate': 0.003, 'zero wage': 0.961, 'strike': 0.002, 'scab split': 0.029, 'repression:strike': 0.004, 'repression:source': 0.0}  rc 0
all done
