  [quorum N=10000 hybrid] round 0: core 225, ring 458, ring mass 3.429e-01, cut rel 9.96e-01, outcome-changing cut rel 9.96e-01, promoted 364, new 4568, 1s
  [quorum N=10000 hybrid] round 1: core 589, ring 4662, ring mass 3.111e-02, cut rel 4.21e-01, outcome-changing cut rel 4.34e-01, promoted 318, new 480, 30s
  [quorum N=10000 hybrid] round 2: core 907, ring 4824, ring mass 1.740e-03, cut rel 1.76e-02, outcome-changing cut rel 1.37e-02, promoted 18, new 0, 70s
  [quorum N=10000 hybrid] round 3: core 925, ring 4806, ring mass 9.683e-04, cut rel 1.76e-02, outcome-changing cut rel 1.37e-02, promoted 0, new 0, 79s
explored 5731 states in 79s
{
 "arm": "quorum",
 "c": 0.1,
 "N": 10000.0,
 "states": 5731,
 "rel_cut_change": 0.013709047879103512,
 "summary": {
  "fair": 0.002335621259076064,
  "intermediate": 0.00903917560939095,
  "zero wage": 0.490850732681653,
  "strike": 0.12250276085056996,
  "scab split": 0.37526436667017465,
  "repression:strike": 7.341629581691976e-06,
  "repression:source": 1.2995537940441396e-09
 },
 "efficiency": 1.3797146921949661,
 "mean_payoff": {
  "boss": 1.372780500697648,
  "W1": 0.0034670957486280687,
  "W2": 0.0034670957486280674
 },
 "dwell_events": {
  "fair": 3541.021560802933,
  "intermediate": 6903.861455657458,
  "zero wage": 59284.14247749468,
  "strike": 19884.325148970085,
  "scab split": 26510.71060859084,
  "repression:strike": 20.851273248059627,
  "repression:source": 12.630679790865708
 },
 "time_s": 79.31675696372986
}
