  [quorum N=1000 hybrid] round 0: core 225, ring 1652, ring mass 1.682e-01, cut rel 8.23e-01, outcome-changing cut rel 8.33e-01, promoted 684, new 3195, 2s
  [quorum N=1000 hybrid] round 1: core 909, ring 4163, ring mass 5.604e-03, cut rel 9.24e-03, outcome-changing cut rel 6.55e-03, promoted 60, new 184, 18s
  [quorum N=1000 hybrid] round 2: core 969, ring 4287, ring mass 4.818e-03, cut rel 7.54e-03, outcome-changing cut rel 4.77e-03, promoted 8, new 0, 34s
  [quorum N=1000 hybrid] round 3: core 977, ring 4279, ring mass 4.737e-03, cut rel 7.54e-03, outcome-changing cut rel 4.77e-03, promoted 0, new 0, 49s
explored 5256 states in 49s
{
 "arm": "quorum",
 "c": 0.0,
 "N": 1000.0,
 "states": 5256,
 "rel_cut_change": 0.004771305891294038,
 "summary": {
  "fair": 0.002103453561381781,
  "intermediate": 0.010468192570683677,
  "zero wage": 0.6363170829165511,
  "strike": 0.07352045803927432,
  "scab split": 0.27706092004203636,
  "repression:strike": 0.0005280489604860553,
  "repression:source": 1.8439095866441057e-06
 },
 "efficiency": 1.5746789830347314,
 "mean_payoff": {
  "boss": 1.5676909624819644,
  "W1": 0.003494010276363543,
  "W2": 0.0034940102763635454
 },
 "dwell_events": {
  "fair": 338.0420385408849,
  "intermediate": 888.0343962849839,
  "zero wage": 8217.517002390434,
  "strike": 1612.6464514296997,
  "scab split": 2439.9744061777005,
  "repression:strike": 24.728673914819687,
  "repression:source": 11.859823709294304
 },
 "time_s": 49.69609999656677
}
