  [quorum N=100 hybrid] round 0: core 225, ring 4462, ring mass 1.113e-01, cut rel 7.21e-02, outcome-changing cut rel 7.48e-02, promoted 768, new 7259, 5s
  [quorum N=100 hybrid] round 1: core 993, ring 10953, ring mass 1.108e-02, cut rel 4.43e-03, outcome-changing cut rel 3.93e-03, promoted 16, new 1313, 90s
  [quorum N=100 hybrid] round 2: core 1009, ring 12250, ring mass 1.055e-02, cut rel 2.25e-03, outcome-changing cut rel 1.65e-03, promoted 0, new 12, 145s
explored 13259 states in 145s
{
 "arm": "quorum",
 "c": 0.5,
 "N": 100.0,
 "states": 13259,
 "rel_cut_change": 0.001651060189126149,
 "summary": {
  "fair": 0.004990064312396519,
  "intermediate": 0.022197393063465305,
  "zero wage": 0.4583299862542638,
  "strike": 0.12942339756549845,
  "scab split": 0.38489885429863135,
  "repression:strike": 0.00015910833151907357,
  "repression:source": 1.1961742255268849e-06
 },
 "efficiency": 1.3558542948384869,
 "mean_payoff": {
  "boss": 1.3366607307774656,
  "W1": 0.00959678203049553,
  "W2": 0.009596782030495523
 },
 "dwell_events": {
  "fair": 73.40621261065563,
  "intermediate": 176.72596967735558,
  "zero wage": 568.1940255885072,
  "strike": 208.6824368790527,
  "scab split": 272.4056277188643,
  "repression:strike": 17.947580933489924,
  "repression:source": 11.39927863235144
 },
 "time_s": 145.35682892799377
}
