  [quorum N=10000 hybrid] round 0: core 225, ring 458, ring mass 3.469e-01, cut rel 9.96e-01, outcome-changing cut rel 9.96e-01, promoted 364, new 4262, 0s
  [quorum N=10000 hybrid] round 1: core 589, ring 4356, ring mass 3.502e-02, cut rel 5.63e-01, outcome-changing cut rel 5.77e-01, promoted 338, new 460, 10s
  [quorum N=10000 hybrid] round 2: core 927, ring 4478, ring mass 1.724e-03, cut rel 1.78e-02, outcome-changing cut rel 1.39e-02, promoted 18, new 2, 26s
  [quorum N=10000 hybrid] round 3: core 945, ring 4462, ring mass 1.017e-03, cut rel 1.77e-02, outcome-changing cut rel 1.39e-02, promoted 2, new 0, 44s
  [quorum N=10000 hybrid] round 4: core 947, ring 4460, ring mass 9.357e-04, cut rel 1.77e-02, outcome-changing cut rel 1.39e-02, promoted 0, new 0, 53s
explored 5407 states in 53s
{
 "arm": "quorum",
 "c": 0.5,
 "N": 10000.0,
 "states": 5407,
 "rel_cut_change": 0.01387979266750437,
 "summary": {
  "fair": 0.0024756127772885324,
  "intermediate": 0.00924333603473665,
  "zero wage": 0.4783639698783213,
  "strike": 0.12547166172851404,
  "scab split": 0.3844437263209693,
  "repression:strike": 1.6929512380103258e-06,
  "repression:source": 3.089320747516359e-10
 },
 "efficiency": 1.3646087173789894,
 "mean_payoff": {
  "boss": 1.3574158006321508,
  "W1": 0.0035964583734143423,
  "W2": 0.003596458373414342
 },
 "dwell_events": {
  "fair": 3376.9726608217525,
  "intermediate": 6597.527746465648,
  "zero wage": 56947.10690795671,
  "strike": 19885.55124565644,
  "scab split": 26595.513776966163,
  "repression:strike": 20.38259635198811,
  "repression:source": 10.436400163082123
 },
 "time_s": 53.33757400512695
}
