  [quorum N=100 hybrid] round 0: core 225, ring 4834, ring mass 1.142e-01, cut rel 8.83e-02, outcome-changing cut rel 9.23e-02, promoted 716, new 7128, 6s
  [quorum N=100 hybrid] round 1: core 941, ring 11246, ring mass 1.066e-02, cut rel 4.72e-03, outcome-changing cut rel 4.31e-03, promoted 8, new 1059, 103s
  [quorum N=100 hybrid] round 2: core 949, ring 12297, ring mass 1.053e-02, cut rel 2.45e-03, outcome-changing cut rel 1.90e-03, promoted 8, new 20, 274s
  [quorum N=100 hybrid] round 3: core 957, ring 12309, ring mass 1.045e-02, cut rel 2.45e-03, outcome-changing cut rel 1.90e-03, promoted 0, new 0, 363s
explored 13266 states in 363s
{
 "arm": "quorum",
 "c": 0.0,
 "N": 100.0,
 "states": 13266,
 "rel_cut_change": 0.0018957661827681577,
 "summary": {
  "fair": 0.0036801471852308024,
  "intermediate": 0.01837170188972942,
  "zero wage": 0.6170621895062077,
  "strike": 0.07675006677560019,
  "scab split": 0.2788970525679391,
  "repression:strike": 0.005218482532316218,
  "repression:source": 2.0359542976782374e-05
 },
 "efficiency": 1.555513545232007,
 "mean_payoff": {
  "boss": 1.5466703052859638,
  "W1": 0.004421619973016442,
  "W2": 0.004421619973016438
 },
 "dwell_events": {
  "fair": 62.503719525070615,
  "intermediate": 167.62790382044616,
  "zero wage": 815.9585877462931,
  "strike": 168.74577212368857,
  "scab split": 248.54686496692088,
  "repression:strike": 24.15991841776087,
  "repression:source": 11.734764196843534
 },
 "time_s": 363.3820159435272
}
