  [quorum N=100 hybrid] round 0: core 225, ring 4668, ring mass 1.119e-01, cut rel 7.26e-02, outcome-changing cut rel 7.54e-02, promoted 744, new 7147, 15s
  [quorum N=100 hybrid] round 1: core 969, ring 11071, ring mass 1.070e-02, cut rel 4.85e-03, outcome-changing cut rel 4.37e-03, promoted 12, new 1338, 146s
  [quorum N=100 hybrid] round 2: core 981, ring 12397, ring mass 1.053e-02, cut rel 2.35e-03, outcome-changing cut rel 1.75e-03, promoted 0, new 26, 228s
explored 13378 states in 228s
{
 "arm": "quorum",
 "c": 0.1,
 "N": 100.0,
 "states": 13378,
 "rel_cut_change": 0.001750666293922344,
 "summary": {
  "fair": 0.004721308890355802,
  "intermediate": 0.02095115390971418,
  "zero wage": 0.4914403737513584,
  "strike": 0.12085435861475079,
  "scab split": 0.3608413360172963,
  "repression:strike": 0.0011854169790026451,
  "repression:source": 6.051837521697192e-06
 },
 "efficiency": 1.394914635877392,
 "mean_payoff": {
  "boss": 1.3781873607121082,
  "W1": 0.008363637582642228,
  "W2": 0.008363637582642231
 },
 "dwell_events": {
  "fair": 79.01310183932046,
  "intermediate": 183.77509878280392,
  "zero wage": 623.8423621593771,
  "strike": 207.05397394331504,
  "scab split": 266.6521773092673,
  "repression:strike": 21.020596727345673,
  "repression:source": 11.730338547257118
 },
 "time_s": 229.07273077964783
}
