  [quorum N=1000 hybrid] round 0: core 225, ring 1020, ring mass 1.564e-01, cut rel 7.84e-01, outcome-changing cut rel 7.95e-01, promoted 750, new 3520, 1s
  [quorum N=1000 hybrid] round 1: core 975, ring 3790, ring mass 5.727e-02, cut rel 6.05e-01, outcome-changing cut rel 6.20e-01, promoted 124, new 1080, 23s
  [quorum N=1000 hybrid] round 2: core 1099, ring 4746, ring mass 1.844e-03, cut rel 8.51e-03, outcome-changing cut rel 4.92e-03, promoted 4, new 2, 55s
  [quorum N=1000 hybrid] round 3: core 1103, ring 4744, ring mass 1.801e-03, cut rel 8.50e-03, outcome-changing cut rel 4.91e-03, promoted 0, new 0, 72s
explored 5847 states in 72s
{
 "arm": "quorum",
 "c": 0.1,
 "N": 1000.0,
 "states": 5847,
 "rel_cut_change": 0.004908736608822238,
 "summary": {
  "fair": 0.0031606019880083165,
  "intermediate": 0.012870101439780297,
  "zero wage": 0.48835965754913435,
  "strike": 0.12163920769998911,
  "scab split": 0.37389585800165953,
  "repression:strike": 7.438223358392069e-05,
  "repression:source": 1.9108784433454227e-07
 },
 "efficiency": 1.3826692819816937,
 "mean_payoff": {
  "boss": 1.3727800522716678,
  "W1": 0.004944614855002169,
  "W2": 0.0049446148550021714
 },
 "dwell_events": {
  "fair": 481.90583948686896,
  "intermediate": 1006.6103575993503,
  "zero wage": 5958.25833954992,
  "strike": 1980.5918917744177,
  "scab split": 2651.3848513368043,
  "repression:strike": 20.76788803707842,
  "repression:source": 11.447567020024238
 },
 "time_s": 72.85786199569702
}
