  [quorum N=10000 hybrid] round 0: core 225, ring 460, ring mass 3.025e-01, cut rel 9.95e-01, outcome-changing cut rel 9.95e-01, promoted 366, new 4088, 1s
  [quorum N=10000 hybrid] round 1: core 591, ring 4182, ring mass 2.342e-02, cut rel 6.14e-01, outcome-changing cut rel 6.29e-01, promoted 286, new 522, 17s
  [quorum N=10000 hybrid] round 2: core 877, ring 4418, ring mass 1.240e-03, cut rel 1.84e-02, outcome-changing cut rel 1.46e-02, promoted 20, new 4, 59s
  [quorum N=10000 hybrid] round 3: core 897, ring 4402, ring mass 7.055e-04, cut rel 1.83e-02, outcome-changing cut rel 1.44e-02, promoted 0, new 0, 72s
explored 5299 states in 72s
{
 "arm": "quorum",
 "c": 0.0,
 "N": 10000.0,
 "states": 5299,
 "rel_cut_change": 0.014446911580899939,
 "summary": {
  "fair": 0.0014297950101376633,
  "intermediate": 0.007261872756634534,
  "zero wage": 0.6371273425764703,
  "strike": 0.07480110510776447,
  "scab split": 0.2793270172785198,
  "repression:strike": 5.276555708591813e-05,
  "repression:source": 1.0171338732312175e-07
 },
 "efficiency": 1.5709490469703777,
 "mean_payoff": {
  "boss": 1.5659100814260305,
  "W1": 0.0025194827721729232,
  "W2": 0.0025194827721729224
 },
 "dwell_events": {
  "fair": 2305.1268857410555,
  "intermediate": 6072.567579961086,
  "zero wage": 81519.69571795838,
  "strike": 16280.419986555093,
  "scab split": 24440.935681741714,
  "repression:strike": 25.104058457764058,
  "repression:source": 11.654232589354113
 },
 "time_s": 73.34533762931824
}
