(16, 16) sound bad 0 / 1035, 43s
(10, 16) sound bad 0 / 2127, 541s
(6, 16) sound bad 0 / 1745, 536s
(10, 10) sound bad 0 / 894, 41s
Process SpawnPoolWorker-1:
Traceback (most recent call last):
  File "/Users/jstav/anaconda3/lib/python3.11/multiprocessing/pool.py", line 131, in worker
    put((job, i, result))
  File "/Users/jstav/anaconda3/lib/python3.11/multiprocessing/queues.py", line 377, in put
    self._writer.send_bytes(obj)
  File "/Users/jstav/anaconda3/lib/python3.11/multiprocessing/connection.py", line 199, in send_bytes
    self._send_bytes(m[offset:offset + size])
  File "/Users/jstav/anaconda3/lib/python3.11/multiprocessing/connection.py", line 410, in _send_bytes
    self._send(header + buf)
  File "/Users/jstav/anaconda3/lib/python3.11/multiprocessing/connection.py", line 367, in _send
    n = write(self._handle, buf)
        ^^^^^^^^^^^^^^^^^^^^^^^^
BrokenPipeError: [Errno 32] Broken pipe

During handling of the above exception, another exception occurred:

Traceback (most recent call last):
  File "/Users/jstav/anaconda3/lib/python3.11/multiprocessing/process.py", line 314, in _bootstrap
    self.run()
  File "/Users/jstav/anaconda3/lib/python3.11/multiprocessing/process.py", line 108, in run
    self._target(*self._args, **self._kwargs)
  File "/Users/jstav/anaconda3/lib/python3.11/multiprocessing/pool.py", line 136, in worker
    put((job, i, (False, wrapped)))
  File "/Users/jstav/anaconda3/lib/python3.11/multiprocessing/queues.py", line 377, in put
    self._writer.send_bytes(obj)
  File "/Users/jstav/anaconda3/lib/python3.11/multiprocessing/connection.py", line 199, in send_bytes
    self._send_bytes(m[offset:offset + size])
  File "/Users/jstav/anaconda3/lib/python3.11/multiprocessing/connection.py", line 410, in _send_bytes
    self._send(header + buf)
  File "/Users/jstav/anaconda3/lib/python3.11/multiprocessing/connection.py", line 367, in _send
    n = write(self._handle, buf)
        ^^^^^^^^^^^^^^^^^^^^^^^^
BrokenPipeError: [Errno 32] Broken pipe
Process SpawnPoolWorker-2:
Traceback (most recent call last):
  File "/Users/jstav/anaconda3/lib/python3.11/multiprocessing/pool.py", line 131, in worker
    put((job, i, result))
  File "/Users/jstav/anaconda3/lib/python3.11/multiprocessing/queues.py", line 377, in put
    self._writer.send_bytes(obj)
  File "/Users/jstav/anaconda3/lib/python3.11/multiprocessing/connection.py", line 199, in send_bytes
    self._send_bytes(m[offset:offset + size])
  File "/Users/jstav/anaconda3/lib/python3.11/multiprocessing/connection.py", line 410, in _send_bytes
    self._send(header + buf)
  File "/Users/jstav/anaconda3/lib/python3.11/multiprocessing/connection.py", line 367, in _send
    n = write(self._handle, buf)
        ^^^^^^^^^^^^^^^^^^^^^^^^
BrokenPipeError: [Errno 32] Broken pipe

During handling of the above exception, another exception occurred:

Traceback (most recent call last):
  File "/Users/jstav/anaconda3/lib/python3.11/multiprocessing/process.py", line 314, in _bootstrap
    self.run()
  File "/Users/jstav/anaconda3/lib/python3.11/multiprocessing/process.py", line 108, in run
    self._target(*self._args, **self._kwargs)
  File "/Users/jstav/anaconda3/lib/python3.11/multiprocessing/pool.py", line 136, in worker
    put((job, i, (False, wrapped)))
  File "/Users/jstav/anaconda3/lib/python3.11/multiprocessing/queues.py", line 377, in put
    self._writer.send_bytes(obj)
  File "/Users/jstav/anaconda3/lib/python3.11/multiprocessing/connection.py", line 199, in send_bytes
    self._send_bytes(m[offset:offset + size])
  File "/Users/jstav/anaconda3/lib/python3.11/multiprocessing/connection.py", line 410, in _send_bytes
    self._send(header + buf)
  File "/Users/jstav/anaconda3/lib/python3.11/multiprocessing/connection.py", line 367, in _send
    n = write(self._handle, buf)
        ^^^^^^^^^^^^^^^^^^^^^^^^
BrokenPipeError: [Errno 32] Broken pipe
/Users/jstav/anaconda3/lib/python3.11/multiprocessing/resource_tracker.py:224: UserWarning: resource_tracker: There appear to be 6 leaked semaphore objects to clean up at shutdown
  warnings.warn('resource_tracker: There appear to be %d '
