free 1 efficient certified-frozen 2s
free 0 efficient certified-frozen 3s
free 2 efficient certified-frozen 0s
free 4 efficient certified-frozen 0s
free 3 efficient certified-frozen 0s
free 5 efficient certified-frozen 0s
free 6 efficient certified-frozen 0s
free 7 efficient certified-frozen 0s
free 8 efficient certified-frozen 0s
free 10 efficient certified-frozen 0s
free 9 efficient certified-frozen 0s
free 12 efficient certified-frozen 0s
free 11 efficient certified-frozen 0s
free 13 efficient certified-frozen 0s
free 14 efficient certified-frozen 0s
free 15 efficient certified-frozen 0s
free 16 efficient certified-frozen 0s
free 17 efficient certified-frozen 0s
free 18 efficient certified-frozen 0s
free 19 efficient certified-frozen 0s
K b=4 1 efficient certified-frozen 0s
K b=4 2 efficient certified-frozen 0s
K b=4 3 efficient certified-frozen 1s
K b=4 4 efficient certified-frozen 0s
K b=4 5 efficient certified-frozen 0s
K b=4 0 efficient certified-separated 4s
K b=4 7 efficient certified-frozen 0s
K b=4 8 efficient certified-separated 4s
K b=4 9 efficient certified-frozen 0s
K b=4 10 efficient certified-frozen 0s
K b=4 6 efficient certified-frozen 7s
K b=4 12 efficient certified-frozen 0s
K b=4 11 efficient certified-separated 2s
K b=4 13 efficient certified-separated 7s
K b=4 15 efficient certified-frozen 0s
K b=4 14 efficient certified-separated 10s
K b=4 16 efficient certified-separated 14s
K b=4 18 efficient certified-separated 3s
K b=4 19 efficient certified-frozen 0s
K b=16 0 efficient certified-frozen 0s
K b=16 1 efficient certified-frozen 0s
K b=16 2 efficient certified-frozen 0s
K b=16 3 efficient certified-frozen 0s
K b=16 4 efficient certified-frozen 0s
K b=16 5 efficient certified-frozen 0s
K b=16 6 efficient certified-frozen 0s
K b=16 7 efficient certified-frozen 0s
K b=16 8 efficient certified-frozen 0s
K b=16 9 efficient certified-frozen 0s
K b=16 10 efficient certified-frozen 0s
K b=16 11 efficient certified-frozen 0s
K b=16 12 efficient certified-frozen 0s
K b=16 13 efficient certified-frozen 0s
K b=16 14 efficient certified-frozen 0s
K b=16 15 efficient certified-frozen 0s
K b=16 16 efficient certified-frozen 0s
K b=16 17 efficient certified-frozen 0s
K b=16 18 efficient certified-frozen 0s
K b=16 19 efficient certified-frozen 0s
K b=4 17 efficient certified-separated 19s
free     efficient 20/20 [0.84, 1.00], unresolved 0
K b=4    efficient 20/20 [0.84, 1.00], unresolved 0
K b=16   efficient 20/20 [0.84, 1.00], unresolved 0
